Archive member included to satisfy reference by file (symbol)

.\CortexM0\ARM_GCC_541\Debug\AS7262_psoc4.a(I2C.o)
                              .\CortexM0\ARM_GCC_541\Debug\main.o (I2C_Start)
.\CortexM0\ARM_GCC_541\Debug\AS7262_psoc4.a(I2C_I2C.o)
                              .\CortexM0\ARM_GCC_541\Debug\AS7262_psoc4.a(I2C.o) (I2C_I2CInit)
.\CortexM0\ARM_GCC_541\Debug\AS7262_psoc4.a(I2C_I2C_MASTER.o)
                              .\CortexM0\ARM_GCC_541\Debug\AS7262_psoc4.a(I2C_I2C.o) (I2C_mstrRdBufIndex)
.\CortexM0\ARM_GCC_541\Debug\AS7262_psoc4.a(UART.o)
                              .\CortexM0\ARM_GCC_541\Debug\usb_psoc4.o (UART_Start)
.\CortexM0\ARM_GCC_541\Debug\AS7262_psoc4.a(UART_SPI_UART.o)
                              .\CortexM0\ARM_GCC_541\Debug\usb_psoc4.o (UART_SpiUartWriteTxData)
.\CortexM0\ARM_GCC_541\Debug\AS7262_psoc4.a(UART_UART.o)
                              .\CortexM0\ARM_GCC_541\Debug\AS7262_psoc4.a(UART.o) (UART_UartInit)
.\CortexM0\ARM_GCC_541\Debug\AS7262_psoc4.a(CyLib.o)
                              .\CortexM0\ARM_GCC_541\Debug\cyfitter_cfg.o (CyIntEnable)
.\CortexM0\ARM_GCC_541\Debug\AS7262_psoc4.a(CyLFClk.o)
                              .\CortexM0\ARM_GCC_541\Debug\AS7262_psoc4.a(CyLib.o) (CySysClkWcoEnabled)
.\CortexM0\ARM_GCC_541\Debug\AS7262_psoc4.a(Red_LED.o)
                              .\CortexM0\ARM_GCC_541\Debug\main.o (Red_LED_Write)
.\CortexM0\ARM_GCC_541\Debug\AS7262_psoc4.a(Green_LED.o)
                              .\CortexM0\ARM_GCC_541\Debug\main.o (Green_LED_Write)
.\CortexM0\ARM_GCC_541\Debug\AS7262_psoc4.a(CyBootAsmGnu.o)
                              .\CortexM0\ARM_GCC_541\Debug\AS7262_psoc4.a(CyLib.o) (CyDelayCycles)
.\CortexM0\ARM_GCC_541\Debug\AS7262_psoc4.a(I2C_I2C_INT.o)
                              .\CortexM0\ARM_GCC_541\Debug\AS7262_psoc4.a(I2C_I2C.o) (I2C_I2C_ISR)
.\CortexM0\ARM_GCC_541\Debug\AS7262_psoc4.a(UART_SPI_UART_INT.o)
                              .\CortexM0\ARM_GCC_541\Debug\AS7262_psoc4.a(UART_UART.o) (UART_SPI_UART_ISR)
.\CortexM0\ARM_GCC_541\Debug\AS7262_psoc4.a(CyFlash.o)
                              .\CortexM0\ARM_GCC_541\Debug\AS7262_psoc4.a(CyLib.o) (CySysFlashSetWaitCycles)
c:/program files (x86)/cypress/psoc creator/4.1/psoc creator/import/gnu/arm/5.4.1/bin/../lib/gcc/arm-none-eabi/5.4.1/armv6-m\libgcc.a(_udivsi3.o)
                              .\CortexM0\ARM_GCC_541\Debug\AS7262_psoc4.a(CyLib.o) (__aeabi_uidiv)
c:/program files (x86)/cypress/psoc creator/4.1/psoc creator/import/gnu/arm/5.4.1/bin/../lib/gcc/arm-none-eabi/5.4.1/armv6-m\libgcc.a(_divsi3.o)
                              .\CortexM0\ARM_GCC_541\Debug\AS7262_psoc4.a(CyLFClk.o) (__aeabi_idiv)
c:/program files (x86)/cypress/psoc creator/4.1/psoc creator/import/gnu/arm/5.4.1/bin/../lib/gcc/arm-none-eabi/5.4.1/armv6-m\libgcc.a(_dvmd_tls.o)
                              c:/program files (x86)/cypress/psoc creator/4.1/psoc creator/import/gnu/arm/5.4.1/bin/../lib/gcc/arm-none-eabi/5.4.1/armv6-m\libgcc.a(_udivsi3.o) (__aeabi_idiv0)
c:/program files (x86)/cypress/psoc creator/4.1/psoc creator/import/gnu/arm/5.4.1/bin/../lib/gcc/arm-none-eabi/5.4.1/armv6-m\libgcc.a(_fixunsdfsi.o)
                              .\CortexM0\ARM_GCC_541\Debug\AS7262_psoc4.o (__aeabi_d2uiz)
c:/program files (x86)/cypress/psoc creator/4.1/psoc creator/import/gnu/arm/5.4.1/bin/../lib/gcc/arm-none-eabi/5.4.1/armv6-m\libgcc.a(muldf3.o)
                              .\CortexM0\ARM_GCC_541\Debug\AS7262_psoc4.o (__aeabi_dmul)
c:/program files (x86)/cypress/psoc creator/4.1/psoc creator/import/gnu/arm/5.4.1/bin/../lib/gcc/arm-none-eabi/5.4.1/armv6-m\libgcc.a(subdf3.o)
                              c:/program files (x86)/cypress/psoc creator/4.1/psoc creator/import/gnu/arm/5.4.1/bin/../lib/gcc/arm-none-eabi/5.4.1/armv6-m\libgcc.a(_fixunsdfsi.o) (__aeabi_dsub)
c:/program files (x86)/cypress/psoc creator/4.1/psoc creator/import/gnu/arm/5.4.1/bin/../lib/gcc/arm-none-eabi/5.4.1/armv6-m\libgcc.a(fixdfsi.o)
                              c:/program files (x86)/cypress/psoc creator/4.1/psoc creator/import/gnu/arm/5.4.1/bin/../lib/gcc/arm-none-eabi/5.4.1/armv6-m\libgcc.a(_fixunsdfsi.o) (__aeabi_d2iz)
c:/program files (x86)/cypress/psoc creator/4.1/psoc creator/import/gnu/arm/5.4.1/bin/../lib/gcc/arm-none-eabi/5.4.1/armv6-m\libgcc.a(floatsidf.o)
                              .\CortexM0\ARM_GCC_541\Debug\AS7262_psoc4.o (__aeabi_i2d)
c:/program files (x86)/cypress/psoc creator/4.1/psoc creator/import/gnu/arm/5.4.1/bin/../lib/gcc/arm-none-eabi/5.4.1/armv6-m\libgcc.a(_arm_cmpdf2.o)
                              c:/program files (x86)/cypress/psoc creator/4.1/psoc creator/import/gnu/arm/5.4.1/bin/../lib/gcc/arm-none-eabi/5.4.1/armv6-m\libgcc.a(_fixunsdfsi.o) (__aeabi_dcmpge)
c:/program files (x86)/cypress/psoc creator/4.1/psoc creator/import/gnu/arm/5.4.1/bin/../lib/gcc/arm-none-eabi/5.4.1/armv6-m\libgcc.a(_clzsi2.o)
[...]
Memory Configuration

Name             Origin             Length             Attributes
rom              0x00000000         0x00020000         xr
ram              0x20000000         0x00004000         xrw
*default*        0x00000000         0xffffffff

Linker script and memory map

LOAD c:/program files (x86)/cypress/psoc creator/4.1/psoc creator/import/gnu/arm/5.4.1/bin/../lib/gcc/arm-none-eabi/5.4.1/armv6-m/crti.o
LOAD c:/program files (x86)/cypress/psoc creator/4.1/psoc creator/import/gnu/arm/5.4.1/bin/../lib/gcc/arm-none-eabi/5.4.1/armv6-m/crtbegin.o
LOAD c:/program files (x86)/cypress/psoc creator/4.1/psoc creator/import/gnu/arm/5.4.1/bin/../lib/gcc/arm-none-eabi/5.4.1/../../../../arm-none-eabi/lib/armv6-m/crt0.o
START GROUP
LOAD .\CortexM0\ARM_GCC_541\Debug\main.o
LOAD .\CortexM0\ARM_GCC_541\Debug\i2c_functions.o
LOAD .\CortexM0\ARM_GCC_541\Debug\AS7262.o
LOAD .\CortexM0\ARM_GCC_541\Debug\usb_functions.o
LOAD .\CortexM0\ARM_GCC_541\Debug\usb_psoc4.o
LOAD .\CortexM0\ARM_GCC_541\Debug\AS7262_psoc4.o
LOAD .\CortexM0\ARM_GCC_541\Debug\cyfitter_cfg.o
LOAD .\CortexM0\ARM_GCC_541\Debug\cymetadata.o
LOAD .\CortexM0\ARM_GCC_541\Debug\Cm0Start.o
LOAD .\CortexM0\ARM_GCC_541\Debug\AS7262_psoc4.a
LOAD C:\Program Files (x86)\Cypress\PSoC Creator\4.1\PSoC Creator\psoc\content\cycomponentlibrary\CyComponentLibrary.cylib\CortexM0\ARM_GCC_541\Debug\CyComponentLibrary.a
END GROUP
START GROUP
LOAD c:/program files (x86)/cypress/psoc creator/4.1/psoc creator/import/gnu/arm/5.4.1/bin/../lib/gcc/arm-none-eabi/5.4.1/armv6-m\libgcc.a
LOAD c:/program files (x86)/cypress/psoc creator/4.1/psoc creator/import/gnu/arm/5.4.1/bin/../lib/gcc/arm-none-eabi/5.4.1/../../../../arm-none-eabi/lib/armv6-m\libg_nano.a
LOAD c:/program files (x86)/cypress/psoc creator/4.1/psoc creator/import/gnu/arm/5.4.1/bin/../lib/gcc/arm-none-eabi/5.4.1/../../../../arm-none-eabi/lib/armv6-m\libc_nano.a
END GROUP
START GROUP
LOAD c:/program files (x86)/cypress/psoc creator/4.1/psoc creator/import/gnu/arm/5.4.1/bin/../lib/gcc/arm-none-eabi/5.4.1/armv6-m\libgcc.a
LOAD c:/program files (x86)/cypress/psoc creator/4.1/psoc creator/import/gnu/arm/5.4.1/bin/../lib/gcc/arm-none-eabi/5.4.1/../../../../arm-none-eabi/lib/armv6-m\libc_nano.a
END GROUP
LOAD c:/program files (x86)/cypress/psoc creator/4.1/psoc creator/import/gnu/arm/5.4.1/bin/../lib/gcc/arm-none-eabi/5.4.1/armv6-m/crtend.o
LOAD c:/program files (x86)/cypress/psoc creator/4.1/psoc creator/import/gnu/arm/5.4.1/bin/../lib/gcc/arm-none-eabi/5.4.1/armv6-m/crtn.o
START GROUP
LOAD c:/program files (x86)/cypress/psoc creator/4.1/psoc creator/import/gnu/arm/5.4.1/bin/../lib/gcc/arm-none-eabi/5.4.1/armv6-m\libgcc.a
LOAD c:/program files (x86)/cypress/psoc creator/4.1/psoc creator/import/gnu/arm/5.4.1/bin/../lib/gcc/arm-none-eabi/5.4.1/../../../../arm-none-eabi/lib/armv6-m\libc.a
LOAD c:/program files (x86)/cypress/psoc creator/4.1/psoc creator/import/gnu/arm/5.4.1/bin/../lib/gcc/arm-none-eabi/5.4.1/../../../../arm-none-eabi/lib/armv6-m\libnosys.a
END GROUP
                0x00000000                CY_APPL_ORIGIN = 0x0
                0x00000080                CY_FLASH_ROW_SIZE = 0x80
                0x00000001                CY_APPL_NUM = 0x1
                0x00000001                CY_APPL_MAX = 0x1
                0x00000040                CY_METADATA_SIZE = 0x40
                0x00000000                CY_APPL_LOADABLE = 0x0
                0x00000000                CY_CHECKSUM_EXCLUDE_SIZE = ALIGN (0x0, CY_FLASH_ROW_SIZE)
                0x00000000                CY_APP_FOR_STACK_AND_COPIER = 0x0
                [!provide]                PROVIDE (__cy_heap_start, _end)
                0x00000001                PROVIDE (__cy_region_num, ((__cy_regions_end - __cy_regions) / 0x10))
                0x20004000                PROVIDE (__cy_stack, (ORIGIN (ram) + LENGTH (ram)))
                [!provide]                PROVIDE (__cy_heap_end, (__cy_stack - 0x800))

.cybootloader   0x00000000        0x0
 *(.cybootloader)
                0x00000000                appl1_start = CY_APPL_ORIGIN?CY_APPL_ORIGIN:ALIGN (CY_FLASH_ROW_SIZE)
                0x0000ff80                appl2_start = (appl1_start + ALIGN ((((LENGTH (rom) - appl1_start) - (0x2 * CY_FLASH_ROW_SIZE)) / 0x2), CY_FLASH_ROW_SIZE))
                0x00000000                appl_start = (CY_APPL_NUM == 0x1)?appl1_start:appl2_start
                0x00000001                cy_project_type_bootloader = (appl_start == 0x0)?0x1:0x0
                0x00000000                cy_project_type_app_for_stack_and_copier = (CY_APP_FOR_STACK_AND_COPIER == 0x1)?0x1:0x0

.text           0x00000000     0x3012
 CREATE_OBJECT_SYMBOLS
                0x00000000                PROVIDE (__cy_interrupt_vector, RomVectors)
 *(.romvectors)
 .romvectors    0x00000000       0x10 .\CortexM0\ARM_GCC_541\Debug\Cm0Start.o
                0x00000000                RomVectors
                0x00000001                ASSERT ((. != __cy_interrupt_vector), No interrupt vector)
                0x00000001                ASSERT (CY_APPL_ORIGIN?(SIZEOF (.cybootloader) <= CY_APPL_ORIGIN):0x1, Wrong image location)
                0x00000010                PROVIDE (__cy_reset, Reset)
 *(.text.Reset)
 .text.Reset    0x00000010        0x8 .\CortexM0\ARM_GCC_541\Debug\Cm0Start.o
                0x00000010                Reset
                0x00000001                ASSERT ((. != __cy_reset), No reset code)
 *(.psocinit)
 .psocinit      0x00000018      0x170 .\CortexM0\ARM_GCC_541\Debug\cyfitter_cfg.o
                0x000000b0                cyfitter_cfg
                0x00000188                . = MAX (., 0x100)
 *(.text .text.* .gnu.linkonce.t.*)
 .text          0x00000188       0x60 c:/program files (x86)/cypress/psoc creator/4.1/psoc creator/import/gnu/arm/5.4.1/bin/../lib/gcc/arm-none-eabi/5.4.1/armv6-m/crtbegin.o
 .text.main     0x000001e8       0xd8 .\CortexM0\ARM_GCC_541\Debug\main.o
                0x000001e8                main
 .text.sensor_write
                0x000002c0       0x18 .\CortexM0\ARM_GCC_541\Debug\i2c_functions.o
 .text.sensor_read
                0x000002d8       0x50 .\CortexM0\ARM_GCC_541\Debug\i2c_functions.o
 .text.sensor_write8
                0x00000328        0xc .\CortexM0\ARM_GCC_541\Debug\i2c_functions.o
                0x00000328                sensor_write8
 .text.sensor_read8
                0x00000334       0x14 .\CortexM0\ARM_GCC_541\Debug\i2c_functions.o
                0x00000334                sensor_read8
 .text.USB_Start
                0x00000348        0x8 .\CortexM0\ARM_GCC_541\Debug\usb_psoc4.o
                0x00000348                USB_Start
 .text.USB_CheckInput
                0x00000350       0x4c .\CortexM0\ARM_GCC_541\Debug\usb_psoc4.o
                0x00000350                USB_CheckInput
 .text.USB_Export_Data
                0x0000039c       0x18 .\CortexM0\ARM_GCC_541\Debug\usb_psoc4.o
                0x0000039c                USB_Export_Data
 .text.I2C_AS7262_ReadRegister
                0x000003b4       0x20 .\CortexM0\ARM_GCC_541\Debug\AS7262_psoc4.o
                0x000003b4                I2C_AS7262_ReadRegister
 .text.I2C_AS7262_WriteRegister
                0x000003d4       0x18 .\CortexM0\ARM_GCC_541\Debug\AS7262_psoc4.o
                0x000003d4                I2C_AS7262_WriteRegister
 .text.I2C_AS7262_Read
                0x000003ec       0x48 .\CortexM0\ARM_GCC_541\Debug\AS7262_psoc4.o
                0x000003ec                I2C_AS7262_Read
 .text.AS7262_ReadAllData
                0x00000434       0x28 .\CortexM0\ARM_GCC_541\Debug\AS7262_psoc4.o
                0x00000434                AS7262_ReadAllData
 .text.I2C_AS7262_Write
                0x0000045c       0x34 .\CortexM0\ARM_GCC_541\Debug\AS7262_psoc4.o
                0x0000045c                I2C_AS7262_Write
 .text.update_control_reg_value
                0x00000490       0x24 .\CortexM0\ARM_GCC_541\Debug\AS7262_psoc4.o
                0x00000490                update_control_reg_value
 .text.update_LED_reg_value
                0x000004b4       0x28 .\CortexM0\ARM_GCC_541\Debug\AS7262_psoc4.o
                0x000004b4                update_LED_reg_value
 .text.AS7262_SingleRead
                0x000004dc       0x70 .\CortexM0\ARM_GCC_541\Debug\AS7262_psoc4.o
                0x000004dc                AS7262_SingleRead
 .text.hex_value_from_char
                0x0000054c       0x30 .\CortexM0\ARM_GCC_541\Debug\AS7262_psoc4.o
                0x0000054c                hex_value_from_char
 .text.convert_hex_string
                0x0000057c       0x1c .\CortexM0\ARM_GCC_541\Debug\AS7262_psoc4.o
                0x0000057c                convert_hex_string
 .text.ConvertDecimal
                0x00000598       0x24 .\CortexM0\ARM_GCC_541\Debug\AS7262_psoc4.o
                0x00000598                ConvertDecimal
 .text.AS7262_Commands
                0x000005bc      0x118 .\CortexM0\ARM_GCC_541\Debug\AS7262_psoc4.o
                0x000005bc                AS7262_Commands
 .text.AnalogSetDefault
                0x000006d4       0x20 .\CortexM0\ARM_GCC_541\Debug\cyfitter_cfg.o
 .text.CYMEMZERO
                0x000006f4        0xc .\CortexM0\ARM_GCC_541\Debug\cyfitter_cfg.o
 .text.IntDefaultHandler
                0x00000700       0x10 .\CortexM0\ARM_GCC_541\Debug\Cm0Start.o
                0x00000700                IntDefaultHandler
 .text._sbrk    0x00000710       0x34 .\CortexM0\ARM_GCC_541\Debug\Cm0Start.o
                0x00000710                _sbrk
 .text.Start_c  0x00000744       0x48 .\CortexM0\ARM_GCC_541\Debug\Cm0Start.o
                0x00000744                Start_c
 .text.initialize_psoc
                0x0000078c       0x4c .\CortexM0\ARM_GCC_541\Debug\Cm0Start.o
                0x0000078c                initialize_psoc
 .text.I2C_ScbEnableIntr
                0x000007d8        0xc .\CortexM0\ARM_GCC_541\Debug\AS7262_psoc4.a(I2C.o)
 .text.I2C_Init
                0x000007e4        0x8 .\CortexM0\ARM_GCC_541\Debug\AS7262_psoc4.a(I2C.o)
                0x000007e4                I2C_Init
 .text.I2C_Enable
                0x000007ec       0x18 .\CortexM0\ARM_GCC_541\Debug\AS7262_psoc4.a(I2C.o)
                0x000007ec                I2C_Enable
 .text.I2C_Start
                0x00000804       0x20 .\CortexM0\ARM_GCC_541\Debug\AS7262_psoc4.a(I2C.o)
                0x00000804                I2C_Start
 .text.I2C_I2CInit
                0x00000824       0xbc .\CortexM0\ARM_GCC_541\Debug\AS7262_psoc4.a(I2C_I2C.o)
                0x00000824                I2C_I2CInit
 .text.I2C_I2CMasterClearReadBuf
                0x000008e0       0x28 .\CortexM0\ARM_GCC_541\Debug\AS7262_psoc4.a(I2C_I2C_MASTER.o)
                0x000008e0                I2C_I2CMasterClearReadBuf
 .text.I2C_I2CMasterClearWriteBuf
                0x00000908       0x28 .\CortexM0\ARM_GCC_541\Debug\AS7262_psoc4.a(I2C_I2C_MASTER.o)
                0x00000908                I2C_I2CMasterClearWriteBuf
 .text.I2C_I2CMasterStatus
                0x00000930       0x30 .\CortexM0\ARM_GCC_541\Debug\AS7262_psoc4.a(I2C_I2C_MASTER.o)
                0x00000930                I2C_I2CMasterStatus
 .text.I2C_I2CReStartGeneration
                0x00000960       0x20 .\CortexM0\ARM_GCC_541\Debug\AS7262_psoc4.a(I2C_I2C_MASTER.o)
                0x00000960                I2C_I2CReStartGeneration
 .text.I2C_I2CMasterWriteBuf
                0x00000980       0xec .\CortexM0\ARM_GCC_541\Debug\AS7262_psoc4.a(I2C_I2C_MASTER.o)
                0x00000980                I2C_I2CMasterWriteBuf
 .text.I2C_I2CMasterReadBuf
                0x00000a6c       0xfc .\CortexM0\ARM_GCC_541\Debug\AS7262_psoc4.a(I2C_I2C_MASTER.o)
                0x00000a6c                I2C_I2CMasterReadBuf
 .text.UART_ScbEnableIntr
                0x00000b68        0xc .\CortexM0\ARM_GCC_541\Debug\AS7262_psoc4.a(UART.o)
 .text.UART_ScbModePostEnable
                0x00000b74        0x8 .\CortexM0\ARM_GCC_541\Debug\AS7262_psoc4.a(UART.o)
 .text.UART_Init
                0x00000b7c        0x8 .\CortexM0\ARM_GCC_541\Debug\AS7262_psoc4.a(UART.o)
                0x00000b7c                UART_Init
 .text.UART_Enable
                0x00000b84       0x1c .\CortexM0\ARM_GCC_541\Debug\AS7262_psoc4.a(UART.o)
                0x00000b84                UART_Enable
 .text.UART_Start
                0x00000ba0       0x20 .\CortexM0\ARM_GCC_541\Debug\AS7262_psoc4.a(UART.o)
                0x00000ba0                UART_Start
 .text.UART_SpiUartReadRxData
                0x00000bc0       0x34 .\CortexM0\ARM_GCC_541\Debug\AS7262_psoc4.a(UART_SPI_UART.o)
                0x00000bc0                UART_SpiUartReadRxData
 .text.UART_SpiUartGetRxBufferSize
                0x00000bf4       0x28 .\CortexM0\ARM_GCC_541\Debug\AS7262_psoc4.a(UART_SPI_UART.o)
                0x00000bf4                UART_SpiUartGetRxBufferSize
 .text.UART_SpiUartWriteTxData
                0x00000c1c       0x70 .\CortexM0\ARM_GCC_541\Debug\AS7262_psoc4.a(UART_SPI_UART.o)
                0x00000c1c                UART_SpiUartWriteTxData
 .text.UART_UartInit
                0x00000c8c       0xe4 .\CortexM0\ARM_GCC_541\Debug\AS7262_psoc4.a(UART_UART.o)
                0x00000c8c                UART_UartInit
 .text.UART_UartPostEnable
                0x00000d70       0x24 .\CortexM0\ARM_GCC_541\Debug\AS7262_psoc4.a(UART_UART.o)
                0x00000d70                UART_UartPostEnable
 .text.UART_UartGetChar
                0x00000d94       0x2c .\CortexM0\ARM_GCC_541\Debug\AS7262_psoc4.a(UART_UART.o)
                0x00000d94                UART_UartGetChar
 .text.UART_UartPutString
                0x00000dc0       0x18 .\CortexM0\ARM_GCC_541\Debug\AS7262_psoc4.a(UART_UART.o)
                0x00000dc0                UART_UartPutString
 .text.CySysClkImoDisableWcoLock
                0x00000dd8       0x14 .\CortexM0\ARM_GCC_541\Debug\AS7262_psoc4.a(CyLib.o)
                0x00000dd8                CySysClkImoDisableWcoLock
 .text.CySysClkImoGetWcoLock
                0x00000dec       0x14 .\CortexM0\ARM_GCC_541\Debug\AS7262_psoc4.a(CyLib.o)
                0x00000dec                CySysClkImoGetWcoLock
 .text.CyIntEnable
                0x00000e00       0x14 .\CortexM0\ARM_GCC_541\Debug\AS7262_psoc4.a(CyLib.o)
                0x00000e00                CyIntEnable
 .text.CyIntDisable
                0x00000e14       0x14 .\CortexM0\ARM_GCC_541\Debug\AS7262_psoc4.a(CyLib.o)
                0x00000e14                CyIntDisable
 .text.CyHalt   0x00000e28        0x4 .\CortexM0\ARM_GCC_541\Debug\AS7262_psoc4.a(CyLib.o)
                0x00000e28                CyHalt
 .text.CyIntSetVector
                0x00000e2c       0x24 .\CortexM0\ARM_GCC_541\Debug\AS7262_psoc4.a(CyLib.o)
                0x00000e2c                CyIntSetVector
 .text.CyIntSetPriority
                0x00000e50       0x4c .\CortexM0\ARM_GCC_541\Debug\AS7262_psoc4.a(CyLib.o)
                0x00000e50                CyIntSetPriority
 .text.CyDelay  0x00000e9c       0x30 .\CortexM0\ARM_GCC_541\Debug\AS7262_psoc4.a(CyLib.o)
                0x00000e9c                CyDelay
 .text.CySysClkImoEnableWcoLock
                0x00000ecc       0xf0 .\CortexM0\ARM_GCC_541\Debug\AS7262_psoc4.a(CyLib.o)
                0x00000ecc                CySysClkImoEnableWcoLock
 .text.CySysClkWriteImoFreq
                0x00000fbc       0x80 .\CortexM0\ARM_GCC_541\Debug\AS7262_psoc4.a(CyLib.o)
                0x00000fbc                CySysClkWriteImoFreq
 .text.CySysWdtLocked
                0x0000103c       0x14 .\CortexM0\ARM_GCC_541\Debug\AS7262_psoc4.a(CyLFClk.o)
 .text.CySysClkWcoEnabled
                0x00001050       0x14 .\CortexM0\ARM_GCC_541\Debug\AS7262_psoc4.a(CyLFClk.o)
                0x00001050                CySysClkWcoEnabled
 .text.CySysWdtLock
                0x00001064       0x1c .\CortexM0\ARM_GCC_541\Debug\AS7262_psoc4.a(CyLFClk.o)
                0x00001064                CySysWdtLock
 .text.CySysWdtUnlock
                0x00001080       0x30 .\CortexM0\ARM_GCC_541\Debug\AS7262_psoc4.a(CyLFClk.o)
                0x00001080                CySysWdtUnlock
 .text.CySysWdtClearInterrupt
                0x000010b0       0x4c .\CortexM0\ARM_GCC_541\Debug\AS7262_psoc4.a(CyLFClk.o)
                0x000010b0                CySysWdtClearInterrupt
 .text.CySysWdtIsr
                0x000010fc       0xa4 .\CortexM0\ARM_GCC_541\Debug\AS7262_psoc4.a(CyLFClk.o)
                0x000010fc                CySysWdtIsr
 .text.Red_LED_Write
                0x000011a0       0x18 .\CortexM0\ARM_GCC_541\Debug\AS7262_psoc4.a(Red_LED.o)
                0x000011a0                Red_LED_Write
 .text.Green_LED_Write
                0x000011b8       0x18 .\CortexM0\ARM_GCC_541\Debug\AS7262_psoc4.a(Green_LED.o)
                0x000011b8                Green_LED_Write
 .text          0x000011d0       0x20 .\CortexM0\ARM_GCC_541\Debug\AS7262_psoc4.a(CyBootAsmGnu.o)
                0x000011d0                CyDelayCycles
                0x000011e2                CyEnterCriticalSection
                0x000011ea                CyExitCriticalSection
 .text.I2C_I2C_ISR
                0x000011f0      0x374 .\CortexM0\ARM_GCC_541\Debug\AS7262_psoc4.a(I2C_I2C_INT.o)
                0x000011f0                I2C_I2C_ISR
 .text.UART_SPI_UART_ISR
                0x00001564       0xe4 .\CortexM0\ARM_GCC_541\Debug\AS7262_psoc4.a(UART_SPI_UART_INT.o)
                0x00001564                UART_SPI_UART_ISR
 .text.CySysFlashSetWaitCycles
                0x00001648       0x54 .\CortexM0\ARM_GCC_541\Debug\AS7262_psoc4.a(CyFlash.o)
                0x00001648                CySysFlashSetWaitCycles
 .text          0x0000169c      0x114 c:/program files (x86)/cypress/psoc creator/4.1/psoc creator/import/gnu/arm/5.4.1/bin/../lib/gcc/arm-none-eabi/5.4.1/armv6-m\libgcc.a(_udivsi3.o)
                0x0000169c                __aeabi_uidiv
                0x0000169c                __udivsi3
                0x000017a8                __aeabi_uidivmod
 .text          0x000017b0        0x4 c:/program files (x86)/cypress/psoc creator/4.1/psoc creator/import/gnu/arm/5.4.1/bin/../lib/gcc/arm-none-eabi/5.4.1/armv6-m\libgcc.a(_dvmd_tls.o)
                0x000017b0                __aeabi_idiv0
                0x000017b0                __aeabi_ldiv0
 .text          0x000017b4       0x3c c:/program files (x86)/cypress/psoc creator/4.1/psoc creator/import/gnu/arm/5.4.1/bin/../lib/gcc/arm-none-eabi/5.4.1/armv6-m\libgcc.a(_fixunsdfsi.o)
                0x000017b4                __aeabi_d2uiz
                0x000017b4                __fixunsdfsi
 .text          0x000017f0      0x4f4 c:/program files (x86)/cypress/psoc creator/4.1/psoc creator/import/gnu/arm/5.4.1/bin/../lib/gcc/arm-none-eabi/5.4.1/armv6-m\libgcc.a(muldf3.o)
                0x000017f0                __aeabi_dmul
 .text          0x00001ce4      0x6a8 c:/program files (x86)/cypress/psoc creator/4.1/psoc creator/import/gnu/arm/5.4.1/bin/../lib/gcc/arm-none-eabi/5.4.1/armv6-m\libgcc.a(subdf3.o)
                0x00001ce4                __aeabi_dsub
 .text          0x0000238c       0x6c c:/program files (x86)/cypress/psoc creator/4.1/psoc creator/import/gnu/arm/5.4.1/bin/../lib/gcc/arm-none-eabi/5.4.1/armv6-m\libgcc.a(fixdfsi.o)
                0x0000238c                __aeabi_d2iz
 .text          0x000023f8       0x84 c:/program files (x86)/cypress/psoc creator/4.1/psoc creator/import/gnu/arm/5.4.1/bin/../lib/gcc/arm-none-eabi/5.4.1/armv6-m\libgcc.a(floatsidf.o)
                0x000023f8                __aeabi_i2d
 .text          0x0000247c       0x7c c:/program files (x86)/cypress/psoc creator/4.1/psoc creator/import/gnu/arm/5.4.1/bin/../lib/gcc/arm-none-eabi/5.4.1/armv6-m\libgcc.a(_arm_cmpdf2.o)
                0x0000247c                __aeabi_cdrcmple
                0x0000248c                __aeabi_cdcmple
                0x0000248c                __aeabi_cdcmpeq
                0x0000249c                __aeabi_dcmpeq
                0x000024a8                __aeabi_dcmplt
                0x000024bc                __aeabi_dcmple
                0x000024d0                __aeabi_dcmpgt
                0x000024e4                __aeabi_dcmpge
 .text          0x000024f8       0x3c c:/program files (x86)/cypress/psoc creator/4.1/psoc creator/import/gnu/arm/5.4.1/bin/../lib/gcc/arm-none-eabi/5.4.1/armv6-m\libgcc.a(_clzsi2.o)
                0x000024f8                __clzsi2
 .text          0x00002534       0x80 c:/program files (x86)/cypress/psoc creator/4.1/psoc creator/import/gnu/arm/5.4.1/bin/../lib/gcc/arm-none-eabi/5.4.1/armv6-m\libgcc.a(eqdf2.o)
                0x00002534                __nedf2
                0x00002534                __eqdf2
 .text          0x000025b4       0xc8 c:/program files (x86)/cypress/psoc creator/4.1/psoc creator/import/gnu/arm/5.4.1/bin/../lib/gcc/arm-none-eabi/5.4.1/armv6-m\libgcc.a(gedf2.o)
                0x000025b4                __gedf2
                0x000025b4                __gtdf2
 .text          0x0000267c       0xd4 c:/program files (x86)/cypress/psoc creator/4.1/psoc creator/import/gnu/arm/5.4.1/bin/../lib/gcc/arm-none-eabi/5.4.1/armv6-m\libgcc.a(ledf2.o)
                0x0000267c                __ledf2
                0x0000267c                __ltdf2
 .text.__errno  0x00002750        0xc c:/program files (x86)/cypress/psoc creator/4.1/psoc creator/import/gnu/arm/5.4.1/bin/../lib/gcc/arm-none-eabi/5.4.1/../../../../arm-none-eabi/lib/armv6-m\libg_nano.a(lib_a-errno.o)
                0x00002750                __errno
 .text.__libc_init_array
                0x0000275c       0x4c c:/program files (x86)/cypress/psoc creator/4.1/psoc creator/import/gnu/arm/5.4.1/bin/../lib/gcc/arm-none-eabi/5.4.1/../../../../arm-none-eabi/lib/armv6-m\libg_nano.a(lib_a-init.o)
                0x0000275c                __libc_init_array
 .text.memcpy   0x000027a8       0x12 c:/program files (x86)/cypress/psoc creator/4.1/psoc creator/import/gnu/arm/5.4.1/bin/../lib/gcc/arm-none-eabi/5.4.1/../../../../arm-none-eabi/lib/armv6-m\libg_nano.a(lib_a-memcpy-stub.o)
                0x000027a8                memcpy
 .text.memset   0x000027ba       0x10 c:/program files (x86)/cypress/psoc creator/4.1/psoc creator/import/gnu/arm/5.4.1/bin/../lib/gcc/arm-none-eabi/5.4.1/../../../../arm-none-eabi/lib/armv6-m\libg_nano.a(lib_a-memset.o)
                0x000027ba                memset
 *fill*         0x000027ca        0x2 
 .text.sprintf  0x000027cc       0x44 c:/program files (x86)/cypress/psoc creator/4.1/psoc creator/import/gnu/arm/5.4.1/bin/../lib/gcc/arm-none-eabi/5.4.1/../../../../arm-none-eabi/lib/armv6-m\libg_nano.a(lib_a-sprintf.o)
                0x000027cc                siprintf
                0x000027cc                sprintf
 .text.__ssputs_r
                0x00002810       0xc4 c:/program files (x86)/cypress/psoc creator/4.1/psoc creator/import/gnu/arm/5.4.1/bin/../lib/gcc/arm-none-eabi/5.4.1/../../../../arm-none-eabi/lib/armv6-m\libg_nano.a(lib_a-nano-svfprintf.o)
                0x00002810                __ssputs_r
 .text._svfprintf_r
                0x000028d4      0x1fc c:/program files (x86)/cypress/psoc creator/4.1/psoc creator/import/gnu/arm/5.4.1/bin/../lib/gcc/arm-none-eabi/5.4.1/../../../../arm-none-eabi/lib/armv6-m\libg_nano.a(lib_a-nano-svfprintf.o)
                0x000028d4                _svfiprintf_r
                0x000028d4                _svfprintf_r
 .text._printf_common
                0x00002ad0       0xdc c:/program files (x86)/cypress/psoc creator/4.1/psoc creator/import/gnu/arm/5.4.1/bin/../lib/gcc/arm-none-eabi/5.4.1/../../../../arm-none-eabi/lib/armv6-m\libg_nano.a(lib_a-nano-vfprintf_i.o)
                0x00002ad0                _printf_common
 .text._printf_i
                0x00002bac      0x244 c:/program files (x86)/cypress/psoc creator/4.1/psoc creator/import/gnu/arm/5.4.1/bin/../lib/gcc/arm-none-eabi/5.4.1/../../../../arm-none-eabi/lib/armv6-m\libg_nano.a(lib_a-nano-vfprintf_i.o)
                0x00002bac                _printf_i
 .text.memchr   0x00002df0       0x16 c:/program files (x86)/cypress/psoc creator/4.1/psoc creator/import/gnu/arm/5.4.1/bin/../lib/gcc/arm-none-eabi/5.4.1/../../../../arm-none-eabi/lib/armv6-m\libg_nano.a(lib_a-memchr-stub.o)
                0x00002df0                memchr
 .text.memmove  0x00002e06       0x2a c:/program files (x86)/cypress/psoc creator/4.1/psoc creator/import/gnu/arm/5.4.1/bin/../lib/gcc/arm-none-eabi/5.4.1/../../../../arm-none-eabi/lib/armv6-m\libg_nano.a(lib_a-memmove.o)
                0x00002e06                memmove
 .text._free_r  0x00002e30       0x98 c:/program files (x86)/cypress/psoc creator/4.1/psoc creator/import/gnu/arm/5.4.1/bin/../lib/gcc/arm-none-eabi/5.4.1/../../../../arm-none-eabi/lib/armv6-m\libg_nano.a(lib_a-nano-freer.o)
                0x00002e30                _free_r
 .text._malloc_r
                0x00002ec8       0xc0 c:/program files (x86)/cypress/psoc creator/4.1/psoc creator/import/gnu/arm/5.4.1/bin/../lib/gcc/arm-none-eabi/5.4.1/../../../../arm-none-eabi/lib/armv6-m\libg_nano.a(lib_a-nano-mallocr.o)
                0x00002ec8                _malloc_r
 .text._realloc_r
                0x00002f88       0x4c c:/program files (x86)/cypress/psoc creator/4.1/psoc creator/import/gnu/arm/5.4.1/bin/../lib/gcc/arm-none-eabi/5.4.1/../../../../arm-none-eabi/lib/armv6-m\libg_nano.a(lib_a-nano-reallocr.o)
                0x00002f88                _realloc_r
 .text._sbrk_r  0x00002fd4       0x24 c:/program files (x86)/cypress/psoc creator/4.1/psoc creator/import/gnu/arm/5.4.1/bin/../lib/gcc/arm-none-eabi/5.4.1/../../../../arm-none-eabi/lib/armv6-m\libg_nano.a(lib_a-sbrkr.o)
                0x00002fd4                _sbrk_r
 .text.__malloc_lock
                0x00002ff8        0x2 c:/program files (x86)/cypress/psoc creator/4.1/psoc creator/import/gnu/arm/5.4.1/bin/../lib/gcc/arm-none-eabi/5.4.1/../../../../arm-none-eabi/lib/armv6-m\libg_nano.a(lib_a-mlock.o)
                0x00002ff8                __malloc_lock
 .text.__malloc_unlock
                0x00002ffa        0x2 c:/program files (x86)/cypress/psoc creator/4.1/psoc creator/import/gnu/arm/5.4.1/bin/../lib/gcc/arm-none-eabi/5.4.1/../../../../arm-none-eabi/lib/armv6-m\libg_nano.a(lib_a-mlock.o)
                0x00002ffa                __malloc_unlock
 .text._malloc_usable_size_r
                0x00002ffc       0x16 c:/program files (x86)/cypress/psoc creator/4.1/psoc creator/import/gnu/arm/5.4.1/bin/../lib/gcc/arm-none-eabi/5.4.1/../../../../arm-none-eabi/lib/armv6-m\libg_nano.a(lib_a-nano-msizer.o)
                0x00002ffc                _malloc_usable_size_r
 *(.plt)
 *(.gnu.warning)
 *(.glue_7t)
 .glue_7t       0x00003012        0x0 linker stubs
 *(.glue_7)
 .glue_7        0x00003012        0x0 linker stubs
 *(.vfp11_veneer)
 .vfp11_veneer  0x00003012        0x0 linker stubs
 *(.bootloader)
 *(.ARM.extab* .gnu.linkonce.armextab.*)
 *(.gcc_except_table)

.v4_bx          0x00003014        0x0
 .v4_bx         0x00003014        0x0 linker stubs

.iplt           0x00003014        0x0
 .iplt          0x00003014        0x0 c:/program files (x86)/cypress/psoc creator/4.1/psoc creator/import/gnu/arm/5.4.1/bin/../lib/gcc/arm-none-eabi/5.4.1/armv6-m/crtbegin.o

.eh_frame_hdr
 *(.eh_frame_hdr)

.eh_frame       0x00003014        0x4
 *(.eh_frame)
 .eh_frame      0x00003014        0x0 c:/program files (x86)/cypress/psoc creator/4.1/psoc creator/import/gnu/arm/5.4.1/bin/../lib/gcc/arm-none-eabi/5.4.1/armv6-m/crtbegin.o
 .eh_frame      0x00003014        0x4 c:/program files (x86)/cypress/psoc creator/4.1/psoc creator/import/gnu/arm/5.4.1/bin/../lib/gcc/arm-none-eabi/5.4.1/armv6-m/crtend.o
                [!provide]                PROVIDE (__exidx_start, .)

.ARM.exidx
 *(.ARM.exidx* .gnu.linkonce.armexidx.*)
                0x00003018                __exidx_end = .

.rodata         0x00003018      0x178
 *(.rodata .rodata.* .gnu.linkonce.r.*)
 .rodata.str1.4
                0x00003018       0x2b .\CortexM0\ARM_GCC_541\Debug\main.o
 *fill*         0x00003043        0x1 
 .rodata        0x00003044       0x30 .\CortexM0\ARM_GCC_541\Debug\AS7262_psoc4.o
 .rodata.str1.4
                0x00003074       0x1c .\CortexM0\ARM_GCC_541\Debug\AS7262_psoc4.o
                                 0x19 (size before relaxing)
 .rodata        0x00003090        0xc .\CortexM0\ARM_GCC_541\Debug\cyfitter_cfg.o
 .rodata        0x0000309c       0x47 .\CortexM0\ARM_GCC_541\Debug\AS7262_psoc4.a(CyLib.o)
                0x0000309c                cyImoFreqMhz2Reg
                0x000030cc                cyImoFreqMhz2DpllOffset
 *fill*         0x000030e3        0x1 
 .rodata        0x000030e4       0x40 c:/program files (x86)/cypress/psoc creator/4.1/psoc creator/import/gnu/arm/5.4.1/bin/../lib/gcc/arm-none-eabi/5.4.1/armv6-m\libgcc.a(muldf3.o)
 .rodata.str1.1
                0x00003124        0x2 c:/program files (x86)/cypress/psoc creator/4.1/psoc creator/import/gnu/arm/5.4.1/bin/../lib/gcc/arm-none-eabi/5.4.1/../../../../arm-none-eabi/lib/armv6-m\libg_nano.a(lib_a-impure.o)
 .rodata.str1.1
                0x00003126       0x11 c:/program files (x86)/cypress/psoc creator/4.1/psoc creator/import/gnu/arm/5.4.1/bin/../lib/gcc/arm-none-eabi/5.4.1/../../../../arm-none-eabi/lib/armv6-m\libg_nano.a(lib_a-nano-svfprintf.o)
 .rodata.str1.1
                0x00003137       0x22 c:/program files (x86)/cypress/psoc creator/4.1/psoc creator/import/gnu/arm/5.4.1/bin/../lib/gcc/arm-none-eabi/5.4.1/../../../../arm-none-eabi/lib/armv6-m\libg_nano.a(lib_a-nano-vfprintf_i.o)
                0x0000315c                . = ALIGN (0x4)
 *fill*         0x00003159        0x3 
 *(.init)
 .init          0x0000315c        0x4 c:/program files (x86)/cypress/psoc creator/4.1/psoc creator/import/gnu/arm/5.4.1/bin/../lib/gcc/arm-none-eabi/5.4.1/armv6-m/crti.o
                0x0000315c                _init
 .init          0x00003160        0x8 c:/program files (x86)/cypress/psoc creator/4.1/psoc creator/import/gnu/arm/5.4.1/bin/../lib/gcc/arm-none-eabi/5.4.1/armv6-m/crtn.o
                0x00003168                . = ALIGN (0x4)
                0x00003168                __preinit_array_start = .
 *(.preinit_array)
                0x00003168                __preinit_array_end = .
                0x00003168                . = ALIGN (0x4)
                0x00003168                __init_array_start = .
 *(SORT(.init_array.*))
 *(.init_array)
 .init_array    0x00003168        0x4 c:/program files (x86)/cypress/psoc creator/4.1/psoc creator/import/gnu/arm/5.4.1/bin/../lib/gcc/arm-none-eabi/5.4.1/armv6-m/crtbegin.o
 .init_array    0x0000316c        0x4 .\CortexM0\ARM_GCC_541\Debug\Cm0Start.o
                0x00003170                __init_array_end = .
                0x00003170                . = ALIGN (0x4)
 *(.fini)
 .fini          0x00003170        0x4 c:/program files (x86)/cypress/psoc creator/4.1/psoc creator/import/gnu/arm/5.4.1/bin/../lib/gcc/arm-none-eabi/5.4.1/armv6-m/crti.o
                0x00003170                _fini
 .fini          0x00003174        0x8 c:/program files (x86)/cypress/psoc creator/4.1/psoc creator/import/gnu/arm/5.4.1/bin/../lib/gcc/arm-none-eabi/5.4.1/armv6-m/crtn.o
                0x0000317c                . = ALIGN (0x4)
                0x0000317c                __fini_array_start = .
 *(.fini_array)
 .fini_array    0x0000317c        0x4 c:/program files (x86)/cypress/psoc creator/4.1/psoc creator/import/gnu/arm/5.4.1/bin/../lib/gcc/arm-none-eabi/5.4.1/armv6-m/crtbegin.o
 *(SORT(.fini_array.*))
                0x00003180                __fini_array_end = .
                0x00003180                . = ALIGN (0x4)
 *crtbegin.o(.ctors)
 *(EXCLUDE_FILE(*crtend.o) .ctors)
 *(SORT(.ctors.*))
 *crtend.o(.ctors)
                0x00003180                . = ALIGN (0x4)
 *crtbegin.o(.dtors)
 *(EXCLUDE_FILE(*crtend.o) .dtors)
 *(SORT(.dtors.*))
 *crtend.o(.dtors)
                0x00003180                . = ALIGN (0x4)
                0x00003180                __cy_regions = .
                0x00003180        0x4 LONG 0x3190 __cy_region_init_ram
                0x00003184        0x4 LONG 0x200000c0 __cy_region_start_data
                0x00003188        0x4 LONG 0xa0 __cy_region_init_size_ram
                0x0000318c        0x4 LONG 0x1f0 __cy_region_zero_size_ram
                0x00003190                __cy_regions_end = .
                0x00003190                . = ALIGN (0x8)
                0x00003190                _etext = .

.cy_checksum_exclude
                0x00003190        0x0
 *(.cy_checksum_exclude)

.ramvectors     0x20000000       0xc0
                0x20000000                __cy_region_start_ram = .
 *(.ramvectors)
 .ramvectors    0x20000000       0xc0 .\CortexM0\ARM_GCC_541\Debug\Cm0Start.o
                0x20000000                CyRamVectors

.noinit
 *(.noinit)

.data           0x200000c0       0xa0 load address 0x00003190
                0x200000c0                __cy_region_start_data = .
 *(.jcr)
 .jcr           0x200000c0        0x0 c:/program files (x86)/cypress/psoc creator/4.1/psoc creator/import/gnu/arm/5.4.1/bin/../lib/gcc/arm-none-eabi/5.4.1/armv6-m/crtbegin.o
 .jcr           0x200000c0        0x4 c:/program files (x86)/cypress/psoc creator/4.1/psoc creator/import/gnu/arm/5.4.1/bin/../lib/gcc/arm-none-eabi/5.4.1/armv6-m/crtend.o
 *(.got.plt)
 *(.got)
 *(.shdata)
 *(.data .data.* .gnu.linkonce.d.*)
 .data          0x200000c4       0x14 .\CortexM0\ARM_GCC_541\Debug\AS7262_psoc4.o
                0x200000c4                as7262
 .data          0x200000d8        0x4 .\CortexM0\ARM_GCC_541\Debug\Cm0Start.o
 .data          0x200000dc       0x14 .\CortexM0\ARM_GCC_541\Debug\AS7262_psoc4.a(CyLib.o)
                0x200000dc                CySysClkPumpConfig
                0x200000e0                cydelay32kMs
                0x200000e4                cydelayFreqKhz
                0x200000e8                cydelayFreqMhz
                0x200000ec                cydelayFreqHz
 .data          0x200000f0        0x8 .\CortexM0\ARM_GCC_541\Debug\AS7262_psoc4.a(CyLFClk.o)
 .data.impure_data
                0x200000f8       0x60 c:/program files (x86)/cypress/psoc creator/4.1/psoc creator/import/gnu/arm/5.4.1/bin/../lib/gcc/arm-none-eabi/5.4.1/../../../../arm-none-eabi/lib/armv6-m\libg_nano.a(lib_a-impure.o)
 .data._impure_ptr
                0x20000158        0x4 c:/program files (x86)/cypress/psoc creator/4.1/psoc creator/import/gnu/arm/5.4.1/bin/../lib/gcc/arm-none-eabi/5.4.1/../../../../arm-none-eabi/lib/armv6-m\libg_nano.a(lib_a-impure.o)
                0x20000158                _impure_ptr
                0x20000160                . = ALIGN (0x8)
 *fill*         0x2000015c        0x4 
 *(.ram)
                0x20000160                _edata = .

.igot.plt       0x20000160        0x0 load address 0x00003230
 .igot.plt      0x20000160        0x0 c:/program files (x86)/cypress/psoc creator/4.1/psoc creator/import/gnu/arm/5.4.1/bin/../lib/gcc/arm-none-eabi/5.4.1/armv6-m/crtbegin.o

.bss            0x20000160      0x1f0 load address 0x00003230
                0x20000160                PROVIDE (__bss_start__, .)
 *(.shbss)
 *(.bss .bss.* .gnu.linkonce.b.*)
 .bss           0x20000160       0x1c c:/program files (x86)/cypress/psoc creator/4.1/psoc creator/import/gnu/arm/5.4.1/bin/../lib/gcc/arm-none-eabi/5.4.1/armv6-m/crtbegin.o
 .bss           0x2000017c        0x1 .\CortexM0\ARM_GCC_541\Debug\main.o
                0x2000017c                Input_Flag
 *fill*         0x2000017d        0x3 
 .bss           0x20000180        0x8 .\CortexM0\ARM_GCC_541\Debug\AS7262_psoc4.a(I2C.o)
                0x20000180                I2C_initVar
                0x20000184                I2C_customIntrHandler
 .bss           0x20000188        0xa .\CortexM0\ARM_GCC_541\Debug\AS7262_psoc4.a(UART.o)
                0x20000188                UART_initVar
                0x2000018c                UART_customIntrHandler
                0x20000190                UART_IntrTxMask
 *fill*         0x20000192        0x2 
 .bss           0x20000194       0x28 .\CortexM0\ARM_GCC_541\Debug\AS7262_psoc4.a(CyLFClk.o)
 .bss.__malloc_sbrk_start
                0x200001bc        0x4 c:/program files (x86)/cypress/psoc creator/4.1/psoc creator/import/gnu/arm/5.4.1/bin/../lib/gcc/arm-none-eabi/5.4.1/../../../../arm-none-eabi/lib/armv6-m\libg_nano.a(lib_a-nano-mallocr.o)
                0x200001bc                __malloc_sbrk_start
 .bss.__malloc_free_list
                0x200001c0        0x4 c:/program files (x86)/cypress/psoc creator/4.1/psoc creator/import/gnu/arm/5.4.1/bin/../lib/gcc/arm-none-eabi/5.4.1/../../../../arm-none-eabi/lib/armv6-m\libg_nano.a(lib_a-nano-mallocr.o)
                0x200001c0                __malloc_free_list
 *(COMMON)
 COMMON         0x200001c4       0xb4 .\CortexM0\ARM_GCC_541\Debug\main.o
                0x200001c4                OUT_Data_Buffer
                0x200001ec                debug_input
                0x20000250                USB_str
 COMMON         0x20000278       0x4e .\CortexM0\ARM_GCC_541\Debug\AS7262_psoc4.o
                0x20000278                color_data
                0x20000290                all_calibrated_data
                0x200002ac                read_buffer
                0x200002c4                write_buffer
 COMMON         0x200002c6        0x1 .\CortexM0\ARM_GCC_541\Debug\AS7262_psoc4.a(I2C_I2C.o)
                0x200002c6                I2C_state
 *fill*         0x200002c7        0x1 
 COMMON         0x200002c8       0x24 .\CortexM0\ARM_GCC_541\Debug\AS7262_psoc4.a(I2C_I2C_MASTER.o)
                0x200002c8                I2C_mstrWrBufIndexTmp
                0x200002cc                I2C_mstrWrBufIndex
                0x200002d0                I2C_mstrWrBufSize
                0x200002d4                I2C_mstrStatus
                0x200002d8                I2C_mstrRdBufPtr
                0x200002dc                I2C_mstrControl
                0x200002e0                I2C_mstrRdBufSize
                0x200002e4                I2C_mstrRdBufIndex
                0x200002e8                I2C_mstrWrBufPtr
 COMMON         0x200002ec       0x5c .\CortexM0\ARM_GCC_541\Debug\AS7262_psoc4.a(UART_SPI_UART.o)
                0x200002ec                UART_txBufferTail
                0x200002f0                UART_txBufferHead
                0x200002f4                UART_rxBufferTail
                0x200002f8                UART_txBufferInternal
                0x20000318                UART_rxBufferInternal
                0x20000341                UART_rxBufferOverflow
                0x20000344                UART_rxBufferHead
 COMMON         0x20000348        0x4 c:/program files (x86)/cypress/psoc creator/4.1/psoc creator/import/gnu/arm/5.4.1/bin/../lib/gcc/arm-none-eabi/5.4.1/../../../../arm-none-eabi/lib/armv6-m\libg_nano.a(lib_a-reent.o)
                0x20000348                errno
                0x20000350                . = ALIGN (0x8)
 *fill*         0x2000034c        0x4 
 *(.ram.b)
                0x20000350                _end = .
                0x20000350                __end = .
                0x20000350                PROVIDE (end, .)
                0x20000350                PROVIDE (__bss_end__, .)
                0x00003190                __cy_region_init_ram = LOADADDR (.data)
                0x000000a0                __cy_region_init_size_ram = (_edata - ADDR (.data))
                0x000001f0                __cy_region_zero_size_ram = (_end - _edata)

.heap           0x20000350      0x800 load address 0x00003230
                0x20000350                . = _end
                0x20000b50                . = (. + 0x800)
 *fill*         0x20000350      0x800 
                0x20000b50                __cy_heap_limit = .

.stack          0x20003800      0x800
                0x20003800                __cy_stack_limit = .
                0x20004000                . = (. + 0x800)
 *fill*         0x20003800      0x800 
                0x00000001                ASSERT ((__cy_stack_limit >= __cy_heap_limit), region RAM overflowed with stack)
                0x00000000                cy_checksum_exclude_size = (CY_APPL_LOADABLE == 0x1)?SIZEOF (.cy_checksum_exclude):0x0
                0x00000001                ASSERT ((cy_checksum_exclude_size <= CY_CHECKSUM_EXCLUDE_SIZE), CY_BOOT: Section .cy_checksum_exclude size exceedes specified limit.)
                0x0001ffc0                cyloadermeta_start = (cy_project_type_bootloader || cy_project_type_app_for_stack_and_copier)?(LENGTH (rom) - CY_METADATA_SIZE):0xf0000000

.cyloadermeta
 *(.cyloadermeta)
                0x0001ffc0                cyloadablemeta_start = cy_project_type_app_for_stack_and_copier?((LENGTH (rom) - CY_FLASH_ROW_SIZE) - CY_METADATA_SIZE):((LENGTH (rom) - (CY_FLASH_ROW_SIZE * (CY_APPL_NUM - 0x1))) - CY_METADATA_SIZE)

.cyloadablemeta
 *(.cyloadablemeta)

.cyflashprotect
                0x90400000       0x80
 *(.cyflashprotect)
 .cyflashprotect
                0x90400000       0x80 .\CortexM0\ARM_GCC_541\Debug\cymetadata.o
                0x90400000                cy_meta_flashprotect

.cymeta         0x90500000        0xc
 *(.cymeta)
 .cymeta        0x90500000        0xc .\CortexM0\ARM_GCC_541\Debug\cymetadata.o
                0x90500000                cy_metadata

.cychipprotect  0x90600000        0x1
 *(.cychipprotect)
 .cychipprotect
                0x90600000        0x1 .\CortexM0\ARM_GCC_541\Debug\cymetadata.o
                0x90600000                cy_meta_chipprotect

.rel.dyn        0x00003230        0x0 load address 0x90600004
 .rel.iplt      0x00003230        0x0 c:/program files (x86)/cypress/psoc creator/4.1/psoc creator/import/gnu/arm/5.4.1/bin/../lib/gcc/arm-none-eabi/5.4.1/armv6-m/crtbegin.o

.stab
 *(.stab)

.stabstr
 *(.stabstr)

.debug
 *(.debug)

.line
 *(.line)

.debug_srcinfo
 *(.debug_srcinfo)

.debug_sfnames
 *(.debug_sfnames)

.debug_aranges  0x00000000      0x8a0
 *(.debug_aranges)
 .debug_aranges
                0x00000000       0x20 .\CortexM0\ARM_GCC_541\Debug\main.o
 .debug_aranges
                0x00000020       0x58 .\CortexM0\ARM_GCC_541\Debug\i2c_functions.o
 .debug_aranges
                0x00000078       0x30 .\CortexM0\ARM_GCC_541\Debug\usb_psoc4.o
 .debug_aranges
                0x000000a8       0x80 .\CortexM0\ARM_GCC_541\Debug\AS7262_psoc4.o
 .debug_aranges
                0x00000128       0x38 .\CortexM0\ARM_GCC_541\Debug\cyfitter_cfg.o
 .debug_aranges
                0x00000160       0x18 .\CortexM0\ARM_GCC_541\Debug\cymetadata.o
 .debug_aranges
                0x00000178       0x48 .\CortexM0\ARM_GCC_541\Debug\Cm0Start.o
 .debug_aranges
                0x000001c0       0x60 .\CortexM0\ARM_GCC_541\Debug\AS7262_psoc4.a(I2C.o)
 .debug_aranges
                0x00000220       0x28 .\CortexM0\ARM_GCC_541\Debug\AS7262_psoc4.a(I2C_I2C.o)
 .debug_aranges
                0x00000248       0x88 .\CortexM0\ARM_GCC_541\Debug\AS7262_psoc4.a(I2C_I2C_MASTER.o)
 .debug_aranges
                0x000002d0       0x68 .\CortexM0\ARM_GCC_541\Debug\AS7262_psoc4.a(UART.o)
 .debug_aranges
                0x00000338       0x60 .\CortexM0\ARM_GCC_541\Debug\AS7262_psoc4.a(UART_SPI_UART.o)
 .debug_aranges
                0x00000398       0x88 .\CortexM0\ARM_GCC_541\Debug\AS7262_psoc4.a(UART_UART.o)
 .debug_aranges
                0x00000420      0x1c8 .\CortexM0\ARM_GCC_541\Debug\AS7262_psoc4.a(CyLib.o)
 .debug_aranges
                0x000005e8      0x188 .\CortexM0\ARM_GCC_541\Debug\AS7262_psoc4.a(CyLFClk.o)
 .debug_aranges
                0x00000770       0x48 .\CortexM0\ARM_GCC_541\Debug\AS7262_psoc4.a(Red_LED.o)
 .debug_aranges
                0x000007b8       0x48 .\CortexM0\ARM_GCC_541\Debug\AS7262_psoc4.a(Green_LED.o)
 .debug_aranges
                0x00000800       0x20 .\CortexM0\ARM_GCC_541\Debug\AS7262_psoc4.a(CyBootAsmGnu.o)
 .debug_aranges
                0x00000820       0x20 .\CortexM0\ARM_GCC_541\Debug\AS7262_psoc4.a(I2C_I2C_INT.o)
 .debug_aranges
                0x00000840       0x20 .\CortexM0\ARM_GCC_541\Debug\AS7262_psoc4.a(UART_SPI_UART_INT.o)
 .debug_aranges
                0x00000860       0x40 .\CortexM0\ARM_GCC_541\Debug\AS7262_psoc4.a(CyFlash.o)

.debug_pubnames
 *(.debug_pubnames)

.debug_info     0x00000000     0x5730
 *(.debug_info .gnu.linkonce.wi.*)
 .debug_info    0x00000000      0x2ca .\CortexM0\ARM_GCC_541\Debug\main.o
 .debug_info    0x000002ca      0x465 .\CortexM0\ARM_GCC_541\Debug\i2c_functions.o
 .debug_info    0x0000072f      0x235 .\CortexM0\ARM_GCC_541\Debug\usb_psoc4.o
 .debug_info    0x00000964      0xa66 .\CortexM0\ARM_GCC_541\Debug\AS7262_psoc4.o
 .debug_info    0x000013ca      0x298 .\CortexM0\ARM_GCC_541\Debug\cyfitter_cfg.o
 .debug_info    0x00001662       0xf8 .\CortexM0\ARM_GCC_541\Debug\cymetadata.o
 .debug_info    0x0000175a      0x3a2 .\CortexM0\ARM_GCC_541\Debug\Cm0Start.o
 .debug_info    0x00001afc      0x298 .\CortexM0\ARM_GCC_541\Debug\AS7262_psoc4.a(I2C.o)
 .debug_info    0x00001d94      0x183 .\CortexM0\ARM_GCC_541\Debug\AS7262_psoc4.a(I2C_I2C.o)
 .debug_info    0x00001f17      0x5a2 .\CortexM0\ARM_GCC_541\Debug\AS7262_psoc4.a(I2C_I2C_MASTER.o)
 .debug_info    0x000024b9      0x2e9 .\CortexM0\ARM_GCC_541\Debug\AS7262_psoc4.a(UART.o)
 .debug_info    0x000027a2      0x372 .\CortexM0\ARM_GCC_541\Debug\AS7262_psoc4.a(UART_SPI_UART.o)
 .debug_info    0x00002b14      0x456 .\CortexM0\ARM_GCC_541\Debug\AS7262_psoc4.a(UART_UART.o)
 .debug_info    0x00002f6a      0xd2f .\CortexM0\ARM_GCC_541\Debug\AS7262_psoc4.a(CyLib.o)
 .debug_info    0x00003c99     0x1058 .\CortexM0\ARM_GCC_541\Debug\AS7262_psoc4.a(CyLFClk.o)
 .debug_info    0x00004cf1      0x19d .\CortexM0\ARM_GCC_541\Debug\AS7262_psoc4.a(Red_LED.o)
 .debug_info    0x00004e8e      0x19d .\CortexM0\ARM_GCC_541\Debug\AS7262_psoc4.a(Green_LED.o)
 .debug_info    0x0000502b       0x9b .\CortexM0\ARM_GCC_541\Debug\AS7262_psoc4.a(CyBootAsmGnu.o)
 .debug_info    0x000050c6      0x194 .\CortexM0\ARM_GCC_541\Debug\AS7262_psoc4.a(I2C_I2C_INT.o)
 .debug_info    0x0000525a      0x186 .\CortexM0\ARM_GCC_541\Debug\AS7262_psoc4.a(UART_SPI_UART_INT.o)
 .debug_info    0x000053e0      0x350 .\CortexM0\ARM_GCC_541\Debug\AS7262_psoc4.a(CyFlash.o)

.debug_abbrev   0x00000000     0x182a
 *(.debug_abbrev)
 .debug_abbrev  0x00000000       0xe4 .\CortexM0\ARM_GCC_541\Debug\main.o
 .debug_abbrev  0x000000e4       0xd4 .\CortexM0\ARM_GCC_541\Debug\i2c_functions.o
 .debug_abbrev  0x000001b8      0x120 .\CortexM0\ARM_GCC_541\Debug\usb_psoc4.o
 .debug_abbrev  0x000002d8      0x1fd .\CortexM0\ARM_GCC_541\Debug\AS7262_psoc4.o
 .debug_abbrev  0x000004d5      0x166 .\CortexM0\ARM_GCC_541\Debug\cyfitter_cfg.o
 .debug_abbrev  0x0000063b       0x5d .\CortexM0\ARM_GCC_541\Debug\cymetadata.o
 .debug_abbrev  0x00000698      0x1d7 .\CortexM0\ARM_GCC_541\Debug\Cm0Start.o
 .debug_abbrev  0x0000086f      0x118 .\CortexM0\ARM_GCC_541\Debug\AS7262_psoc4.a(I2C.o)
 .debug_abbrev  0x00000987       0xc7 .\CortexM0\ARM_GCC_541\Debug\AS7262_psoc4.a(I2C_I2C.o)
 .debug_abbrev  0x00000a4e      0x16f .\CortexM0\ARM_GCC_541\Debug\AS7262_psoc4.a(I2C_I2C_MASTER.o)
 .debug_abbrev  0x00000bbd      0x118 .\CortexM0\ARM_GCC_541\Debug\AS7262_psoc4.a(UART.o)
 .debug_abbrev  0x00000cd5      0x168 .\CortexM0\ARM_GCC_541\Debug\AS7262_psoc4.a(UART_SPI_UART.o)
 .debug_abbrev  0x00000e3d      0x145 .\CortexM0\ARM_GCC_541\Debug\AS7262_psoc4.a(UART_UART.o)
 .debug_abbrev  0x00000f82      0x218 .\CortexM0\ARM_GCC_541\Debug\AS7262_psoc4.a(CyLib.o)
 .debug_abbrev  0x0000119a      0x248 .\CortexM0\ARM_GCC_541\Debug\AS7262_psoc4.a(CyLFClk.o)
 .debug_abbrev  0x000013e2       0xc8 .\CortexM0\ARM_GCC_541\Debug\AS7262_psoc4.a(Red_LED.o)
 .debug_abbrev  0x000014aa       0xc8 .\CortexM0\ARM_GCC_541\Debug\AS7262_psoc4.a(Green_LED.o)
 .debug_abbrev  0x00001572       0x14 .\CortexM0\ARM_GCC_541\Debug\AS7262_psoc4.a(CyBootAsmGnu.o)
 .debug_abbrev  0x00001586       0x88 .\CortexM0\ARM_GCC_541\Debug\AS7262_psoc4.a(I2C_I2C_INT.o)
 .debug_abbrev  0x0000160e       0x9a .\CortexM0\ARM_GCC_541\Debug\AS7262_psoc4.a(UART_SPI_UART_INT.o)
 .debug_abbrev  0x000016a8      0x182 .\CortexM0\ARM_GCC_541\Debug\AS7262_psoc4.a(CyFlash.o)

.debug_line     0x00000000     0x23f7
 *(.debug_line)
 .debug_line    0x00000000       0xf3 .\CortexM0\ARM_GCC_541\Debug\main.o
 .debug_line    0x000000f3       0xf7 .\CortexM0\ARM_GCC_541\Debug\i2c_functions.o
 .debug_line    0x000001ea        0x0 .\CortexM0\ARM_GCC_541\Debug\AS7262.o
 .debug_line    0x000001ea        0x0 .\CortexM0\ARM_GCC_541\Debug\usb_functions.o
 .debug_line    0x000001ea       0xfd .\CortexM0\ARM_GCC_541\Debug\usb_psoc4.o
 .debug_line    0x000002e7      0x300 .\CortexM0\ARM_GCC_541\Debug\AS7262_psoc4.o
 .debug_line    0x000005e7      0x150 .\CortexM0\ARM_GCC_541\Debug\cyfitter_cfg.o
 .debug_line    0x00000737      0x141 .\CortexM0\ARM_GCC_541\Debug\cymetadata.o
 .debug_line    0x00000878      0x236 .\CortexM0\ARM_GCC_541\Debug\Cm0Start.o
 .debug_line    0x00000aae      0x124 .\CortexM0\ARM_GCC_541\Debug\AS7262_psoc4.a(I2C.o)
 .debug_line    0x00000bd2       0xa5 .\CortexM0\ARM_GCC_541\Debug\AS7262_psoc4.a(I2C_I2C.o)
 .debug_line    0x00000c77      0x2a1 .\CortexM0\ARM_GCC_541\Debug\AS7262_psoc4.a(I2C_I2C_MASTER.o)
 .debug_line    0x00000f18      0x13c .\CortexM0\ARM_GCC_541\Debug\AS7262_psoc4.a(UART.o)
 .debug_line    0x00001054      0x152 .\CortexM0\ARM_GCC_541\Debug\AS7262_psoc4.a(UART_SPI_UART.o)
 .debug_line    0x000011a6      0x1d6 .\CortexM0\ARM_GCC_541\Debug\AS7262_psoc4.a(UART_UART.o)
 .debug_line    0x0000137c      0x541 .\CortexM0\ARM_GCC_541\Debug\AS7262_psoc4.a(CyLib.o)
 .debug_line    0x000018bd      0x5d1 .\CortexM0\ARM_GCC_541\Debug\AS7262_psoc4.a(CyLFClk.o)
 .debug_line    0x00001e8e       0xbf .\CortexM0\ARM_GCC_541\Debug\AS7262_psoc4.a(Red_LED.o)
 .debug_line    0x00001f4d       0xc1 .\CortexM0\ARM_GCC_541\Debug\AS7262_psoc4.a(Green_LED.o)
 .debug_line    0x0000200e       0x68 .\CortexM0\ARM_GCC_541\Debug\AS7262_psoc4.a(CyBootAsmGnu.o)
 .debug_line    0x00002076      0x160 .\CortexM0\ARM_GCC_541\Debug\AS7262_psoc4.a(I2C_I2C_INT.o)
 .debug_line    0x000021d6       0xae .\CortexM0\ARM_GCC_541\Debug\AS7262_psoc4.a(UART_SPI_UART_INT.o)
 .debug_line    0x00002284      0x173 .\CortexM0\ARM_GCC_541\Debug\AS7262_psoc4.a(CyFlash.o)

.debug_frame    0x00000000     0x1a24
 *(.debug_frame)
 .debug_frame   0x00000000       0x2c .\CortexM0\ARM_GCC_541\Debug\main.o
 .debug_frame   0x0000002c      0x104 .\CortexM0\ARM_GCC_541\Debug\i2c_functions.o
 .debug_frame   0x00000130       0x6c .\CortexM0\ARM_GCC_541\Debug\usb_psoc4.o
 .debug_frame   0x0000019c      0x18c .\CortexM0\ARM_GCC_541\Debug\AS7262_psoc4.o
 .debug_frame   0x00000328       0x74 .\CortexM0\ARM_GCC_541\Debug\cyfitter_cfg.o
 .debug_frame   0x0000039c       0xbc .\CortexM0\ARM_GCC_541\Debug\Cm0Start.o
 .debug_frame   0x00000458       0xe8 .\CortexM0\ARM_GCC_541\Debug\AS7262_psoc4.a(I2C.o)
 .debug_frame   0x00000540       0x3c .\CortexM0\ARM_GCC_541\Debug\AS7262_psoc4.a(I2C_I2C.o)
 .debug_frame   0x0000057c      0x16c .\CortexM0\ARM_GCC_541\Debug\AS7262_psoc4.a(I2C_I2C_MASTER.o)
 .debug_frame   0x000006e8      0x104 .\CortexM0\ARM_GCC_541\Debug\AS7262_psoc4.a(UART.o)
 .debug_frame   0x000007ec       0xc8 .\CortexM0\ARM_GCC_541\Debug\AS7262_psoc4.a(UART_SPI_UART.o)
 .debug_frame   0x000008b4      0x134 .\CortexM0\ARM_GCC_541\Debug\AS7262_psoc4.a(UART_UART.o)
 .debug_frame   0x000009e8      0x488 .\CortexM0\ARM_GCC_541\Debug\AS7262_psoc4.a(CyLib.o)
 .debug_frame   0x00000e70      0x4a4 .\CortexM0\ARM_GCC_541\Debug\AS7262_psoc4.a(CyLFClk.o)
 .debug_frame   0x00001314       0x70 .\CortexM0\ARM_GCC_541\Debug\AS7262_psoc4.a(Red_LED.o)
 .debug_frame   0x00001384       0x70 .\CortexM0\ARM_GCC_541\Debug\AS7262_psoc4.a(Green_LED.o)
 .debug_frame   0x000013f4       0x2c .\CortexM0\ARM_GCC_541\Debug\AS7262_psoc4.a(I2C_I2C_INT.o)
 .debug_frame   0x00001420       0x2c .\CortexM0\ARM_GCC_541\Debug\AS7262_psoc4.a(UART_SPI_UART_INT.o)
 .debug_frame   0x0000144c       0x90 .\CortexM0\ARM_GCC_541\Debug\AS7262_psoc4.a(CyFlash.o)
 .debug_frame   0x000014dc       0x20 c:/program files (x86)/cypress/psoc creator/4.1/psoc creator/import/gnu/arm/5.4.1/bin/../lib/gcc/arm-none-eabi/5.4.1/armv6-m\libgcc.a(_udivsi3.o)
 .debug_frame   0x000014fc       0x20 c:/program files (x86)/cypress/psoc creator/4.1/psoc creator/import/gnu/arm/5.4.1/bin/../lib/gcc/arm-none-eabi/5.4.1/armv6-m\libgcc.a(_divsi3.o)
 .debug_frame   0x0000151c       0x2c c:/program files (x86)/cypress/psoc creator/4.1/psoc creator/import/gnu/arm/5.4.1/bin/../lib/gcc/arm-none-eabi/5.4.1/armv6-m\libgcc.a(_fixunsdfsi.o)
 .debug_frame   0x00001548       0x3c c:/program files (x86)/cypress/psoc creator/4.1/psoc creator/import/gnu/arm/5.4.1/bin/../lib/gcc/arm-none-eabi/5.4.1/armv6-m\libgcc.a(muldf3.o)
 .debug_frame   0x00001584       0x38 c:/program files (x86)/cypress/psoc creator/4.1/psoc creator/import/gnu/arm/5.4.1/bin/../lib/gcc/arm-none-eabi/5.4.1/armv6-m\libgcc.a(subdf3.o)
 .debug_frame   0x000015bc       0x2c c:/program files (x86)/cypress/psoc creator/4.1/psoc creator/import/gnu/arm/5.4.1/bin/../lib/gcc/arm-none-eabi/5.4.1/armv6-m\libgcc.a(fixdfsi.o)
 .debug_frame   0x000015e8       0x2c c:/program files (x86)/cypress/psoc creator/4.1/psoc creator/import/gnu/arm/5.4.1/bin/../lib/gcc/arm-none-eabi/5.4.1/armv6-m\libgcc.a(floatsidf.o)
 .debug_frame   0x00001614       0x38 c:/program files (x86)/cypress/psoc creator/4.1/psoc creator/import/gnu/arm/5.4.1/bin/../lib/gcc/arm-none-eabi/5.4.1/armv6-m\libgcc.a(eqdf2.o)
 .debug_frame   0x0000164c       0x38 c:/program files (x86)/cypress/psoc creator/4.1/psoc creator/import/gnu/arm/5.4.1/bin/../lib/gcc/arm-none-eabi/5.4.1/armv6-m\libgcc.a(gedf2.o)
 .debug_frame   0x00001684       0x38 c:/program files (x86)/cypress/psoc creator/4.1/psoc creator/import/gnu/arm/5.4.1/bin/../lib/gcc/arm-none-eabi/5.4.1/armv6-m\libgcc.a(ledf2.o)
 .debug_frame   0x000016bc       0x20 c:/program files (x86)/cypress/psoc creator/4.1/psoc creator/import/gnu/arm/5.4.1/bin/../lib/gcc/arm-none-eabi/5.4.1/../../../../arm-none-eabi/lib/armv6-m\libg_nano.a(lib_a-errno.o)
 .debug_frame   0x000016dc       0x28 c:/program files (x86)/cypress/psoc creator/4.1/psoc creator/import/gnu/arm/5.4.1/bin/../lib/gcc/arm-none-eabi/5.4.1/../../../../arm-none-eabi/lib/armv6-m\libg_nano.a(lib_a-exit.o)
 .debug_frame   0x00001704       0x2c c:/program files (x86)/cypress/psoc creator/4.1/psoc creator/import/gnu/arm/5.4.1/bin/../lib/gcc/arm-none-eabi/5.4.1/../../../../arm-none-eabi/lib/armv6-m\libg_nano.a(lib_a-init.o)
 .debug_frame   0x00001730       0x28 c:/program files (x86)/cypress/psoc creator/4.1/psoc creator/import/gnu/arm/5.4.1/bin/../lib/gcc/arm-none-eabi/5.4.1/../../../../arm-none-eabi/lib/armv6-m\libg_nano.a(lib_a-memcpy-stub.o)
 .debug_frame   0x00001758       0x20 c:/program files (x86)/cypress/psoc creator/4.1/psoc creator/import/gnu/arm/5.4.1/bin/../lib/gcc/arm-none-eabi/5.4.1/../../../../arm-none-eabi/lib/armv6-m\libg_nano.a(lib_a-memset.o)
 .debug_frame   0x00001778       0x50 c:/program files (x86)/cypress/psoc creator/4.1/psoc creator/import/gnu/arm/5.4.1/bin/../lib/gcc/arm-none-eabi/5.4.1/../../../../arm-none-eabi/lib/armv6-m\libg_nano.a(lib_a-sprintf.o)
 .debug_frame   0x000017c8       0x74 c:/program files (x86)/cypress/psoc creator/4.1/psoc creator/import/gnu/arm/5.4.1/bin/../lib/gcc/arm-none-eabi/5.4.1/../../../../arm-none-eabi/lib/armv6-m\libg_nano.a(lib_a-nano-svfprintf.o)
 .debug_frame   0x0000183c       0x54 c:/program files (x86)/cypress/psoc creator/4.1/psoc creator/import/gnu/arm/5.4.1/bin/../lib/gcc/arm-none-eabi/5.4.1/../../../../arm-none-eabi/lib/armv6-m\libg_nano.a(lib_a-nano-vfprintf_i.o)
 .debug_frame   0x00001890       0x20 c:/program files (x86)/cypress/psoc creator/4.1/psoc creator/import/gnu/arm/5.4.1/bin/../lib/gcc/arm-none-eabi/5.4.1/../../../../arm-none-eabi/lib/armv6-m\libg_nano.a(lib_a-memchr-stub.o)
 .debug_frame   0x000018b0       0x28 c:/program files (x86)/cypress/psoc creator/4.1/psoc creator/import/gnu/arm/5.4.1/bin/../lib/gcc/arm-none-eabi/5.4.1/../../../../arm-none-eabi/lib/armv6-m\libg_nano.a(lib_a-memmove.o)
 .debug_frame   0x000018d8       0x2c c:/program files (x86)/cypress/psoc creator/4.1/psoc creator/import/gnu/arm/5.4.1/bin/../lib/gcc/arm-none-eabi/5.4.1/../../../../arm-none-eabi/lib/armv6-m\libg_nano.a(lib_a-nano-freer.o)
 .debug_frame   0x00001904       0x2c c:/program files (x86)/cypress/psoc creator/4.1/psoc creator/import/gnu/arm/5.4.1/bin/../lib/gcc/arm-none-eabi/5.4.1/../../../../arm-none-eabi/lib/armv6-m\libg_nano.a(lib_a-nano-mallocr.o)
 .debug_frame   0x00001930       0x30 c:/program files (x86)/cypress/psoc creator/4.1/psoc creator/import/gnu/arm/5.4.1/bin/../lib/gcc/arm-none-eabi/5.4.1/../../../../arm-none-eabi/lib/armv6-m\libg_nano.a(lib_a-nano-reallocr.o)
 .debug_frame   0x00001960       0x2c c:/program files (x86)/cypress/psoc creator/4.1/psoc creator/import/gnu/arm/5.4.1/bin/../lib/gcc/arm-none-eabi/5.4.1/../../../../arm-none-eabi/lib/armv6-m\libg_nano.a(lib_a-sbrkr.o)
 .debug_frame   0x0000198c       0x30 c:/program files (x86)/cypress/psoc creator/4.1/psoc creator/import/gnu/arm/5.4.1/bin/../lib/gcc/arm-none-eabi/5.4.1/../../../../arm-none-eabi/lib/armv6-m\libg_nano.a(lib_a-mlock.o)
 .debug_frame   0x000019bc       0x20 c:/program files (x86)/cypress/psoc creator/4.1/psoc creator/import/gnu/arm/5.4.1/bin/../lib/gcc/arm-none-eabi/5.4.1/../../../../arm-none-eabi/lib/armv6-m\libg_nano.a(lib_a-nano-msizer.o)
 .debug_frame   0x000019dc       0x48 c:/program files (x86)/cypress/psoc creator/4.1/psoc creator/import/gnu/arm/5.4.1/bin/../lib/gcc/arm-none-eabi/5.4.1/../../../../arm-none-eabi/lib/armv6-m\libg_nano.a(lib_a-reent.o)

.debug_str      0x00000000     0x1f1d
 *(.debug_str)
 .debug_str     0x00000000      0x209 .\CortexM0\ARM_GCC_541\Debug\main.o
                                0x249 (size before relaxing)
 .debug_str     0x00000209      0x112 .\CortexM0\ARM_GCC_541\Debug\i2c_functions.o
                                0x2ba (size before relaxing)
 .debug_str     0x0000031b        0x9 .\CortexM0\ARM_GCC_541\Debug\AS7262.o
                                 0xe4 (size before relaxing)
 .debug_str     0x00000324       0x10 .\CortexM0\ARM_GCC_541\Debug\usb_functions.o
                                 0xeb (size before relaxing)
 .debug_str     0x00000334       0x54 .\CortexM0\ARM_GCC_541\Debug\usb_psoc4.o
                                0x258 (size before relaxing)
 .debug_str     0x00000388      0x2ab .\CortexM0\ARM_GCC_541\Debug\AS7262_psoc4.o
                                0x507 (size before relaxing)
 .debug_str     0x00000633       0xbf .\CortexM0\ARM_GCC_541\Debug\cyfitter_cfg.o
                                0x266 (size before relaxing)
 .debug_str     0x000006f2       0x63 .\CortexM0\ARM_GCC_541\Debug\cymetadata.o
                                0x1d3 (size before relaxing)
 .debug_str     0x00000755      0x140 .\CortexM0\ARM_GCC_541\Debug\Cm0Start.o
                                0x30c (size before relaxing)
 .debug_str     0x00000895      0x114 .\CortexM0\ARM_GCC_541\Debug\AS7262_psoc4.a(I2C.o)
                                0x2c9 (size before relaxing)
 .debug_str     0x000009a9       0x71 .\CortexM0\ARM_GCC_541\Debug\AS7262_psoc4.a(I2C_I2C.o)
                                0x245 (size before relaxing)
 .debug_str     0x00000a1a      0x1b6 .\CortexM0\ARM_GCC_541\Debug\AS7262_psoc4.a(I2C_I2C_MASTER.o)
                                0x42e (size before relaxing)
 .debug_str     0x00000bd0      0x124 .\CortexM0\ARM_GCC_541\Debug\AS7262_psoc4.a(UART.o)
                                0x31b (size before relaxing)
 .debug_str     0x00000cf4      0x1b0 .\CortexM0\ARM_GCC_541\Debug\AS7262_psoc4.a(UART_SPI_UART.o)
                                0x38c (size before relaxing)
 .debug_str     0x00000ea4      0x134 .\CortexM0\ARM_GCC_541\Debug\AS7262_psoc4.a(UART_UART.o)
                                0x436 (size before relaxing)
 .debug_str     0x00000fd8      0x5f1 .\CortexM0\ARM_GCC_541\Debug\AS7262_psoc4.a(CyLib.o)
                                0x820 (size before relaxing)
 .debug_str     0x000015c9      0x6eb .\CortexM0\ARM_GCC_541\Debug\AS7262_psoc4.a(CyLFClk.o)
                                0x928 (size before relaxing)
 .debug_str     0x00001cb4       0xab .\CortexM0\ARM_GCC_541\Debug\AS7262_psoc4.a(Red_LED.o)
                                0x24f (size before relaxing)
 .debug_str     0x00001d5f       0x93 .\CortexM0\ARM_GCC_541\Debug\AS7262_psoc4.a(Green_LED.o)
                                0x25d (size before relaxing)
 .debug_str     0x00001df2       0x47 .\CortexM0\ARM_GCC_541\Debug\AS7262_psoc4.a(I2C_I2C_INT.o)
                                0x2b5 (size before relaxing)
 .debug_str     0x00001e39       0x3d .\CortexM0\ARM_GCC_541\Debug\AS7262_psoc4.a(UART_SPI_UART_INT.o)
                                0x294 (size before relaxing)
 .debug_str     0x00001e76       0xa7 .\CortexM0\ARM_GCC_541\Debug\AS7262_psoc4.a(CyFlash.o)
                                0x2bb (size before relaxing)

.debug_loc      0x00000000     0x328b
 *(.debug_loc)
 .debug_loc     0x00000000       0x1e .\CortexM0\ARM_GCC_541\Debug\main.o
 .debug_loc     0x0000001e      0x3e4 .\CortexM0\ARM_GCC_541\Debug\i2c_functions.o
 .debug_loc     0x00000402      0x123 .\CortexM0\ARM_GCC_541\Debug\usb_psoc4.o
 .debug_loc     0x00000525      0x4f7 .\CortexM0\ARM_GCC_541\Debug\AS7262_psoc4.o
 .debug_loc     0x00000a1c       0xa9 .\CortexM0\ARM_GCC_541\Debug\cyfitter_cfg.o
 .debug_loc     0x00000ac5      0x14f .\CortexM0\ARM_GCC_541\Debug\Cm0Start.o
 .debug_loc     0x00000c14       0x7e .\CortexM0\ARM_GCC_541\Debug\AS7262_psoc4.a(I2C.o)
 .debug_loc     0x00000c92      0x8e4 .\CortexM0\ARM_GCC_541\Debug\AS7262_psoc4.a(I2C_I2C_MASTER.o)
 .debug_loc     0x00001576       0x7e .\CortexM0\ARM_GCC_541\Debug\AS7262_psoc4.a(UART.o)
 .debug_loc     0x000015f4      0x170 .\CortexM0\ARM_GCC_541\Debug\AS7262_psoc4.a(UART_SPI_UART.o)
 .debug_loc     0x00001764      0x1c3 .\CortexM0\ARM_GCC_541\Debug\AS7262_psoc4.a(UART_UART.o)
 .debug_loc     0x00001927      0x7c0 .\CortexM0\ARM_GCC_541\Debug\AS7262_psoc4.a(CyLib.o)
 .debug_loc     0x000020e7      0xdb7 .\CortexM0\ARM_GCC_541\Debug\AS7262_psoc4.a(CyLFClk.o)
 .debug_loc     0x00002e9e       0xa2 .\CortexM0\ARM_GCC_541\Debug\AS7262_psoc4.a(Red_LED.o)
 .debug_loc     0x00002f40       0xa2 .\CortexM0\ARM_GCC_541\Debug\AS7262_psoc4.a(Green_LED.o)
 .debug_loc     0x00002fe2      0x10c .\CortexM0\ARM_GCC_541\Debug\AS7262_psoc4.a(I2C_I2C_INT.o)
 .debug_loc     0x000030ee       0x3d .\CortexM0\ARM_GCC_541\Debug\AS7262_psoc4.a(UART_SPI_UART_INT.o)
 .debug_loc     0x0000312b      0x160 .\CortexM0\ARM_GCC_541\Debug\AS7262_psoc4.a(CyFlash.o)

.debug_macinfo
 *(.debug_macinfo)

.debug_ranges   0x00000000      0x750
 *(.debug_ranges)
 .debug_ranges  0x00000000       0x10 .\CortexM0\ARM_GCC_541\Debug\main.o
 .debug_ranges  0x00000010       0x48 .\CortexM0\ARM_GCC_541\Debug\i2c_functions.o
 .debug_ranges  0x00000058       0x20 .\CortexM0\ARM_GCC_541\Debug\usb_psoc4.o
 .debug_ranges  0x00000078       0x88 .\CortexM0\ARM_GCC_541\Debug\AS7262_psoc4.o
 .debug_ranges  0x00000100       0x28 .\CortexM0\ARM_GCC_541\Debug\cyfitter_cfg.o
 .debug_ranges  0x00000128       0x38 .\CortexM0\ARM_GCC_541\Debug\Cm0Start.o
 .debug_ranges  0x00000160       0x50 .\CortexM0\ARM_GCC_541\Debug\AS7262_psoc4.a(I2C.o)
 .debug_ranges  0x000001b0       0x18 .\CortexM0\ARM_GCC_541\Debug\AS7262_psoc4.a(I2C_I2C.o)
 .debug_ranges  0x000001c8       0x78 .\CortexM0\ARM_GCC_541\Debug\AS7262_psoc4.a(I2C_I2C_MASTER.o)
 .debug_ranges  0x00000240       0x58 .\CortexM0\ARM_GCC_541\Debug\AS7262_psoc4.a(UART.o)
 .debug_ranges  0x00000298       0x50 .\CortexM0\ARM_GCC_541\Debug\AS7262_psoc4.a(UART_SPI_UART.o)
 .debug_ranges  0x000002e8       0x78 .\CortexM0\ARM_GCC_541\Debug\AS7262_psoc4.a(UART_UART.o)
 .debug_ranges  0x00000360      0x1b8 .\CortexM0\ARM_GCC_541\Debug\AS7262_psoc4.a(CyLib.o)
 .debug_ranges  0x00000518      0x178 .\CortexM0\ARM_GCC_541\Debug\AS7262_psoc4.a(CyLFClk.o)
 .debug_ranges  0x00000690       0x38 .\CortexM0\ARM_GCC_541\Debug\AS7262_psoc4.a(Red_LED.o)
 .debug_ranges  0x000006c8       0x38 .\CortexM0\ARM_GCC_541\Debug\AS7262_psoc4.a(Green_LED.o)
 .debug_ranges  0x00000700       0x10 .\CortexM0\ARM_GCC_541\Debug\AS7262_psoc4.a(I2C_I2C_INT.o)
 .debug_ranges  0x00000710       0x10 .\CortexM0\ARM_GCC_541\Debug\AS7262_psoc4.a(UART_SPI_UART_INT.o)
 .debug_ranges  0x00000720       0x30 .\CortexM0\ARM_GCC_541\Debug\AS7262_psoc4.a(CyFlash.o)

.comment        0x00000000       0x6e
 .comment       0x00000000       0x6e .\CortexM0\ARM_GCC_541\Debug\main.o
                                 0x6f (size before relaxing)
 .comment       0x0000006e       0x6f .\CortexM0\ARM_GCC_541\Debug\i2c_functions.o
 .comment       0x0000006e       0x6f .\CortexM0\ARM_GCC_541\Debug\AS7262.o
 .comment       0x0000006e       0x6f .\CortexM0\ARM_GCC_541\Debug\usb_functions.o
 .comment       0x0000006e       0x6f .\CortexM0\ARM_GCC_541\Debug\usb_psoc4.o
 .comment       0x0000006e       0x6f .\CortexM0\ARM_GCC_541\Debug\AS7262_psoc4.o
 .comment       0x0000006e       0x6f .\CortexM0\ARM_GCC_541\Debug\cyfitter_cfg.o
 .comment       0x0000006e       0x6f .\CortexM0\ARM_GCC_541\Debug\cymetadata.o
 .comment       0x0000006e       0x6f .\CortexM0\ARM_GCC_541\Debug\Cm0Start.o
 .comment       0x0000006e       0x6f .\CortexM0\ARM_GCC_541\Debug\AS7262_psoc4.a(I2C.o)
 .comment       0x0000006e       0x6f .\CortexM0\ARM_GCC_541\Debug\AS7262_psoc4.a(I2C_I2C.o)
 .comment       0x0000006e       0x6f .\CortexM0\ARM_GCC_541\Debug\AS7262_psoc4.a(I2C_I2C_MASTER.o)
 .comment       0x0000006e       0x6f .\CortexM0\ARM_GCC_541\Debug\AS7262_psoc4.a(UART.o)
 .comment       0x0000006e       0x6f .\CortexM0\ARM_GCC_541\Debug\AS7262_psoc4.a(UART_SPI_UART.o)
 .comment       0x0000006e       0x6f .\CortexM0\ARM_GCC_541\Debug\AS7262_psoc4.a(UART_UART.o)
 .comment       0x0000006e       0x6f .\CortexM0\ARM_GCC_541\Debug\AS7262_psoc4.a(CyLib.o)
 .comment       0x0000006e       0x6f .\CortexM0\ARM_GCC_541\Debug\AS7262_psoc4.a(CyLFClk.o)
 .comment       0x0000006e       0x6f .\CortexM0\ARM_GCC_541\Debug\AS7262_psoc4.a(Red_LED.o)
 .comment       0x0000006e       0x6f .\CortexM0\ARM_GCC_541\Debug\AS7262_psoc4.a(Green_LED.o)
 .comment       0x0000006e       0x6f .\CortexM0\ARM_GCC_541\Debug\AS7262_psoc4.a(I2C_I2C_INT.o)
 .comment       0x0000006e       0x6f .\CortexM0\ARM_GCC_541\Debug\AS7262_psoc4.a(UART_SPI_UART_INT.o)
 .comment       0x0000006e       0x6f .\CortexM0\ARM_GCC_541\Debug\AS7262_psoc4.a(CyFlash.o)

.debug_weaknames
 *(.debug_weaknames)

.debug_funcnames
 *(.debug_funcnames)

.debug_typenames
 *(.debug_typenames)

.debug_varnames
 *(.debug_varnames)

.note.gnu.arm.ident
 *(.note.gnu.arm.ident)

.ARM.attributes
                0x00000000       0x28
 *(.ARM.attributes)
 .ARM.attributes
                0x00000000       0x1e c:/program files (x86)/cypress/psoc creator/4.1/psoc creator/import/gnu/arm/5.4.1/bin/../lib/gcc/arm-none-eabi/5.4.1/armv6-m/crti.o
 .ARM.attributes
                0x0000001e       0x2c c:/program files (x86)/cypress/psoc creator/4.1/psoc creator/import/gnu/arm/5.4.1/bin/../lib/gcc/arm-none-eabi/5.4.1/armv6-m/crtbegin.o
 .ARM.attributes
                0x0000004a       0x1b c:/program files (x86)/cypress/psoc creator/4.1/psoc creator/import/gnu/arm/5.4.1/bin/../lib/gcc/arm-none-eabi/5.4.1/../../../../arm-none-eabi/lib/armv6-m/crt0.o
 .ARM.attributes
                0x00000065       0x31 .\CortexM0\ARM_GCC_541\Debug\main.o
 .ARM.attributes
                0x00000096       0x31 .\CortexM0\ARM_GCC_541\Debug\i2c_functions.o
 .ARM.attributes
                0x000000c7       0x31 .\CortexM0\ARM_GCC_541\Debug\AS7262.o
 .ARM.attributes
                0x000000f8       0x31 .\CortexM0\ARM_GCC_541\Debug\usb_functions.o
 .ARM.attributes
                0x00000129       0x31 .\CortexM0\ARM_GCC_541\Debug\usb_psoc4.o
 .ARM.attributes
                0x0000015a       0x31 .\CortexM0\ARM_GCC_541\Debug\AS7262_psoc4.o
 .ARM.attributes
                0x0000018b       0x31 .\CortexM0\ARM_GCC_541\Debug\cyfitter_cfg.o
 .ARM.attributes
                0x000001bc       0x31 .\CortexM0\ARM_GCC_541\Debug\cymetadata.o
 .ARM.attributes
                0x000001ed       0x31 .\CortexM0\ARM_GCC_541\Debug\Cm0Start.o
 .ARM.attributes
                0x0000021e       0x31 .\CortexM0\ARM_GCC_541\Debug\AS7262_psoc4.a(I2C.o)
 .ARM.attributes
                0x0000024f       0x31 .\CortexM0\ARM_GCC_541\Debug\AS7262_psoc4.a(I2C_I2C.o)
 .ARM.attributes
                0x00000280       0x31 .\CortexM0\ARM_GCC_541\Debug\AS7262_psoc4.a(I2C_I2C_MASTER.o)
 .ARM.attributes
                0x000002b1       0x31 .\CortexM0\ARM_GCC_541\Debug\AS7262_psoc4.a(UART.o)
 .ARM.attributes
                0x000002e2       0x31 .\CortexM0\ARM_GCC_541\Debug\AS7262_psoc4.a(UART_SPI_UART.o)
 .ARM.attributes
                0x00000313       0x31 .\CortexM0\ARM_GCC_541\Debug\AS7262_psoc4.a(UART_UART.o)
 .ARM.attributes
                0x00000344       0x31 .\CortexM0\ARM_GCC_541\Debug\AS7262_psoc4.a(CyLib.o)
 .ARM.attributes
                0x00000375       0x31 .\CortexM0\ARM_GCC_541\Debug\AS7262_psoc4.a(CyLFClk.o)
 .ARM.attributes
                0x000003a6       0x31 .\CortexM0\ARM_GCC_541\Debug\AS7262_psoc4.a(Red_LED.o)
 .ARM.attributes
                0x000003d7       0x31 .\CortexM0\ARM_GCC_541\Debug\AS7262_psoc4.a(Green_LED.o)
 .ARM.attributes
                0x00000408       0x21 .\CortexM0\ARM_GCC_541\Debug\AS7262_psoc4.a(CyBootAsmGnu.o)
 .ARM.attributes
                0x00000429       0x31 .\CortexM0\ARM_GCC_541\Debug\AS7262_psoc4.a(I2C_I2C_INT.o)
 .ARM.attributes
                0x0000045a       0x31 .\CortexM0\ARM_GCC_541\Debug\AS7262_psoc4.a(UART_SPI_UART_INT.o)
 .ARM.attributes
                0x0000048b       0x31 .\CortexM0\ARM_GCC_541\Debug\AS7262_psoc4.a(CyFlash.o)
 .ARM.attributes
                0x000004bc       0x1e c:/program files (x86)/cypress/psoc creator/4.1/psoc creator/import/gnu/arm/5.4.1/bin/../lib/gcc/arm-none-eabi/5.4.1/armv6-m\libgcc.a(_udivsi3.o)
 .ARM.attributes
                0x000004da       0x1e c:/program files (x86)/cypress/psoc creator/4.1/psoc creator/import/gnu/arm/5.4.1/bin/../lib/gcc/arm-none-eabi/5.4.1/armv6-m\libgcc.a(_divsi3.o)
 .ARM.attributes
                0x000004f8       0x1e c:/program files (x86)/cypress/psoc creator/4.1/psoc creator/import/gnu/arm/5.4.1/bin/../lib/gcc/arm-none-eabi/5.4.1/armv6-m\libgcc.a(_dvmd_tls.o)
 .ARM.attributes
                0x00000516       0x2c c:/program files (x86)/cypress/psoc creator/4.1/psoc creator/import/gnu/arm/5.4.1/bin/../lib/gcc/arm-none-eabi/5.4.1/armv6-m\libgcc.a(_fixunsdfsi.o)
 .ARM.attributes
                0x00000542       0x2c c:/program files (x86)/cypress/psoc creator/4.1/psoc creator/import/gnu/arm/5.4.1/bin/../lib/gcc/arm-none-eabi/5.4.1/armv6-m\libgcc.a(muldf3.o)
 .ARM.attributes
                0x0000056e       0x2c c:/program files (x86)/cypress/psoc creator/4.1/psoc creator/import/gnu/arm/5.4.1/bin/../lib/gcc/arm-none-eabi/5.4.1/armv6-m\libgcc.a(subdf3.o)
 .ARM.attributes
                0x0000059a       0x2c c:/program files (x86)/cypress/psoc creator/4.1/psoc creator/import/gnu/arm/5.4.1/bin/../lib/gcc/arm-none-eabi/5.4.1/armv6-m\libgcc.a(fixdfsi.o)
 .ARM.attributes
                0x000005c6       0x2c c:/program files (x86)/cypress/psoc creator/4.1/psoc creator/import/gnu/arm/5.4.1/bin/../lib/gcc/arm-none-eabi/5.4.1/armv6-m\libgcc.a(floatsidf.o)
 .ARM.attributes
                0x000005f2       0x1e c:/program files (x86)/cypress/psoc creator/4.1/psoc creator/import/gnu/arm/5.4.1/bin/../lib/gcc/arm-none-eabi/5.4.1/armv6-m\libgcc.a(_arm_cmpdf2.o)
 .ARM.attributes
                0x00000610       0x1e c:/program files (x86)/cypress/psoc creator/4.1/psoc creator/import/gnu/arm/5.4.1/bin/../lib/gcc/arm-none-eabi/5.4.1/armv6-m\libgcc.a(_clzsi2.o)
 .ARM.attributes
                0x0000062e       0x2c c:/program files (x86)/cypress/psoc creator/4.1/psoc creator/import/gnu/arm/5.4.1/bin/../lib/gcc/arm-none-eabi/5.4.1/armv6-m\libgcc.a(eqdf2.o)
 .ARM.attributes
                0x0000065a       0x2c c:/program files (x86)/cypress/psoc creator/4.1/psoc creator/import/gnu/arm/5.4.1/bin/../lib/gcc/arm-none-eabi/5.4.1/armv6-m\libgcc.a(gedf2.o)
 .ARM.attributes
                0x00000686       0x2c c:/program files (x86)/cypress/psoc creator/4.1/psoc creator/import/gnu/arm/5.4.1/bin/../lib/gcc/arm-none-eabi/5.4.1/armv6-m\libgcc.a(ledf2.o)
 .ARM.attributes
                0x000006b2       0x2c c:/program files (x86)/cypress/psoc creator/4.1/psoc creator/import/gnu/arm/5.4.1/bin/../lib/gcc/arm-none-eabi/5.4.1/../../../../arm-none-eabi/lib/armv6-m\libg_nano.a(lib_a-errno.o)
 .ARM.attributes
                0x000006de       0x2c c:/program files (x86)/cypress/psoc creator/4.1/psoc creator/import/gnu/arm/5.4.1/bin/../lib/gcc/arm-none-eabi/5.4.1/../../../../arm-none-eabi/lib/armv6-m\libg_nano.a(lib_a-exit.o)
 .ARM.attributes
                0x0000070a       0x2c c:/program files (x86)/cypress/psoc creator/4.1/psoc creator/import/gnu/arm/5.4.1/bin/../lib/gcc/arm-none-eabi/5.4.1/../../../../arm-none-eabi/lib/armv6-m\libg_nano.a(lib_a-impure.o)
 .ARM.attributes
                0x00000736       0x2c c:/program files (x86)/cypress/psoc creator/4.1/psoc creator/import/gnu/arm/5.4.1/bin/../lib/gcc/arm-none-eabi/5.4.1/../../../../arm-none-eabi/lib/armv6-m\libg_nano.a(lib_a-init.o)
 .ARM.attributes
                0x00000762       0x2c c:/program files (x86)/cypress/psoc creator/4.1/psoc creator/import/gnu/arm/5.4.1/bin/../lib/gcc/arm-none-eabi/5.4.1/../../../../arm-none-eabi/lib/armv6-m\libg_nano.a(lib_a-memcpy-stub.o)
 .ARM.attributes
                0x0000078e       0x2c c:/program files (x86)/cypress/psoc creator/4.1/psoc creator/import/gnu/arm/5.4.1/bin/../lib/gcc/arm-none-eabi/5.4.1/../../../../arm-none-eabi/lib/armv6-m\libg_nano.a(lib_a-memset.o)
 .ARM.attributes
                0x000007ba       0x2c c:/program files (x86)/cypress/psoc creator/4.1/psoc creator/import/gnu/arm/5.4.1/bin/../lib/gcc/arm-none-eabi/5.4.1/../../../../arm-none-eabi/lib/armv6-m\libg_nano.a(lib_a-sprintf.o)
 .ARM.attributes
                0x000007e6       0x2c c:/program files (x86)/cypress/psoc creator/4.1/psoc creator/import/gnu/arm/5.4.1/bin/../lib/gcc/arm-none-eabi/5.4.1/../../../../arm-none-eabi/lib/armv6-m\libg_nano.a(lib_a-nano-svfprintf.o)
 .ARM.attributes
                0x00000812       0x2c c:/program files (x86)/cypress/psoc creator/4.1/psoc creator/import/gnu/arm/5.4.1/bin/../lib/gcc/arm-none-eabi/5.4.1/../../../../arm-none-eabi/lib/armv6-m\libg_nano.a(lib_a-nano-vfprintf_i.o)
 .ARM.attributes
                0x0000083e       0x2c c:/program files (x86)/cypress/psoc creator/4.1/psoc creator/import/gnu/arm/5.4.1/bin/../lib/gcc/arm-none-eabi/5.4.1/../../../../arm-none-eabi/lib/armv6-m\libg_nano.a(lib_a-memchr-stub.o)
 .ARM.attributes
                0x0000086a       0x2c c:/program files (x86)/cypress/psoc creator/4.1/psoc creator/import/gnu/arm/5.4.1/bin/../lib/gcc/arm-none-eabi/5.4.1/../../../../arm-none-eabi/lib/armv6-m\libg_nano.a(lib_a-memmove.o)
 .ARM.attributes
                0x00000896       0x2c c:/program files (x86)/cypress/psoc creator/4.1/psoc creator/import/gnu/arm/5.4.1/bin/../lib/gcc/arm-none-eabi/5.4.1/../../../../arm-none-eabi/lib/armv6-m\libg_nano.a(lib_a-nano-freer.o)
 .ARM.attributes
                0x000008c2       0x2c c:/program files (x86)/cypress/psoc creator/4.1/psoc creator/import/gnu/arm/5.4.1/bin/../lib/gcc/arm-none-eabi/5.4.1/../../../../arm-none-eabi/lib/armv6-m\libg_nano.a(lib_a-nano-mallocr.o)
 .ARM.attributes
                0x000008ee       0x2c c:/program files (x86)/cypress/psoc creator/4.1/psoc creator/import/gnu/arm/5.4.1/bin/../lib/gcc/arm-none-eabi/5.4.1/../../../../arm-none-eabi/lib/armv6-m\libg_nano.a(lib_a-nano-reallocr.o)
 .ARM.attributes
                0x0000091a       0x2c c:/program files (x86)/cypress/psoc creator/4.1/psoc creator/import/gnu/arm/5.4.1/bin/../lib/gcc/arm-none-eabi/5.4.1/../../../../arm-none-eabi/lib/armv6-m\libg_nano.a(lib_a-sbrkr.o)
 .ARM.attributes
                0x00000946       0x2c c:/program files (x86)/cypress/psoc creator/4.1/psoc creator/import/gnu/arm/5.4.1/bin/../lib/gcc/arm-none-eabi/5.4.1/../../../../arm-none-eabi/lib/armv6-m\libg_nano.a(lib_a-mlock.o)
 .ARM.attributes
                0x00000972       0x2c c:/program files (x86)/cypress/psoc creator/4.1/psoc creator/import/gnu/arm/5.4.1/bin/../lib/gcc/arm-none-eabi/5.4.1/../../../../arm-none-eabi/lib/armv6-m\libg_nano.a(lib_a-nano-msizer.o)
 .ARM.attributes
                0x0000099e       0x2c c:/program files (x86)/cypress/psoc creator/4.1/psoc creator/import/gnu/arm/5.4.1/bin/../lib/gcc/arm-none-eabi/5.4.1/../../../../arm-none-eabi/lib/armv6-m\libg_nano.a(lib_a-reent.o)
 .ARM.attributes
                0x000009ca       0x2c c:/program files (x86)/cypress/psoc creator/4.1/psoc creator/import/gnu/arm/5.4.1/bin/../lib/gcc/arm-none-eabi/5.4.1/armv6-m/crtend.o
 .ARM.attributes
                0x000009f6       0x1e c:/program files (x86)/cypress/psoc creator/4.1/psoc creator/import/gnu/arm/5.4.1/bin/../lib/gcc/arm-none-eabi/5.4.1/armv6-m/crtn.o

/DISCARD/
 *(.note.GNU-stack)
OUTPUT(C:\Users\Kyle\Documents\PSoC Creator\Spectrometers\AS7262\AS7262_psoc4.cydsn\CortexM0\ARM_GCC_541\Debug\AS7262_psoc4.elf elf32-littlearm)
