ARM GAS  C:\Users\Kyle\AppData\Local\Temp\ccClFmf0.s 			page 1


   1              		.syntax unified
   2              		.cpu cortex-m0
   3              		.fpu softvfp
   4              		.eabi_attribute 20, 1
   5              		.eabi_attribute 21, 1
   6              		.eabi_attribute 23, 3
   7              		.eabi_attribute 24, 1
   8              		.eabi_attribute 25, 1
   9              		.eabi_attribute 26, 1
  10              		.eabi_attribute 30, 1
  11              		.eabi_attribute 34, 0
  12              		.eabi_attribute 18, 4
  13              		.thumb
  14              		.syntax unified
  15              		.file	"cyfitter_cfg.c"
  16              		.text
  17              	.Ltext0:
  18              		.cfi_sections	.debug_frame
  19              		.section	.text.AnalogSetDefault,"ax",%progbits
  20              		.align	2
  21              		.code	16
  22              		.thumb_func
  23              		.type	AnalogSetDefault, %function
  24              	AnalogSetDefault:
  25              	.LFB5:
  26              		.file 1 "Generated_Source\\PSoC4\\cyfitter_cfg.c"
   1:Generated_Source\PSoC4/cyfitter_cfg.c **** 
   2:Generated_Source\PSoC4/cyfitter_cfg.c **** /*******************************************************************************
   3:Generated_Source\PSoC4/cyfitter_cfg.c **** * File Name: cyfitter_cfg.c
   4:Generated_Source\PSoC4/cyfitter_cfg.c **** * 
   5:Generated_Source\PSoC4/cyfitter_cfg.c **** * PSoC Creator  4.1
   6:Generated_Source\PSoC4/cyfitter_cfg.c **** *
   7:Generated_Source\PSoC4/cyfitter_cfg.c **** * Description:
   8:Generated_Source\PSoC4/cyfitter_cfg.c **** * This file contains device initialization code.
   9:Generated_Source\PSoC4/cyfitter_cfg.c **** * Except for the user defined sections in CyClockStartupError(), this file should not be modified.
  10:Generated_Source\PSoC4/cyfitter_cfg.c **** * This file is automatically generated by PSoC Creator.
  11:Generated_Source\PSoC4/cyfitter_cfg.c **** *
  12:Generated_Source\PSoC4/cyfitter_cfg.c **** ********************************************************************************
  13:Generated_Source\PSoC4/cyfitter_cfg.c **** * Copyright (c) 2007-2017 Cypress Semiconductor.  All rights reserved.
  14:Generated_Source\PSoC4/cyfitter_cfg.c **** * You may use this file only in accordance with the license, terms, conditions, 
  15:Generated_Source\PSoC4/cyfitter_cfg.c **** * disclaimers, and limitations in the end user license agreement accompanying 
  16:Generated_Source\PSoC4/cyfitter_cfg.c **** * the software package with which this file was provided.
  17:Generated_Source\PSoC4/cyfitter_cfg.c **** ********************************************************************************/
  18:Generated_Source\PSoC4/cyfitter_cfg.c **** 
  19:Generated_Source\PSoC4/cyfitter_cfg.c **** #include <string.h>
  20:Generated_Source\PSoC4/cyfitter_cfg.c **** #include "cytypes.h"
  21:Generated_Source\PSoC4/cyfitter_cfg.c **** #include "cydevice_trm.h"
  22:Generated_Source\PSoC4/cyfitter_cfg.c **** #include "cyfitter.h"
  23:Generated_Source\PSoC4/cyfitter_cfg.c **** #include "CyLib.h"
  24:Generated_Source\PSoC4/cyfitter_cfg.c **** #include "CyLFClk.h"
  25:Generated_Source\PSoC4/cyfitter_cfg.c **** #include "cyfitter_cfg.h"
  26:Generated_Source\PSoC4/cyfitter_cfg.c **** #include "cyapicallbacks.h"
  27:Generated_Source\PSoC4/cyfitter_cfg.c **** 
  28:Generated_Source\PSoC4/cyfitter_cfg.c **** 
  29:Generated_Source\PSoC4/cyfitter_cfg.c **** #if defined(__GNUC__) || defined(__ARMCC_VERSION)
  30:Generated_Source\PSoC4/cyfitter_cfg.c ****     #define CYPACKED 
  31:Generated_Source\PSoC4/cyfitter_cfg.c ****     #define CYPACKED_ATTR __attribute__ ((packed))
ARM GAS  C:\Users\Kyle\AppData\Local\Temp\ccClFmf0.s 			page 2


  32:Generated_Source\PSoC4/cyfitter_cfg.c ****     #define CYALIGNED __attribute__ ((aligned))
  33:Generated_Source\PSoC4/cyfitter_cfg.c ****     #define CY_CFG_UNUSED __attribute__ ((unused))
  34:Generated_Source\PSoC4/cyfitter_cfg.c ****     #ifndef CY_CFG_SECTION
  35:Generated_Source\PSoC4/cyfitter_cfg.c ****         #define CY_CFG_SECTION __attribute__ ((section(".psocinit")))
  36:Generated_Source\PSoC4/cyfitter_cfg.c ****     #endif
  37:Generated_Source\PSoC4/cyfitter_cfg.c ****     
  38:Generated_Source\PSoC4/cyfitter_cfg.c ****     #if defined(__ARMCC_VERSION)
  39:Generated_Source\PSoC4/cyfitter_cfg.c ****         #define CY_CFG_MEMORY_BARRIER() __memory_changed()
  40:Generated_Source\PSoC4/cyfitter_cfg.c ****     #else
  41:Generated_Source\PSoC4/cyfitter_cfg.c ****         #define CY_CFG_MEMORY_BARRIER() __sync_synchronize()
  42:Generated_Source\PSoC4/cyfitter_cfg.c ****     #endif
  43:Generated_Source\PSoC4/cyfitter_cfg.c ****     
  44:Generated_Source\PSoC4/cyfitter_cfg.c **** #elif defined(__ICCARM__)
  45:Generated_Source\PSoC4/cyfitter_cfg.c ****     #include <intrinsics.h>
  46:Generated_Source\PSoC4/cyfitter_cfg.c **** 
  47:Generated_Source\PSoC4/cyfitter_cfg.c ****     #define CYPACKED __packed
  48:Generated_Source\PSoC4/cyfitter_cfg.c ****     #define CYPACKED_ATTR 
  49:Generated_Source\PSoC4/cyfitter_cfg.c ****     #define CYALIGNED _Pragma("data_alignment=4")
  50:Generated_Source\PSoC4/cyfitter_cfg.c ****     #define CY_CFG_UNUSED _Pragma("diag_suppress=Pe177")
  51:Generated_Source\PSoC4/cyfitter_cfg.c ****     #define CY_CFG_SECTION _Pragma("location=\".psocinit\"")
  52:Generated_Source\PSoC4/cyfitter_cfg.c ****     
  53:Generated_Source\PSoC4/cyfitter_cfg.c ****     #define CY_CFG_MEMORY_BARRIER() __DMB()
  54:Generated_Source\PSoC4/cyfitter_cfg.c ****     
  55:Generated_Source\PSoC4/cyfitter_cfg.c **** #else
  56:Generated_Source\PSoC4/cyfitter_cfg.c ****     #error Unsupported toolchain
  57:Generated_Source\PSoC4/cyfitter_cfg.c **** #endif
  58:Generated_Source\PSoC4/cyfitter_cfg.c **** 
  59:Generated_Source\PSoC4/cyfitter_cfg.c **** #ifndef CYCODE
  60:Generated_Source\PSoC4/cyfitter_cfg.c ****     #define CYCODE
  61:Generated_Source\PSoC4/cyfitter_cfg.c **** #endif
  62:Generated_Source\PSoC4/cyfitter_cfg.c **** #ifndef CYDATA
  63:Generated_Source\PSoC4/cyfitter_cfg.c ****     #define CYDATA
  64:Generated_Source\PSoC4/cyfitter_cfg.c **** #endif
  65:Generated_Source\PSoC4/cyfitter_cfg.c **** #ifndef CYFAR
  66:Generated_Source\PSoC4/cyfitter_cfg.c ****     #define CYFAR
  67:Generated_Source\PSoC4/cyfitter_cfg.c **** #endif
  68:Generated_Source\PSoC4/cyfitter_cfg.c **** #ifndef CYXDATA
  69:Generated_Source\PSoC4/cyfitter_cfg.c ****     #define CYXDATA
  70:Generated_Source\PSoC4/cyfitter_cfg.c **** #endif
  71:Generated_Source\PSoC4/cyfitter_cfg.c **** 
  72:Generated_Source\PSoC4/cyfitter_cfg.c **** 
  73:Generated_Source\PSoC4/cyfitter_cfg.c **** CY_CFG_UNUSED
  74:Generated_Source\PSoC4/cyfitter_cfg.c **** static void CYMEMZERO(void *s, size_t n);
  75:Generated_Source\PSoC4/cyfitter_cfg.c **** CY_CFG_UNUSED
  76:Generated_Source\PSoC4/cyfitter_cfg.c **** static void CYMEMZERO(void *s, size_t n)
  77:Generated_Source\PSoC4/cyfitter_cfg.c **** {
  78:Generated_Source\PSoC4/cyfitter_cfg.c **** 	(void)memset(s, 0, n);
  79:Generated_Source\PSoC4/cyfitter_cfg.c **** }
  80:Generated_Source\PSoC4/cyfitter_cfg.c **** CY_CFG_UNUSED
  81:Generated_Source\PSoC4/cyfitter_cfg.c **** static void CYCONFIGCPY(void *dest, const void *src, size_t n);
  82:Generated_Source\PSoC4/cyfitter_cfg.c **** CY_CFG_UNUSED
  83:Generated_Source\PSoC4/cyfitter_cfg.c **** static void CYCONFIGCPY(void *dest, const void *src, size_t n)
  84:Generated_Source\PSoC4/cyfitter_cfg.c **** {
  85:Generated_Source\PSoC4/cyfitter_cfg.c **** 	(void)memcpy(dest, src, n);
  86:Generated_Source\PSoC4/cyfitter_cfg.c **** }
  87:Generated_Source\PSoC4/cyfitter_cfg.c **** CY_CFG_UNUSED
  88:Generated_Source\PSoC4/cyfitter_cfg.c **** static void CYCONFIGCPYCODE(void *dest, const void *src, size_t n);
ARM GAS  C:\Users\Kyle\AppData\Local\Temp\ccClFmf0.s 			page 3


  89:Generated_Source\PSoC4/cyfitter_cfg.c **** CY_CFG_UNUSED
  90:Generated_Source\PSoC4/cyfitter_cfg.c **** static void CYCONFIGCPYCODE(void *dest, const void *src, size_t n)
  91:Generated_Source\PSoC4/cyfitter_cfg.c **** {
  92:Generated_Source\PSoC4/cyfitter_cfg.c **** 	(void)memcpy(dest, src, n);
  93:Generated_Source\PSoC4/cyfitter_cfg.c **** }
  94:Generated_Source\PSoC4/cyfitter_cfg.c **** 
  95:Generated_Source\PSoC4/cyfitter_cfg.c **** 
  96:Generated_Source\PSoC4/cyfitter_cfg.c **** 
  97:Generated_Source\PSoC4/cyfitter_cfg.c **** 
  98:Generated_Source\PSoC4/cyfitter_cfg.c **** /* Clock startup error codes                                                   */
  99:Generated_Source\PSoC4/cyfitter_cfg.c **** #define CYCLOCKSTART_NO_ERROR    0u
 100:Generated_Source\PSoC4/cyfitter_cfg.c **** #define CYCLOCKSTART_XTAL_ERROR  1u
 101:Generated_Source\PSoC4/cyfitter_cfg.c **** #define CYCLOCKSTART_32KHZ_ERROR 2u
 102:Generated_Source\PSoC4/cyfitter_cfg.c **** #define CYCLOCKSTART_PLL_ERROR   3u
 103:Generated_Source\PSoC4/cyfitter_cfg.c **** #define CYCLOCKSTART_FLL_ERROR   4u
 104:Generated_Source\PSoC4/cyfitter_cfg.c **** 
 105:Generated_Source\PSoC4/cyfitter_cfg.c **** 
 106:Generated_Source\PSoC4/cyfitter_cfg.c **** #ifdef CY_NEED_CYCLOCKSTARTUPERROR
 107:Generated_Source\PSoC4/cyfitter_cfg.c **** /*******************************************************************************
 108:Generated_Source\PSoC4/cyfitter_cfg.c **** * Function Name: CyClockStartupError
 109:Generated_Source\PSoC4/cyfitter_cfg.c **** ********************************************************************************
 110:Generated_Source\PSoC4/cyfitter_cfg.c **** * Summary:
 111:Generated_Source\PSoC4/cyfitter_cfg.c **** *  If an error is encountered during clock configuration (crystal startup error,
 112:Generated_Source\PSoC4/cyfitter_cfg.c **** *  PLL lock error, etc.), the system will end up here.  Unless reimplemented by
 113:Generated_Source\PSoC4/cyfitter_cfg.c **** *  the customer, this function will stop in an infinite loop.
 114:Generated_Source\PSoC4/cyfitter_cfg.c **** *
 115:Generated_Source\PSoC4/cyfitter_cfg.c **** * Parameters:
 116:Generated_Source\PSoC4/cyfitter_cfg.c **** *   void
 117:Generated_Source\PSoC4/cyfitter_cfg.c **** *
 118:Generated_Source\PSoC4/cyfitter_cfg.c **** * Return:
 119:Generated_Source\PSoC4/cyfitter_cfg.c **** *   void
 120:Generated_Source\PSoC4/cyfitter_cfg.c **** *
 121:Generated_Source\PSoC4/cyfitter_cfg.c **** *******************************************************************************/
 122:Generated_Source\PSoC4/cyfitter_cfg.c **** CY_CFG_UNUSED
 123:Generated_Source\PSoC4/cyfitter_cfg.c **** static void CyClockStartupError(uint8 errorCode);
 124:Generated_Source\PSoC4/cyfitter_cfg.c **** CY_CFG_UNUSED
 125:Generated_Source\PSoC4/cyfitter_cfg.c **** static void CyClockStartupError(uint8 errorCode)
 126:Generated_Source\PSoC4/cyfitter_cfg.c **** {
 127:Generated_Source\PSoC4/cyfitter_cfg.c ****     /* To remove the compiler warning if errorCode not used. */
 128:Generated_Source\PSoC4/cyfitter_cfg.c **** #if defined(CY_PSOC3) && (CY_PSOC3)
 129:Generated_Source\PSoC4/cyfitter_cfg.c ****     errorCode = errorCode;
 130:Generated_Source\PSoC4/cyfitter_cfg.c **** #else
 131:Generated_Source\PSoC4/cyfitter_cfg.c ****     (void)errorCode;
 132:Generated_Source\PSoC4/cyfitter_cfg.c **** #endif /* CY_PSOC3 */
 133:Generated_Source\PSoC4/cyfitter_cfg.c **** 
 134:Generated_Source\PSoC4/cyfitter_cfg.c ****     /* If we have a clock startup error (bad MHz crystal, PLL lock, etc.),  */
 135:Generated_Source\PSoC4/cyfitter_cfg.c ****     /* we will end up here to allow the customer to implement something to  */
 136:Generated_Source\PSoC4/cyfitter_cfg.c ****     /* deal with the clock condition.                                       */
 137:Generated_Source\PSoC4/cyfitter_cfg.c **** 
 138:Generated_Source\PSoC4/cyfitter_cfg.c **** #ifdef CY_CFG_CLOCK_STARTUP_ERROR_CALLBACK
 139:Generated_Source\PSoC4/cyfitter_cfg.c ****     CY_CFG_Clock_Startup_ErrorCallback();
 140:Generated_Source\PSoC4/cyfitter_cfg.c **** #else
 141:Generated_Source\PSoC4/cyfitter_cfg.c ****     /*  If not using CY_CFG_CLOCK_STARTUP_ERROR_CALLBACK, place your clock startup code here. */
 142:Generated_Source\PSoC4/cyfitter_cfg.c ****     /* `#START CyClockStartupError` */
 143:Generated_Source\PSoC4/cyfitter_cfg.c **** 
 144:Generated_Source\PSoC4/cyfitter_cfg.c **** 
 145:Generated_Source\PSoC4/cyfitter_cfg.c **** 
ARM GAS  C:\Users\Kyle\AppData\Local\Temp\ccClFmf0.s 			page 4


 146:Generated_Source\PSoC4/cyfitter_cfg.c ****     /* `#END` */
 147:Generated_Source\PSoC4/cyfitter_cfg.c **** 
 148:Generated_Source\PSoC4/cyfitter_cfg.c ****     while(1) {}
 149:Generated_Source\PSoC4/cyfitter_cfg.c **** #endif /* CY_CFG_CLOCK_STARTUP_ERROR_CALLBACK */
 150:Generated_Source\PSoC4/cyfitter_cfg.c **** }
 151:Generated_Source\PSoC4/cyfitter_cfg.c **** #endif
 152:Generated_Source\PSoC4/cyfitter_cfg.c **** 
 153:Generated_Source\PSoC4/cyfitter_cfg.c **** 
 154:Generated_Source\PSoC4/cyfitter_cfg.c **** 
 155:Generated_Source\PSoC4/cyfitter_cfg.c **** /*******************************************************************************
 156:Generated_Source\PSoC4/cyfitter_cfg.c **** * Function Name: ClockSetup
 157:Generated_Source\PSoC4/cyfitter_cfg.c **** ********************************************************************************
 158:Generated_Source\PSoC4/cyfitter_cfg.c **** *
 159:Generated_Source\PSoC4/cyfitter_cfg.c **** * Summary:
 160:Generated_Source\PSoC4/cyfitter_cfg.c **** *   Performs the initialization of all of the clocks in the device based on the
 161:Generated_Source\PSoC4/cyfitter_cfg.c **** *   settings in the Clock tab of the DWR.  This includes enabling the requested
 162:Generated_Source\PSoC4/cyfitter_cfg.c **** *   clocks and setting the necessary dividers to produce the desired frequency. 
 163:Generated_Source\PSoC4/cyfitter_cfg.c **** *
 164:Generated_Source\PSoC4/cyfitter_cfg.c **** * Parameters:
 165:Generated_Source\PSoC4/cyfitter_cfg.c **** *   void
 166:Generated_Source\PSoC4/cyfitter_cfg.c **** *
 167:Generated_Source\PSoC4/cyfitter_cfg.c **** * Return:
 168:Generated_Source\PSoC4/cyfitter_cfg.c **** *   void
 169:Generated_Source\PSoC4/cyfitter_cfg.c **** *
 170:Generated_Source\PSoC4/cyfitter_cfg.c **** *******************************************************************************/
 171:Generated_Source\PSoC4/cyfitter_cfg.c **** static void ClockSetup(void);
 172:Generated_Source\PSoC4/cyfitter_cfg.c **** CY_CFG_SECTION
 173:Generated_Source\PSoC4/cyfitter_cfg.c **** static void ClockSetup(void)
 174:Generated_Source\PSoC4/cyfitter_cfg.c **** {
 175:Generated_Source\PSoC4/cyfitter_cfg.c **** 
 176:Generated_Source\PSoC4/cyfitter_cfg.c **** 	/* Set Flash Cycles based on max possible frequency in case a glitch occurs during ClockSetup(). *
 177:Generated_Source\PSoC4/cyfitter_cfg.c **** 	CY_SET_REG32((void CYXDATA *)(CYREG_CPUSS_FLASH_CTL), (0x0012u));
 178:Generated_Source\PSoC4/cyfitter_cfg.c **** 	/* Setup and trim IMO based on desired frequency. */
 179:Generated_Source\PSoC4/cyfitter_cfg.c **** 	CySysClkWriteImoFreq(48u);
 180:Generated_Source\PSoC4/cyfitter_cfg.c **** 	/* CYDEV_CLK_ILO_CONFIG Starting address: CYDEV_CLK_ILO_CONFIG */
 181:Generated_Source\PSoC4/cyfitter_cfg.c **** 	CY_SET_REG32((void *)(CYREG_CLK_ILO_CONFIG), 0x80000006u);
 182:Generated_Source\PSoC4/cyfitter_cfg.c **** 
 183:Generated_Source\PSoC4/cyfitter_cfg.c **** 
 184:Generated_Source\PSoC4/cyfitter_cfg.c **** 	/* Setup phase aligned clocks */
 185:Generated_Source\PSoC4/cyfitter_cfg.c **** 	CY_SET_REG32((void *)CYREG_PERI_DIV_16_CTL1, 0x00002200u);
 186:Generated_Source\PSoC4/cyfitter_cfg.c **** 	CY_SET_REG32((void *)CYREG_PERI_DIV_CMD, 0x8000FF41u);
 187:Generated_Source\PSoC4/cyfitter_cfg.c **** 	CY_SET_REG32((void *)CYREG_PERI_DIV_16_CTL0, 0x00001D00u);
 188:Generated_Source\PSoC4/cyfitter_cfg.c **** 	CY_SET_REG32((void *)CYREG_PERI_DIV_CMD, 0x8000FF40u);
 189:Generated_Source\PSoC4/cyfitter_cfg.c **** 
 190:Generated_Source\PSoC4/cyfitter_cfg.c **** 	/* CYDEV_CLK_IMO_CONFIG Starting address: CYDEV_CLK_IMO_CONFIG */
 191:Generated_Source\PSoC4/cyfitter_cfg.c **** 	CY_SET_REG32((void *)(CYREG_CLK_IMO_CONFIG), 0x80000000u);
 192:Generated_Source\PSoC4/cyfitter_cfg.c **** 
 193:Generated_Source\PSoC4/cyfitter_cfg.c **** 	/* CYDEV_CLK_SELECT Starting address: CYDEV_CLK_SELECT */
 194:Generated_Source\PSoC4/cyfitter_cfg.c **** 	CY_SET_REG32((void *)(CYREG_CLK_SELECT), 0x00040000u);
 195:Generated_Source\PSoC4/cyfitter_cfg.c **** 
 196:Generated_Source\PSoC4/cyfitter_cfg.c **** 	/* CYDEV_PERI_PCLK_CTL5 Starting address: CYDEV_PERI_PCLK_CTL5 */
 197:Generated_Source\PSoC4/cyfitter_cfg.c **** 	CY_SET_REG32((void *)(CYREG_PERI_PCLK_CTL5), 0x00000041u);
 198:Generated_Source\PSoC4/cyfitter_cfg.c **** 
 199:Generated_Source\PSoC4/cyfitter_cfg.c **** 	/* CYDEV_PERI_PCLK_CTL2 Starting address: CYDEV_PERI_PCLK_CTL2 */
 200:Generated_Source\PSoC4/cyfitter_cfg.c **** 	CY_SET_REG32((void *)(CYREG_PERI_PCLK_CTL2), 0x00000040u);
 201:Generated_Source\PSoC4/cyfitter_cfg.c **** 
 202:Generated_Source\PSoC4/cyfitter_cfg.c **** 	(void)CyIntSetVector(7u, &CySysWdtIsr);
ARM GAS  C:\Users\Kyle\AppData\Local\Temp\ccClFmf0.s 			page 5


 203:Generated_Source\PSoC4/cyfitter_cfg.c **** 	CyIntEnable(7u);
 204:Generated_Source\PSoC4/cyfitter_cfg.c **** 	CY_SET_REG32((void *)(CYREG_WDT_CONFIG), 0x00000000u);
 205:Generated_Source\PSoC4/cyfitter_cfg.c **** }
 206:Generated_Source\PSoC4/cyfitter_cfg.c **** 
 207:Generated_Source\PSoC4/cyfitter_cfg.c **** 
 208:Generated_Source\PSoC4/cyfitter_cfg.c **** /* Analog API Functions */
 209:Generated_Source\PSoC4/cyfitter_cfg.c **** 
 210:Generated_Source\PSoC4/cyfitter_cfg.c **** 
 211:Generated_Source\PSoC4/cyfitter_cfg.c **** /*******************************************************************************
 212:Generated_Source\PSoC4/cyfitter_cfg.c **** * Function Name: AnalogSetDefault
 213:Generated_Source\PSoC4/cyfitter_cfg.c **** ********************************************************************************
 214:Generated_Source\PSoC4/cyfitter_cfg.c **** *
 215:Generated_Source\PSoC4/cyfitter_cfg.c **** * Summary:
 216:Generated_Source\PSoC4/cyfitter_cfg.c **** *  Sets up the analog portions of the chip to default values based on chip
 217:Generated_Source\PSoC4/cyfitter_cfg.c **** *  configuration options from the project.
 218:Generated_Source\PSoC4/cyfitter_cfg.c **** *
 219:Generated_Source\PSoC4/cyfitter_cfg.c **** * Parameters:
 220:Generated_Source\PSoC4/cyfitter_cfg.c **** *  void
 221:Generated_Source\PSoC4/cyfitter_cfg.c **** *
 222:Generated_Source\PSoC4/cyfitter_cfg.c **** * Return:
 223:Generated_Source\PSoC4/cyfitter_cfg.c **** *  void
 224:Generated_Source\PSoC4/cyfitter_cfg.c **** *
 225:Generated_Source\PSoC4/cyfitter_cfg.c **** *******************************************************************************/
 226:Generated_Source\PSoC4/cyfitter_cfg.c **** static void AnalogSetDefault(void);
 227:Generated_Source\PSoC4/cyfitter_cfg.c **** static void AnalogSetDefault(void)
 228:Generated_Source\PSoC4/cyfitter_cfg.c **** {
  27              		.loc 1 228 0
  28              		.cfi_startproc
  29              		@ args = 0, pretend = 0, frame = 0
  30              		@ frame_needed = 0, uses_anonymous_args = 0
  31              		@ link register save eliminated.
 229:Generated_Source\PSoC4/cyfitter_cfg.c **** 	CY_SET_XTND_REG32((void CYFAR *)CYREG_CTBM0_DFT_CTRL, 0x00000003u);
  32              		.loc 1 229 0
  33 0000 0323     		movs	r3, #3
  34 0002 044A     		ldr	r2, .L2
  35 0004 1360     		str	r3, [r2]
 230:Generated_Source\PSoC4/cyfitter_cfg.c **** 	CY_SET_XTND_REG32((void CYFAR *)CYREG_CTBM1_DFT_CTRL, 0x00000003u);
  36              		.loc 1 230 0
  37 0006 044A     		ldr	r2, .L2+4
  38 0008 1360     		str	r3, [r2]
 231:Generated_Source\PSoC4/cyfitter_cfg.c **** 	CY_SET_XTND_REG32((void CYFAR *)CYREG_PASS_DSAB_DSAB_CTRL, 0x00000000u);
  39              		.loc 1 231 0
  40 000a 0022     		movs	r2, #0
  41 000c 034B     		ldr	r3, .L2+8
  42 000e 1A60     		str	r2, [r3]
 232:Generated_Source\PSoC4/cyfitter_cfg.c **** }
  43              		.loc 1 232 0
  44              		@ sp needed
  45 0010 7047     		bx	lr
  46              	.L3:
  47 0012 C046     		.align	2
  48              	.L2:
  49 0014 30003040 		.word	1076887600
  50 0018 30003140 		.word	1076953136
  51 001c 000E3F40 		.word	1077874176
  52              		.cfi_endproc
  53              	.LFE5:
ARM GAS  C:\Users\Kyle\AppData\Local\Temp\ccClFmf0.s 			page 6


  54              		.size	AnalogSetDefault, .-AnalogSetDefault
  55              		.section	.text.CYMEMZERO,"ax",%progbits
  56              		.align	2
  57              		.code	16
  58              		.thumb_func
  59              		.type	CYMEMZERO, %function
  60              	CYMEMZERO:
  61              	.LFB1:
  77:Generated_Source\PSoC4/cyfitter_cfg.c **** 	(void)memset(s, 0, n);
  62              		.loc 1 77 0
  63              		.cfi_startproc
  64              		@ args = 0, pretend = 0, frame = 0
  65              		@ frame_needed = 0, uses_anonymous_args = 0
  66              	.LVL0:
  67 0000 10B5     		push	{r4, lr}
  68              		.cfi_def_cfa_offset 8
  69              		.cfi_offset 4, -8
  70              		.cfi_offset 14, -4
  71 0002 0A00     		movs	r2, r1
  78:Generated_Source\PSoC4/cyfitter_cfg.c **** }
  72              		.loc 1 78 0
  73 0004 0021     		movs	r1, #0
  74              	.LVL1:
  75 0006 FFF7FEFF 		bl	memset
  76              	.LVL2:
  79:Generated_Source\PSoC4/cyfitter_cfg.c **** CY_CFG_UNUSED
  77              		.loc 1 79 0
  78              		@ sp needed
  79 000a 10BD     		pop	{r4, pc}
  80              		.cfi_endproc
  81              	.LFE1:
  82              		.size	CYMEMZERO, .-CYMEMZERO
  83              		.section	.psocinit,"ax",%progbits
  84              		.align	2
  85              		.code	16
  86              		.thumb_func
  87              		.type	ClockSetup, %function
  88              	ClockSetup:
  89              	.LFB4:
 174:Generated_Source\PSoC4/cyfitter_cfg.c **** 
  90              		.loc 1 174 0
  91              		.cfi_startproc
  92              		@ args = 0, pretend = 0, frame = 0
  93              		@ frame_needed = 0, uses_anonymous_args = 0
  94 0000 10B5     		push	{r4, lr}
  95              		.cfi_def_cfa_offset 8
  96              		.cfi_offset 4, -8
  97              		.cfi_offset 14, -4
 177:Generated_Source\PSoC4/cyfitter_cfg.c **** 	/* Setup and trim IMO based on desired frequency. */
  98              		.loc 1 177 0
  99 0002 1222     		movs	r2, #18
 100 0004 164B     		ldr	r3, .L6
 101 0006 1A60     		str	r2, [r3]
 179:Generated_Source\PSoC4/cyfitter_cfg.c **** 	/* CYDEV_CLK_ILO_CONFIG Starting address: CYDEV_CLK_ILO_CONFIG */
 102              		.loc 1 179 0
 103 0008 3020     		movs	r0, #48
 104 000a FFF7FEFF 		bl	CySysClkWriteImoFreq
ARM GAS  C:\Users\Kyle\AppData\Local\Temp\ccClFmf0.s 			page 7


 105              	.LVL3:
 181:Generated_Source\PSoC4/cyfitter_cfg.c **** 
 106              		.loc 1 181 0
 107 000e 154A     		ldr	r2, .L6+4
 108 0010 154B     		ldr	r3, .L6+8
 109 0012 1A60     		str	r2, [r3]
 185:Generated_Source\PSoC4/cyfitter_cfg.c **** 	CY_SET_REG32((void *)CYREG_PERI_DIV_CMD, 0x8000FF41u);
 110              		.loc 1 185 0
 111 0014 8822     		movs	r2, #136
 112 0016 9201     		lsls	r2, r2, #6
 113 0018 144B     		ldr	r3, .L6+12
 114 001a 1A60     		str	r2, [r3]
 186:Generated_Source\PSoC4/cyfitter_cfg.c **** 	CY_SET_REG32((void *)CYREG_PERI_DIV_16_CTL0, 0x00001D00u);
 115              		.loc 1 186 0
 116 001c 144B     		ldr	r3, .L6+16
 117 001e 154A     		ldr	r2, .L6+20
 118 0020 1A60     		str	r2, [r3]
 187:Generated_Source\PSoC4/cyfitter_cfg.c **** 	CY_SET_REG32((void *)CYREG_PERI_DIV_CMD, 0x8000FF40u);
 119              		.loc 1 187 0
 120 0022 E821     		movs	r1, #232
 121 0024 4901     		lsls	r1, r1, #5
 122 0026 144A     		ldr	r2, .L6+24
 123 0028 1160     		str	r1, [r2]
 188:Generated_Source\PSoC4/cyfitter_cfg.c **** 
 124              		.loc 1 188 0
 125 002a 144A     		ldr	r2, .L6+28
 126 002c 1A60     		str	r2, [r3]
 191:Generated_Source\PSoC4/cyfitter_cfg.c **** 
 127              		.loc 1 191 0
 128 002e 8022     		movs	r2, #128
 129 0030 1206     		lsls	r2, r2, #24
 130 0032 134B     		ldr	r3, .L6+32
 131 0034 1A60     		str	r2, [r3]
 194:Generated_Source\PSoC4/cyfitter_cfg.c **** 
 132              		.loc 1 194 0
 133 0036 8022     		movs	r2, #128
 134 0038 D202     		lsls	r2, r2, #11
 135 003a 124B     		ldr	r3, .L6+36
 136 003c 1A60     		str	r2, [r3]
 197:Generated_Source\PSoC4/cyfitter_cfg.c **** 
 137              		.loc 1 197 0
 138 003e 4122     		movs	r2, #65
 139 0040 114B     		ldr	r3, .L6+40
 140 0042 1A60     		str	r2, [r3]
 200:Generated_Source\PSoC4/cyfitter_cfg.c **** 
 141              		.loc 1 200 0
 142 0044 013A     		subs	r2, r2, #1
 143 0046 114B     		ldr	r3, .L6+44
 144 0048 1A60     		str	r2, [r3]
 202:Generated_Source\PSoC4/cyfitter_cfg.c **** 	CyIntEnable(7u);
 145              		.loc 1 202 0
 146 004a 1149     		ldr	r1, .L6+48
 147 004c 0720     		movs	r0, #7
 148 004e FFF7FEFF 		bl	CyIntSetVector
 149              	.LVL4:
 203:Generated_Source\PSoC4/cyfitter_cfg.c **** 	CY_SET_REG32((void *)(CYREG_WDT_CONFIG), 0x00000000u);
 150              		.loc 1 203 0
ARM GAS  C:\Users\Kyle\AppData\Local\Temp\ccClFmf0.s 			page 8


 151 0052 0720     		movs	r0, #7
 152 0054 FFF7FEFF 		bl	CyIntEnable
 153              	.LVL5:
 204:Generated_Source\PSoC4/cyfitter_cfg.c **** }
 154              		.loc 1 204 0
 155 0058 0022     		movs	r2, #0
 156 005a 0E4B     		ldr	r3, .L6+52
 157 005c 1A60     		str	r2, [r3]
 205:Generated_Source\PSoC4/cyfitter_cfg.c **** 
 158              		.loc 1 205 0
 159              		@ sp needed
 160 005e 10BD     		pop	{r4, pc}
 161              	.L7:
 162              		.align	2
 163              	.L6:
 164 0060 30001040 		.word	1074790448
 165 0064 06000080 		.word	-2147483642
 166 0068 04010B40 		.word	1074462980
 167 006c 04030140 		.word	1073808132
 168 0070 00000140 		.word	1073807360
 169 0074 41FF0080 		.word	-2147418303
 170 0078 00030140 		.word	1073808128
 171 007c 40FF0080 		.word	-2147418304
 172 0080 08010B40 		.word	1074462984
 173 0084 00010B40 		.word	1074462976
 174 0088 14010140 		.word	1073807636
 175 008c 08010140 		.word	1073807624
 176 0090 00000000 		.word	CySysWdtIsr
 177 0094 0C020B40 		.word	1074463244
 178              		.cfi_endproc
 179              	.LFE4:
 180              		.size	ClockSetup, .-ClockSetup
 181              		.align	2
 182              		.global	cyfitter_cfg
 183              		.code	16
 184              		.thumb_func
 185              		.type	cyfitter_cfg, %function
 186              	cyfitter_cfg:
 187              	.LFB6:
 233:Generated_Source\PSoC4/cyfitter_cfg.c **** 
 234:Generated_Source\PSoC4/cyfitter_cfg.c **** 
 235:Generated_Source\PSoC4/cyfitter_cfg.c **** 
 236:Generated_Source\PSoC4/cyfitter_cfg.c **** 
 237:Generated_Source\PSoC4/cyfitter_cfg.c **** /*******************************************************************************
 238:Generated_Source\PSoC4/cyfitter_cfg.c **** * Function Name: cyfitter_cfg
 239:Generated_Source\PSoC4/cyfitter_cfg.c **** ********************************************************************************
 240:Generated_Source\PSoC4/cyfitter_cfg.c **** * Summary:
 241:Generated_Source\PSoC4/cyfitter_cfg.c **** *  This function is called by the start-up code for the selected device. It
 242:Generated_Source\PSoC4/cyfitter_cfg.c **** *  performs all of the necessary device configuration based on the design
 243:Generated_Source\PSoC4/cyfitter_cfg.c **** *  settings.  This includes settings from the Design Wide Resources (DWR) such
 244:Generated_Source\PSoC4/cyfitter_cfg.c **** *  as Clocks and Pins as well as any component configuration that is necessary.
 245:Generated_Source\PSoC4/cyfitter_cfg.c **** *
 246:Generated_Source\PSoC4/cyfitter_cfg.c **** * Parameters:
 247:Generated_Source\PSoC4/cyfitter_cfg.c **** *   void
 248:Generated_Source\PSoC4/cyfitter_cfg.c **** *
 249:Generated_Source\PSoC4/cyfitter_cfg.c **** * Return:
 250:Generated_Source\PSoC4/cyfitter_cfg.c **** *   void
ARM GAS  C:\Users\Kyle\AppData\Local\Temp\ccClFmf0.s 			page 9


 251:Generated_Source\PSoC4/cyfitter_cfg.c **** *
 252:Generated_Source\PSoC4/cyfitter_cfg.c **** *******************************************************************************/
 253:Generated_Source\PSoC4/cyfitter_cfg.c **** CY_CFG_SECTION
 254:Generated_Source\PSoC4/cyfitter_cfg.c **** void cyfitter_cfg(void)
 255:Generated_Source\PSoC4/cyfitter_cfg.c **** {
 188              		.loc 1 255 0
 189              		.cfi_startproc
 190              		@ args = 0, pretend = 0, frame = 0
 191              		@ frame_needed = 0, uses_anonymous_args = 0
 192 0098 10B5     		push	{r4, lr}
 193              		.cfi_def_cfa_offset 8
 194              		.cfi_offset 4, -8
 195              		.cfi_offset 14, -4
 256:Generated_Source\PSoC4/cyfitter_cfg.c **** 	/* Disable interrupts by default. Let user enable if/when they want. */
 257:Generated_Source\PSoC4/cyfitter_cfg.c **** 	CyGlobalIntDisable;
 196              		.loc 1 257 0
 197              		.syntax divided
 198              	@ 257 "Generated_Source\PSoC4\cyfitter_cfg.c" 1
 199 009a 72B6     		CPSID   i
 200              	@ 0 "" 2
 201              	.LVL6:
 202              		.thumb
 203              		.syntax unified
 204              	.LBB2:
 258:Generated_Source\PSoC4/cyfitter_cfg.c **** 
 259:Generated_Source\PSoC4/cyfitter_cfg.c **** 	{
 260:Generated_Source\PSoC4/cyfitter_cfg.c **** 
 261:Generated_Source\PSoC4/cyfitter_cfg.c **** 		CYPACKED typedef struct {
 262:Generated_Source\PSoC4/cyfitter_cfg.c **** 			void CYFAR *address;
 263:Generated_Source\PSoC4/cyfitter_cfg.c **** 			uint16 size;
 264:Generated_Source\PSoC4/cyfitter_cfg.c **** 		} CYPACKED_ATTR cfg_memset_t;
 265:Generated_Source\PSoC4/cyfitter_cfg.c **** 
 266:Generated_Source\PSoC4/cyfitter_cfg.c **** 		static const cfg_memset_t CYCODE cfg_memset_list[] = {
 267:Generated_Source\PSoC4/cyfitter_cfg.c **** 			/* address, size */
 268:Generated_Source\PSoC4/cyfitter_cfg.c **** 			{(void CYFAR *)(CYDEV_UDB_P0_U0_BASE), 1024u},
 269:Generated_Source\PSoC4/cyfitter_cfg.c **** 			{(void CYFAR *)(CYDEV_UDB_DSI0_BASE), 1024u},
 270:Generated_Source\PSoC4/cyfitter_cfg.c **** 		};
 271:Generated_Source\PSoC4/cyfitter_cfg.c **** 
 272:Generated_Source\PSoC4/cyfitter_cfg.c **** 		uint8 CYDATA i;
 273:Generated_Source\PSoC4/cyfitter_cfg.c **** 
 274:Generated_Source\PSoC4/cyfitter_cfg.c **** 		/* Zero out critical memory blocks before beginning configuration */
 275:Generated_Source\PSoC4/cyfitter_cfg.c **** 		for (i = 0u; i < (sizeof(cfg_memset_list)/sizeof(cfg_memset_list[0])); i++)
 205              		.loc 1 275 0
 206 009c 0024     		movs	r4, #0
 207 009e 0FE0     		b	.L9
 208              	.LVL7:
 209              	.L10:
 210              	.LBB3:
 276:Generated_Source\PSoC4/cyfitter_cfg.c **** 		{
 277:Generated_Source\PSoC4/cyfitter_cfg.c **** 			const cfg_memset_t CYCODE * CYDATA ms = &cfg_memset_list[i];
 278:Generated_Source\PSoC4/cyfitter_cfg.c **** 			CYMEMZERO(ms->address, (size_t)(uint32)(ms->size));
 211              		.loc 1 278 0 discriminator 3
 212 00a0 2348     		ldr	r0, .L11
 213 00a2 6200     		lsls	r2, r4, #1
 214 00a4 1319     		adds	r3, r2, r4
 215 00a6 5900     		lsls	r1, r3, #1
 216 00a8 0B00     		movs	r3, r1
ARM GAS  C:\Users\Kyle\AppData\Local\Temp\ccClFmf0.s 			page 10


 217 00aa 4118     		adds	r1, r0, r1
 218 00ac 8988     		ldrh	r1, [r1, #4]
 219 00ae 1A5A     		ldrh	r2, [r3, r0]
 220 00b0 C318     		adds	r3, r0, r3
 221 00b2 5888     		ldrh	r0, [r3, #2]
 222 00b4 0004     		lsls	r0, r0, #16
 223 00b6 1043     		orrs	r0, r2
 224 00b8 FFF7FEFF 		bl	CYMEMZERO
 225              	.LVL8:
 226              	.LBE3:
 275:Generated_Source\PSoC4/cyfitter_cfg.c **** 		{
 227              		.loc 1 275 0 discriminator 3
 228 00bc 0134     		adds	r4, r4, #1
 229              	.LVL9:
 230 00be E4B2     		uxtb	r4, r4
 231              	.LVL10:
 232              	.L9:
 275:Generated_Source\PSoC4/cyfitter_cfg.c **** 		{
 233              		.loc 1 275 0 is_stmt 0 discriminator 1
 234 00c0 012C     		cmp	r4, #1
 235 00c2 EDD9     		bls	.L10
 279:Generated_Source\PSoC4/cyfitter_cfg.c **** 		}
 280:Generated_Source\PSoC4/cyfitter_cfg.c **** 
 281:Generated_Source\PSoC4/cyfitter_cfg.c **** 		/* HSIOM Starting address: CYDEV_HSIOM_BASE */
 282:Generated_Source\PSoC4/cyfitter_cfg.c **** 		CY_SET_REG32((void *)(CYREG_HSIOM_PORT_SEL3), 0x0000EE00u);
 236              		.loc 1 282 0 is_stmt 1
 237 00c4 EE22     		movs	r2, #238
 238 00c6 1202     		lsls	r2, r2, #8
 239 00c8 1A4B     		ldr	r3, .L11+4
 240 00ca 1A60     		str	r2, [r3]
 283:Generated_Source\PSoC4/cyfitter_cfg.c **** 		CY_SET_REG32((void *)(CYREG_HSIOM_PORT_SEL4), 0x000000EEu);
 241              		.loc 1 283 0
 242 00cc EE22     		movs	r2, #238
 243 00ce 1A4B     		ldr	r3, .L11+8
 244 00d0 1A60     		str	r2, [r3]
 284:Generated_Source\PSoC4/cyfitter_cfg.c **** 		CY_SET_REG32((void *)(CYREG_HSIOM_PORT_SEL7), 0x00000099u);
 245              		.loc 1 284 0
 246 00d2 553A     		subs	r2, r2, #85
 247 00d4 194B     		ldr	r3, .L11+12
 248 00d6 1A60     		str	r2, [r3]
 285:Generated_Source\PSoC4/cyfitter_cfg.c **** 
 286:Generated_Source\PSoC4/cyfitter_cfg.c **** 		/* UDB_PA_0 Starting address: CYDEV_UDB_PA0_BASE */
 287:Generated_Source\PSoC4/cyfitter_cfg.c **** 		CY_SET_REG32((void *)(CYDEV_UDB_PA0_BASE), 0x00990000u);
 249              		.loc 1 287 0
 250 00d8 9923     		movs	r3, #153
 251 00da 1B04     		lsls	r3, r3, #16
 252 00dc 184A     		ldr	r2, .L11+16
 253 00de 1360     		str	r3, [r2]
 288:Generated_Source\PSoC4/cyfitter_cfg.c **** 
 289:Generated_Source\PSoC4/cyfitter_cfg.c **** 		/* UDB_PA_2 Starting address: CYDEV_UDB_PA2_BASE */
 290:Generated_Source\PSoC4/cyfitter_cfg.c **** 		CY_SET_REG32((void *)(CYDEV_UDB_PA2_BASE), 0x00990000u);
 254              		.loc 1 290 0
 255 00e0 184A     		ldr	r2, .L11+20
 256 00e2 1360     		str	r3, [r2]
 291:Generated_Source\PSoC4/cyfitter_cfg.c **** 
 292:Generated_Source\PSoC4/cyfitter_cfg.c **** 		/* UDB_PA_3 Starting address: CYDEV_UDB_PA3_BASE */
 293:Generated_Source\PSoC4/cyfitter_cfg.c **** 		CY_SET_REG32((void *)(CYDEV_UDB_PA3_BASE), 0x00990000u);
ARM GAS  C:\Users\Kyle\AppData\Local\Temp\ccClFmf0.s 			page 11


 257              		.loc 1 293 0
 258 00e4 184A     		ldr	r2, .L11+24
 259 00e6 1360     		str	r3, [r2]
 294:Generated_Source\PSoC4/cyfitter_cfg.c **** 
 295:Generated_Source\PSoC4/cyfitter_cfg.c **** 		/* Enable digital routing */
 296:Generated_Source\PSoC4/cyfitter_cfg.c **** 		CY_SET_XTND_REG8((void *)CYREG_UDB_UDBIF_BANK_CTL, (uint8)(CY_GET_XTND_REG8((void *)CYREG_UDB_UDB
 260              		.loc 1 296 0
 261 00e8 184A     		ldr	r2, .L11+28
 262 00ea 1178     		ldrb	r1, [r2]
 263 00ec 0623     		movs	r3, #6
 264 00ee 0B43     		orrs	r3, r1
 265 00f0 DBB2     		uxtb	r3, r3
 266 00f2 1370     		strb	r3, [r2]
 267              	.LBE2:
 297:Generated_Source\PSoC4/cyfitter_cfg.c **** 	}
 298:Generated_Source\PSoC4/cyfitter_cfg.c **** 
 299:Generated_Source\PSoC4/cyfitter_cfg.c **** 	/* Perform second pass device configuration. These items must be configured in specific order afte
 300:Generated_Source\PSoC4/cyfitter_cfg.c **** 	/* IOPINS0_0 Starting address: CYDEV_GPIO_PRT0_BASE */
 301:Generated_Source\PSoC4/cyfitter_cfg.c **** 	CY_SET_REG32((void *)(CYREG_GPIO_PRT0_PC), 0x00180000u);
 268              		.loc 1 301 0
 269 00f4 C023     		movs	r3, #192
 270 00f6 5B03     		lsls	r3, r3, #13
 271 00f8 154A     		ldr	r2, .L11+32
 272 00fa 1360     		str	r3, [r2]
 302:Generated_Source\PSoC4/cyfitter_cfg.c **** 
 303:Generated_Source\PSoC4/cyfitter_cfg.c **** 	/* IOPINS0_2 Starting address: CYDEV_GPIO_PRT2_BASE */
 304:Generated_Source\PSoC4/cyfitter_cfg.c **** 	CY_SET_REG32((void *)(CYREG_GPIO_PRT2_PC), 0x00180000u);
 273              		.loc 1 304 0
 274 00fc 154A     		ldr	r2, .L11+36
 275 00fe 1360     		str	r3, [r2]
 305:Generated_Source\PSoC4/cyfitter_cfg.c **** 
 306:Generated_Source\PSoC4/cyfitter_cfg.c **** 	/* IOPINS0_3 Starting address: CYDEV_GPIO_PRT3_BASE */
 307:Generated_Source\PSoC4/cyfitter_cfg.c **** 	CY_SET_REG32((void *)(CYREG_GPIO_PRT3_PC), 0x00000D80u);
 276              		.loc 1 307 0
 277 0100 D822     		movs	r2, #216
 278 0102 1201     		lsls	r2, r2, #4
 279 0104 144B     		ldr	r3, .L11+40
 280 0106 1A60     		str	r2, [r3]
 308:Generated_Source\PSoC4/cyfitter_cfg.c **** 
 309:Generated_Source\PSoC4/cyfitter_cfg.c **** 	/* IOPINS0_4 Starting address: CYDEV_GPIO_PRT4_BASE */
 310:Generated_Source\PSoC4/cyfitter_cfg.c **** 	CY_SET_REG32((void *)(CYDEV_GPIO_PRT4_BASE), 0x00000003u);
 281              		.loc 1 310 0
 282 0108 0322     		movs	r2, #3
 283 010a 144B     		ldr	r3, .L11+44
 284 010c 1A60     		str	r2, [r3]
 311:Generated_Source\PSoC4/cyfitter_cfg.c **** 	CY_SET_REG32((void *)(CYREG_GPIO_PRT4_PC), 0x00000024u);
 285              		.loc 1 311 0
 286 010e 2132     		adds	r2, r2, #33
 287 0110 134B     		ldr	r3, .L11+48
 288 0112 1A60     		str	r2, [r3]
 312:Generated_Source\PSoC4/cyfitter_cfg.c **** 
 313:Generated_Source\PSoC4/cyfitter_cfg.c **** 	/* IOPINS0_7 Starting address: CYDEV_GPIO_PRT7_BASE */
 314:Generated_Source\PSoC4/cyfitter_cfg.c **** 	CY_SET_REG32((void *)(CYDEV_GPIO_PRT7_BASE), 0x00000002u);
 289              		.loc 1 314 0
 290 0114 0223     		movs	r3, #2
 291 0116 134A     		ldr	r2, .L11+52
 292 0118 1360     		str	r3, [r2]
ARM GAS  C:\Users\Kyle\AppData\Local\Temp\ccClFmf0.s 			page 12


 315:Generated_Source\PSoC4/cyfitter_cfg.c **** 	CY_SET_REG32((void *)(CYREG_GPIO_PRT7_PC), 0x00000031u);
 293              		.loc 1 315 0
 294 011a 3121     		movs	r1, #49
 295 011c 124A     		ldr	r2, .L11+56
 296 011e 1160     		str	r1, [r2]
 316:Generated_Source\PSoC4/cyfitter_cfg.c **** 	CY_SET_REG32((void *)(CYREG_GPIO_PRT7_PC2), 0x00000002u);
 297              		.loc 1 316 0
 298 0120 124A     		ldr	r2, .L11+60
 299 0122 1360     		str	r3, [r2]
 317:Generated_Source\PSoC4/cyfitter_cfg.c **** 
 318:Generated_Source\PSoC4/cyfitter_cfg.c **** 
 319:Generated_Source\PSoC4/cyfitter_cfg.c **** 	/* Setup clocks based on selections from Clock DWR */
 320:Generated_Source\PSoC4/cyfitter_cfg.c **** 	ClockSetup();
 300              		.loc 1 320 0
 301 0124 FFF76CFF 		bl	ClockSetup
 302              	.LVL11:
 321:Generated_Source\PSoC4/cyfitter_cfg.c **** 
 322:Generated_Source\PSoC4/cyfitter_cfg.c **** 	/* Perform basic analog initialization to defaults */
 323:Generated_Source\PSoC4/cyfitter_cfg.c **** 	AnalogSetDefault();
 303              		.loc 1 323 0
 304 0128 FFF7FEFF 		bl	AnalogSetDefault
 305              	.LVL12:
 324:Generated_Source\PSoC4/cyfitter_cfg.c **** 
 325:Generated_Source\PSoC4/cyfitter_cfg.c **** }
 306              		.loc 1 325 0
 307              		@ sp needed
 308              	.LVL13:
 309 012c 10BD     		pop	{r4, pc}
 310              	.L12:
 311 012e C046     		.align	2
 312              	.L11:
 313 0130 00000000 		.word	.LANCHOR0
 314 0134 00030240 		.word	1073873664
 315 0138 00040240 		.word	1073873920
 316 013c 00070240 		.word	1073874688
 317 0140 00500F40 		.word	1074745344
 318 0144 20500F40 		.word	1074745376
 319 0148 30500F40 		.word	1074745392
 320 014c 00700F40 		.word	1074753536
 321 0150 08000440 		.word	1074003976
 322 0154 08020440 		.word	1074004488
 323 0158 08030440 		.word	1074004744
 324 015c 00040440 		.word	1074004992
 325 0160 08040440 		.word	1074005000
 326 0164 00070440 		.word	1074005760
 327 0168 08070440 		.word	1074005768
 328 016c 18070440 		.word	1074005784
 329              		.cfi_endproc
 330              	.LFE6:
 331              		.size	cyfitter_cfg, .-cyfitter_cfg
 332              		.section	.rodata
 333              		.align	2
 334              		.set	.LANCHOR0,. + 0
 335              		.type	cfg_memset_list.4888, %object
 336              		.size	cfg_memset_list.4888, 12
 337              	cfg_memset_list.4888:
 338 0000 00300F40 		.word	1074737152
ARM GAS  C:\Users\Kyle\AppData\Local\Temp\ccClFmf0.s 			page 13


 339 0004 0004     		.short	1024
 340 0006 00400F40 		.4byte	1074741248
 341 000a 0004     		.short	1024
 342              		.text
 343              	.Letext0:
 344              		.file 2 "c:\\program files (x86)\\cypress\\psoc creator\\4.1\\psoc creator\\import\\gnu\\arm\\5.4.
 345              		.file 3 "Generated_Source\\PSoC4\\cytypes.h"
 346              		.file 4 "Generated_Source\\PSoC4\\CyLib.h"
 347              		.section	.debug_info,"",%progbits
 348              	.Ldebug_info0:
 349 0000 94020000 		.4byte	0x294
 350 0004 0400     		.2byte	0x4
 351 0006 00000000 		.4byte	.Ldebug_abbrev0
 352 000a 04       		.byte	0x4
 353 000b 01       		.uleb128 0x1
 354 000c 49010000 		.4byte	.LASF29
 355 0010 0C       		.byte	0xc
 356 0011 40020000 		.4byte	.LASF30
 357 0015 C3000000 		.4byte	.LASF31
 358 0019 00000000 		.4byte	.Ldebug_ranges0+0
 359 001d 00000000 		.4byte	0
 360 0021 00000000 		.4byte	.Ldebug_line0
 361 0025 02       		.uleb128 0x2
 362 0026 04       		.byte	0x4
 363 0027 05       		.byte	0x5
 364 0028 696E7400 		.ascii	"int\000"
 365 002c 03       		.uleb128 0x3
 366 002d 06000000 		.4byte	.LASF12
 367 0031 02       		.byte	0x2
 368 0032 D8       		.byte	0xd8
 369 0033 37000000 		.4byte	0x37
 370 0037 04       		.uleb128 0x4
 371 0038 04       		.byte	0x4
 372 0039 07       		.byte	0x7
 373 003a 10010000 		.4byte	.LASF0
 374 003e 04       		.uleb128 0x4
 375 003f 08       		.byte	0x8
 376 0040 05       		.byte	0x5
 377 0041 ED010000 		.4byte	.LASF1
 378 0045 04       		.uleb128 0x4
 379 0046 08       		.byte	0x8
 380 0047 04       		.byte	0x4
 381 0048 28020000 		.4byte	.LASF2
 382 004c 04       		.uleb128 0x4
 383 004d 01       		.byte	0x1
 384 004e 06       		.byte	0x6
 385 004f 34020000 		.4byte	.LASF3
 386 0053 04       		.uleb128 0x4
 387 0054 01       		.byte	0x1
 388 0055 08       		.byte	0x8
 389 0056 8D000000 		.4byte	.LASF4
 390 005a 04       		.uleb128 0x4
 391 005b 02       		.byte	0x2
 392 005c 05       		.byte	0x5
 393 005d 00020000 		.4byte	.LASF5
 394 0061 04       		.uleb128 0x4
 395 0062 02       		.byte	0x2
ARM GAS  C:\Users\Kyle\AppData\Local\Temp\ccClFmf0.s 			page 14


 396 0063 07       		.byte	0x7
 397 0064 48000000 		.4byte	.LASF6
 398 0068 04       		.uleb128 0x4
 399 0069 04       		.byte	0x4
 400 006a 05       		.byte	0x5
 401 006b 1F020000 		.4byte	.LASF7
 402 006f 04       		.uleb128 0x4
 403 0070 04       		.byte	0x4
 404 0071 07       		.byte	0x7
 405 0072 6B000000 		.4byte	.LASF8
 406 0076 04       		.uleb128 0x4
 407 0077 08       		.byte	0x8
 408 0078 07       		.byte	0x7
 409 0079 32010000 		.4byte	.LASF9
 410 007d 04       		.uleb128 0x4
 411 007e 04       		.byte	0x4
 412 007f 07       		.byte	0x7
 413 0080 E4010000 		.4byte	.LASF10
 414 0084 05       		.uleb128 0x5
 415 0085 04       		.byte	0x4
 416 0086 04       		.uleb128 0x4
 417 0087 01       		.byte	0x1
 418 0088 08       		.byte	0x8
 419 0089 FB010000 		.4byte	.LASF11
 420 008d 06       		.uleb128 0x6
 421 008e 7D000000 		.4byte	.LASF13
 422 0092 03       		.byte	0x3
 423 0093 D201     		.2byte	0x1d2
 424 0095 53000000 		.4byte	0x53
 425 0099 06       		.uleb128 0x6
 426 009a B5000000 		.4byte	.LASF14
 427 009e 03       		.byte	0x3
 428 009f D301     		.2byte	0x1d3
 429 00a1 61000000 		.4byte	0x61
 430 00a5 06       		.uleb128 0x6
 431 00a6 BC000000 		.4byte	.LASF15
 432 00aa 03       		.byte	0x3
 433 00ab D401     		.2byte	0x1d4
 434 00ad 6F000000 		.4byte	0x6f
 435 00b1 04       		.uleb128 0x4
 436 00b2 04       		.byte	0x4
 437 00b3 04       		.byte	0x4
 438 00b4 5B000000 		.4byte	.LASF16
 439 00b8 04       		.uleb128 0x4
 440 00b9 08       		.byte	0x8
 441 00ba 04       		.byte	0x4
 442 00bb A2000000 		.4byte	.LASF17
 443 00bf 06       		.uleb128 0x6
 444 00c0 66000000 		.4byte	.LASF18
 445 00c4 03       		.byte	0x3
 446 00c5 7C02     		.2byte	0x27c
 447 00c7 CB000000 		.4byte	0xcb
 448 00cb 07       		.uleb128 0x7
 449 00cc 8D000000 		.4byte	0x8d
 450 00d0 06       		.uleb128 0x6
 451 00d1 00000000 		.4byte	.LASF19
 452 00d5 03       		.byte	0x3
ARM GAS  C:\Users\Kyle\AppData\Local\Temp\ccClFmf0.s 			page 15


 453 00d6 7E02     		.2byte	0x27e
 454 00d8 DC000000 		.4byte	0xdc
 455 00dc 07       		.uleb128 0x7
 456 00dd A5000000 		.4byte	0xa5
 457 00e1 08       		.uleb128 0x8
 458 00e2 0D000000 		.4byte	.LASF32
 459 00e6 01       		.byte	0x1
 460 00e7 E3       		.byte	0xe3
 461 00e8 00000000 		.4byte	.LFB5
 462 00ec 20000000 		.4byte	.LFE5-.LFB5
 463 00f0 01       		.uleb128 0x1
 464 00f1 9C       		.byte	0x9c
 465 00f2 09       		.uleb128 0x9
 466 00f3 83000000 		.4byte	.LASF20
 467 00f7 01       		.byte	0x1
 468 00f8 4C       		.byte	0x4c
 469 00f9 00000000 		.4byte	.LFB1
 470 00fd 0C000000 		.4byte	.LFE1-.LFB1
 471 0101 01       		.uleb128 0x1
 472 0102 9C       		.byte	0x9c
 473 0103 3F010000 		.4byte	0x13f
 474 0107 0A       		.uleb128 0xa
 475 0108 7300     		.ascii	"s\000"
 476 010a 01       		.byte	0x1
 477 010b 4C       		.byte	0x4c
 478 010c 84000000 		.4byte	0x84
 479 0110 00000000 		.4byte	.LLST0
 480 0114 0A       		.uleb128 0xa
 481 0115 6E00     		.ascii	"n\000"
 482 0117 01       		.byte	0x1
 483 0118 4C       		.byte	0x4c
 484 0119 2C000000 		.4byte	0x2c
 485 011d 21000000 		.4byte	.LLST1
 486 0121 0B       		.uleb128 0xb
 487 0122 0A000000 		.4byte	.LVL2
 488 0126 6D020000 		.4byte	0x26d
 489 012a 0C       		.uleb128 0xc
 490 012b 01       		.uleb128 0x1
 491 012c 50       		.byte	0x50
 492 012d 03       		.uleb128 0x3
 493 012e F3       		.byte	0xf3
 494 012f 01       		.uleb128 0x1
 495 0130 50       		.byte	0x50
 496 0131 0C       		.uleb128 0xc
 497 0132 01       		.uleb128 0x1
 498 0133 51       		.byte	0x51
 499 0134 01       		.uleb128 0x1
 500 0135 30       		.byte	0x30
 501 0136 0C       		.uleb128 0xc
 502 0137 01       		.uleb128 0x1
 503 0138 52       		.byte	0x52
 504 0139 03       		.uleb128 0x3
 505 013a F3       		.byte	0xf3
 506 013b 01       		.uleb128 0x1
 507 013c 51       		.byte	0x51
 508 013d 00       		.byte	0
 509 013e 00       		.byte	0
ARM GAS  C:\Users\Kyle\AppData\Local\Temp\ccClFmf0.s 			page 16


 510 013f 09       		.uleb128 0x9
 511 0140 3D000000 		.4byte	.LASF21
 512 0144 01       		.byte	0x1
 513 0145 AD       		.byte	0xad
 514 0146 00000000 		.4byte	.LFB4
 515 014a 98000000 		.4byte	.LFE4-.LFB4
 516 014e 01       		.uleb128 0x1
 517 014f 9C       		.byte	0x9c
 518 0150 8B010000 		.4byte	0x18b
 519 0154 0D       		.uleb128 0xd
 520 0155 0E000000 		.4byte	.LVL3
 521 0159 76020000 		.4byte	0x276
 522 015d 68010000 		.4byte	0x168
 523 0161 0C       		.uleb128 0xc
 524 0162 01       		.uleb128 0x1
 525 0163 50       		.byte	0x50
 526 0164 02       		.uleb128 0x2
 527 0165 08       		.byte	0x8
 528 0166 30       		.byte	0x30
 529 0167 00       		.byte	0
 530 0168 0D       		.uleb128 0xd
 531 0169 52000000 		.4byte	.LVL4
 532 016d 81020000 		.4byte	0x281
 533 0171 7B010000 		.4byte	0x17b
 534 0175 0C       		.uleb128 0xc
 535 0176 01       		.uleb128 0x1
 536 0177 50       		.byte	0x50
 537 0178 01       		.uleb128 0x1
 538 0179 37       		.byte	0x37
 539 017a 00       		.byte	0
 540 017b 0B       		.uleb128 0xb
 541 017c 58000000 		.4byte	.LVL5
 542 0180 8C020000 		.4byte	0x28c
 543 0184 0C       		.uleb128 0xc
 544 0185 01       		.uleb128 0x1
 545 0186 50       		.byte	0x50
 546 0187 01       		.uleb128 0x1
 547 0188 37       		.byte	0x37
 548 0189 00       		.byte	0
 549 018a 00       		.byte	0
 550 018b 0E       		.uleb128 0xe
 551 018c 1D010000 		.4byte	.LASF33
 552 0190 01       		.byte	0x1
 553 0191 FE       		.byte	0xfe
 554 0192 98000000 		.4byte	.LFB6
 555 0196 D8000000 		.4byte	.LFE6-.LFB6
 556 019a 01       		.uleb128 0x1
 557 019b 9C       		.byte	0x9c
 558 019c 6D020000 		.4byte	0x26d
 559 01a0 0F       		.uleb128 0xf
 560 01a1 9C000000 		.4byte	.LBB2
 561 01a5 58000000 		.4byte	.LBE2-.LBB2
 562 01a9 5A020000 		.4byte	0x25a
 563 01ad 10       		.uleb128 0x10
 564 01ae 06       		.byte	0x6
 565 01af 01       		.byte	0x1
 566 01b0 0501     		.2byte	0x105
ARM GAS  C:\Users\Kyle\AppData\Local\Temp\ccClFmf0.s 			page 17


 567 01b2 D1010000 		.4byte	0x1d1
 568 01b6 11       		.uleb128 0x11
 569 01b7 2A010000 		.4byte	.LASF22
 570 01bb 01       		.byte	0x1
 571 01bc 0601     		.2byte	0x106
 572 01be 84000000 		.4byte	0x84
 573 01c2 00       		.byte	0
 574 01c3 11       		.uleb128 0x11
 575 01c4 61000000 		.4byte	.LASF23
 576 01c8 01       		.byte	0x1
 577 01c9 0701     		.2byte	0x107
 578 01cb 99000000 		.4byte	0x99
 579 01cf 04       		.byte	0x4
 580 01d0 00       		.byte	0
 581 01d1 06       		.uleb128 0x6
 582 01d2 D7010000 		.4byte	.LASF24
 583 01d6 01       		.byte	0x1
 584 01d7 0801     		.2byte	0x108
 585 01d9 AD010000 		.4byte	0x1ad
 586 01dd 12       		.uleb128 0x12
 587 01de ED010000 		.4byte	0x1ed
 588 01e2 ED010000 		.4byte	0x1ed
 589 01e6 13       		.uleb128 0x13
 590 01e7 7D000000 		.4byte	0x7d
 591 01eb 01       		.byte	0x1
 592 01ec 00       		.byte	0
 593 01ed 14       		.uleb128 0x14
 594 01ee D1010000 		.4byte	0x1d1
 595 01f2 15       		.uleb128 0x15
 596 01f3 2D000000 		.4byte	.LASF25
 597 01f7 01       		.byte	0x1
 598 01f8 0A01     		.2byte	0x10a
 599 01fa 04020000 		.4byte	0x204
 600 01fe 05       		.uleb128 0x5
 601 01ff 03       		.byte	0x3
 602 0200 00000000 		.4byte	cfg_memset_list.4888
 603 0204 14       		.uleb128 0x14
 604 0205 DD010000 		.4byte	0x1dd
 605 0209 16       		.uleb128 0x16
 606 020a 6900     		.ascii	"i\000"
 607 020c 01       		.byte	0x1
 608 020d 1001     		.2byte	0x110
 609 020f 8D000000 		.4byte	0x8d
 610 0213 4D000000 		.4byte	.LLST2
 611 0217 17       		.uleb128 0x17
 612 0218 A0000000 		.4byte	.LBB3
 613 021c 1C000000 		.4byte	.LBE3-.LBB3
 614 0220 16       		.uleb128 0x16
 615 0221 6D7300   		.ascii	"ms\000"
 616 0224 01       		.byte	0x1
 617 0225 1501     		.2byte	0x115
 618 0227 2F020000 		.4byte	0x22f
 619 022b 77000000 		.4byte	.LLST3
 620 022f 18       		.uleb128 0x18
 621 0230 04       		.byte	0x4
 622 0231 ED010000 		.4byte	0x1ed
 623 0235 0B       		.uleb128 0xb
ARM GAS  C:\Users\Kyle\AppData\Local\Temp\ccClFmf0.s 			page 18


 624 0236 BC000000 		.4byte	.LVL8
 625 023a F2000000 		.4byte	0xf2
 626 023e 0C       		.uleb128 0xc
 627 023f 01       		.uleb128 0x1
 628 0240 51       		.byte	0x51
 629 0241 15       		.uleb128 0x15
 630 0242 74       		.byte	0x74
 631 0243 00       		.sleb128 0
 632 0244 31       		.byte	0x31
 633 0245 24       		.byte	0x24
 634 0246 74       		.byte	0x74
 635 0247 00       		.sleb128 0
 636 0248 22       		.byte	0x22
 637 0249 31       		.byte	0x31
 638 024a 24       		.byte	0x24
 639 024b 03       		.byte	0x3
 640 024c 04000000 		.4byte	.LANCHOR0+4
 641 0250 22       		.byte	0x22
 642 0251 94       		.byte	0x94
 643 0252 02       		.byte	0x2
 644 0253 0A       		.byte	0xa
 645 0254 FFFF     		.2byte	0xffff
 646 0256 1A       		.byte	0x1a
 647 0257 00       		.byte	0
 648 0258 00       		.byte	0
 649 0259 00       		.byte	0
 650 025a 19       		.uleb128 0x19
 651 025b 28010000 		.4byte	.LVL11
 652 025f 3F010000 		.4byte	0x13f
 653 0263 19       		.uleb128 0x19
 654 0264 2C010000 		.4byte	.LVL12
 655 0268 E1000000 		.4byte	0xe1
 656 026c 00       		.byte	0
 657 026d 1A       		.uleb128 0x1a
 658 026e 9B000000 		.4byte	.LASF34
 659 0272 9B000000 		.4byte	.LASF34
 660 0276 1B       		.uleb128 0x1b
 661 0277 0A020000 		.4byte	.LASF26
 662 027b 0A020000 		.4byte	.LASF26
 663 027f 04       		.byte	0x4
 664 0280 6C       		.byte	0x6c
 665 0281 1B       		.uleb128 0x1b
 666 0282 1E000000 		.4byte	.LASF27
 667 0286 1E000000 		.4byte	.LASF27
 668 028a 04       		.byte	0x4
 669 028b BD       		.byte	0xbd
 670 028c 1B       		.uleb128 0x1b
 671 028d A9000000 		.4byte	.LASF28
 672 0291 A9000000 		.4byte	.LASF28
 673 0295 04       		.byte	0x4
 674 0296 C3       		.byte	0xc3
 675 0297 00       		.byte	0
 676              		.section	.debug_abbrev,"",%progbits
 677              	.Ldebug_abbrev0:
 678 0000 01       		.uleb128 0x1
 679 0001 11       		.uleb128 0x11
 680 0002 01       		.byte	0x1
ARM GAS  C:\Users\Kyle\AppData\Local\Temp\ccClFmf0.s 			page 19


 681 0003 25       		.uleb128 0x25
 682 0004 0E       		.uleb128 0xe
 683 0005 13       		.uleb128 0x13
 684 0006 0B       		.uleb128 0xb
 685 0007 03       		.uleb128 0x3
 686 0008 0E       		.uleb128 0xe
 687 0009 1B       		.uleb128 0x1b
 688 000a 0E       		.uleb128 0xe
 689 000b 55       		.uleb128 0x55
 690 000c 17       		.uleb128 0x17
 691 000d 11       		.uleb128 0x11
 692 000e 01       		.uleb128 0x1
 693 000f 10       		.uleb128 0x10
 694 0010 17       		.uleb128 0x17
 695 0011 00       		.byte	0
 696 0012 00       		.byte	0
 697 0013 02       		.uleb128 0x2
 698 0014 24       		.uleb128 0x24
 699 0015 00       		.byte	0
 700 0016 0B       		.uleb128 0xb
 701 0017 0B       		.uleb128 0xb
 702 0018 3E       		.uleb128 0x3e
 703 0019 0B       		.uleb128 0xb
 704 001a 03       		.uleb128 0x3
 705 001b 08       		.uleb128 0x8
 706 001c 00       		.byte	0
 707 001d 00       		.byte	0
 708 001e 03       		.uleb128 0x3
 709 001f 16       		.uleb128 0x16
 710 0020 00       		.byte	0
 711 0021 03       		.uleb128 0x3
 712 0022 0E       		.uleb128 0xe
 713 0023 3A       		.uleb128 0x3a
 714 0024 0B       		.uleb128 0xb
 715 0025 3B       		.uleb128 0x3b
 716 0026 0B       		.uleb128 0xb
 717 0027 49       		.uleb128 0x49
 718 0028 13       		.uleb128 0x13
 719 0029 00       		.byte	0
 720 002a 00       		.byte	0
 721 002b 04       		.uleb128 0x4
 722 002c 24       		.uleb128 0x24
 723 002d 00       		.byte	0
 724 002e 0B       		.uleb128 0xb
 725 002f 0B       		.uleb128 0xb
 726 0030 3E       		.uleb128 0x3e
 727 0031 0B       		.uleb128 0xb
 728 0032 03       		.uleb128 0x3
 729 0033 0E       		.uleb128 0xe
 730 0034 00       		.byte	0
 731 0035 00       		.byte	0
 732 0036 05       		.uleb128 0x5
 733 0037 0F       		.uleb128 0xf
 734 0038 00       		.byte	0
 735 0039 0B       		.uleb128 0xb
 736 003a 0B       		.uleb128 0xb
 737 003b 00       		.byte	0
ARM GAS  C:\Users\Kyle\AppData\Local\Temp\ccClFmf0.s 			page 20


 738 003c 00       		.byte	0
 739 003d 06       		.uleb128 0x6
 740 003e 16       		.uleb128 0x16
 741 003f 00       		.byte	0
 742 0040 03       		.uleb128 0x3
 743 0041 0E       		.uleb128 0xe
 744 0042 3A       		.uleb128 0x3a
 745 0043 0B       		.uleb128 0xb
 746 0044 3B       		.uleb128 0x3b
 747 0045 05       		.uleb128 0x5
 748 0046 49       		.uleb128 0x49
 749 0047 13       		.uleb128 0x13
 750 0048 00       		.byte	0
 751 0049 00       		.byte	0
 752 004a 07       		.uleb128 0x7
 753 004b 35       		.uleb128 0x35
 754 004c 00       		.byte	0
 755 004d 49       		.uleb128 0x49
 756 004e 13       		.uleb128 0x13
 757 004f 00       		.byte	0
 758 0050 00       		.byte	0
 759 0051 08       		.uleb128 0x8
 760 0052 2E       		.uleb128 0x2e
 761 0053 00       		.byte	0
 762 0054 03       		.uleb128 0x3
 763 0055 0E       		.uleb128 0xe
 764 0056 3A       		.uleb128 0x3a
 765 0057 0B       		.uleb128 0xb
 766 0058 3B       		.uleb128 0x3b
 767 0059 0B       		.uleb128 0xb
 768 005a 27       		.uleb128 0x27
 769 005b 19       		.uleb128 0x19
 770 005c 11       		.uleb128 0x11
 771 005d 01       		.uleb128 0x1
 772 005e 12       		.uleb128 0x12
 773 005f 06       		.uleb128 0x6
 774 0060 40       		.uleb128 0x40
 775 0061 18       		.uleb128 0x18
 776 0062 9742     		.uleb128 0x2117
 777 0064 19       		.uleb128 0x19
 778 0065 00       		.byte	0
 779 0066 00       		.byte	0
 780 0067 09       		.uleb128 0x9
 781 0068 2E       		.uleb128 0x2e
 782 0069 01       		.byte	0x1
 783 006a 03       		.uleb128 0x3
 784 006b 0E       		.uleb128 0xe
 785 006c 3A       		.uleb128 0x3a
 786 006d 0B       		.uleb128 0xb
 787 006e 3B       		.uleb128 0x3b
 788 006f 0B       		.uleb128 0xb
 789 0070 27       		.uleb128 0x27
 790 0071 19       		.uleb128 0x19
 791 0072 11       		.uleb128 0x11
 792 0073 01       		.uleb128 0x1
 793 0074 12       		.uleb128 0x12
 794 0075 06       		.uleb128 0x6
ARM GAS  C:\Users\Kyle\AppData\Local\Temp\ccClFmf0.s 			page 21


 795 0076 40       		.uleb128 0x40
 796 0077 18       		.uleb128 0x18
 797 0078 9742     		.uleb128 0x2117
 798 007a 19       		.uleb128 0x19
 799 007b 01       		.uleb128 0x1
 800 007c 13       		.uleb128 0x13
 801 007d 00       		.byte	0
 802 007e 00       		.byte	0
 803 007f 0A       		.uleb128 0xa
 804 0080 05       		.uleb128 0x5
 805 0081 00       		.byte	0
 806 0082 03       		.uleb128 0x3
 807 0083 08       		.uleb128 0x8
 808 0084 3A       		.uleb128 0x3a
 809 0085 0B       		.uleb128 0xb
 810 0086 3B       		.uleb128 0x3b
 811 0087 0B       		.uleb128 0xb
 812 0088 49       		.uleb128 0x49
 813 0089 13       		.uleb128 0x13
 814 008a 02       		.uleb128 0x2
 815 008b 17       		.uleb128 0x17
 816 008c 00       		.byte	0
 817 008d 00       		.byte	0
 818 008e 0B       		.uleb128 0xb
 819 008f 898201   		.uleb128 0x4109
 820 0092 01       		.byte	0x1
 821 0093 11       		.uleb128 0x11
 822 0094 01       		.uleb128 0x1
 823 0095 31       		.uleb128 0x31
 824 0096 13       		.uleb128 0x13
 825 0097 00       		.byte	0
 826 0098 00       		.byte	0
 827 0099 0C       		.uleb128 0xc
 828 009a 8A8201   		.uleb128 0x410a
 829 009d 00       		.byte	0
 830 009e 02       		.uleb128 0x2
 831 009f 18       		.uleb128 0x18
 832 00a0 9142     		.uleb128 0x2111
 833 00a2 18       		.uleb128 0x18
 834 00a3 00       		.byte	0
 835 00a4 00       		.byte	0
 836 00a5 0D       		.uleb128 0xd
 837 00a6 898201   		.uleb128 0x4109
 838 00a9 01       		.byte	0x1
 839 00aa 11       		.uleb128 0x11
 840 00ab 01       		.uleb128 0x1
 841 00ac 31       		.uleb128 0x31
 842 00ad 13       		.uleb128 0x13
 843 00ae 01       		.uleb128 0x1
 844 00af 13       		.uleb128 0x13
 845 00b0 00       		.byte	0
 846 00b1 00       		.byte	0
 847 00b2 0E       		.uleb128 0xe
 848 00b3 2E       		.uleb128 0x2e
 849 00b4 01       		.byte	0x1
 850 00b5 3F       		.uleb128 0x3f
 851 00b6 19       		.uleb128 0x19
ARM GAS  C:\Users\Kyle\AppData\Local\Temp\ccClFmf0.s 			page 22


 852 00b7 03       		.uleb128 0x3
 853 00b8 0E       		.uleb128 0xe
 854 00b9 3A       		.uleb128 0x3a
 855 00ba 0B       		.uleb128 0xb
 856 00bb 3B       		.uleb128 0x3b
 857 00bc 0B       		.uleb128 0xb
 858 00bd 27       		.uleb128 0x27
 859 00be 19       		.uleb128 0x19
 860 00bf 11       		.uleb128 0x11
 861 00c0 01       		.uleb128 0x1
 862 00c1 12       		.uleb128 0x12
 863 00c2 06       		.uleb128 0x6
 864 00c3 40       		.uleb128 0x40
 865 00c4 18       		.uleb128 0x18
 866 00c5 9742     		.uleb128 0x2117
 867 00c7 19       		.uleb128 0x19
 868 00c8 01       		.uleb128 0x1
 869 00c9 13       		.uleb128 0x13
 870 00ca 00       		.byte	0
 871 00cb 00       		.byte	0
 872 00cc 0F       		.uleb128 0xf
 873 00cd 0B       		.uleb128 0xb
 874 00ce 01       		.byte	0x1
 875 00cf 11       		.uleb128 0x11
 876 00d0 01       		.uleb128 0x1
 877 00d1 12       		.uleb128 0x12
 878 00d2 06       		.uleb128 0x6
 879 00d3 01       		.uleb128 0x1
 880 00d4 13       		.uleb128 0x13
 881 00d5 00       		.byte	0
 882 00d6 00       		.byte	0
 883 00d7 10       		.uleb128 0x10
 884 00d8 13       		.uleb128 0x13
 885 00d9 01       		.byte	0x1
 886 00da 0B       		.uleb128 0xb
 887 00db 0B       		.uleb128 0xb
 888 00dc 3A       		.uleb128 0x3a
 889 00dd 0B       		.uleb128 0xb
 890 00de 3B       		.uleb128 0x3b
 891 00df 05       		.uleb128 0x5
 892 00e0 01       		.uleb128 0x1
 893 00e1 13       		.uleb128 0x13
 894 00e2 00       		.byte	0
 895 00e3 00       		.byte	0
 896 00e4 11       		.uleb128 0x11
 897 00e5 0D       		.uleb128 0xd
 898 00e6 00       		.byte	0
 899 00e7 03       		.uleb128 0x3
 900 00e8 0E       		.uleb128 0xe
 901 00e9 3A       		.uleb128 0x3a
 902 00ea 0B       		.uleb128 0xb
 903 00eb 3B       		.uleb128 0x3b
 904 00ec 05       		.uleb128 0x5
 905 00ed 49       		.uleb128 0x49
 906 00ee 13       		.uleb128 0x13
 907 00ef 38       		.uleb128 0x38
 908 00f0 0B       		.uleb128 0xb
ARM GAS  C:\Users\Kyle\AppData\Local\Temp\ccClFmf0.s 			page 23


 909 00f1 00       		.byte	0
 910 00f2 00       		.byte	0
 911 00f3 12       		.uleb128 0x12
 912 00f4 01       		.uleb128 0x1
 913 00f5 01       		.byte	0x1
 914 00f6 49       		.uleb128 0x49
 915 00f7 13       		.uleb128 0x13
 916 00f8 01       		.uleb128 0x1
 917 00f9 13       		.uleb128 0x13
 918 00fa 00       		.byte	0
 919 00fb 00       		.byte	0
 920 00fc 13       		.uleb128 0x13
 921 00fd 21       		.uleb128 0x21
 922 00fe 00       		.byte	0
 923 00ff 49       		.uleb128 0x49
 924 0100 13       		.uleb128 0x13
 925 0101 2F       		.uleb128 0x2f
 926 0102 0B       		.uleb128 0xb
 927 0103 00       		.byte	0
 928 0104 00       		.byte	0
 929 0105 14       		.uleb128 0x14
 930 0106 26       		.uleb128 0x26
 931 0107 00       		.byte	0
 932 0108 49       		.uleb128 0x49
 933 0109 13       		.uleb128 0x13
 934 010a 00       		.byte	0
 935 010b 00       		.byte	0
 936 010c 15       		.uleb128 0x15
 937 010d 34       		.uleb128 0x34
 938 010e 00       		.byte	0
 939 010f 03       		.uleb128 0x3
 940 0110 0E       		.uleb128 0xe
 941 0111 3A       		.uleb128 0x3a
 942 0112 0B       		.uleb128 0xb
 943 0113 3B       		.uleb128 0x3b
 944 0114 05       		.uleb128 0x5
 945 0115 49       		.uleb128 0x49
 946 0116 13       		.uleb128 0x13
 947 0117 02       		.uleb128 0x2
 948 0118 18       		.uleb128 0x18
 949 0119 00       		.byte	0
 950 011a 00       		.byte	0
 951 011b 16       		.uleb128 0x16
 952 011c 34       		.uleb128 0x34
 953 011d 00       		.byte	0
 954 011e 03       		.uleb128 0x3
 955 011f 08       		.uleb128 0x8
 956 0120 3A       		.uleb128 0x3a
 957 0121 0B       		.uleb128 0xb
 958 0122 3B       		.uleb128 0x3b
 959 0123 05       		.uleb128 0x5
 960 0124 49       		.uleb128 0x49
 961 0125 13       		.uleb128 0x13
 962 0126 02       		.uleb128 0x2
 963 0127 17       		.uleb128 0x17
 964 0128 00       		.byte	0
 965 0129 00       		.byte	0
ARM GAS  C:\Users\Kyle\AppData\Local\Temp\ccClFmf0.s 			page 24


 966 012a 17       		.uleb128 0x17
 967 012b 0B       		.uleb128 0xb
 968 012c 01       		.byte	0x1
 969 012d 11       		.uleb128 0x11
 970 012e 01       		.uleb128 0x1
 971 012f 12       		.uleb128 0x12
 972 0130 06       		.uleb128 0x6
 973 0131 00       		.byte	0
 974 0132 00       		.byte	0
 975 0133 18       		.uleb128 0x18
 976 0134 0F       		.uleb128 0xf
 977 0135 00       		.byte	0
 978 0136 0B       		.uleb128 0xb
 979 0137 0B       		.uleb128 0xb
 980 0138 49       		.uleb128 0x49
 981 0139 13       		.uleb128 0x13
 982 013a 00       		.byte	0
 983 013b 00       		.byte	0
 984 013c 19       		.uleb128 0x19
 985 013d 898201   		.uleb128 0x4109
 986 0140 00       		.byte	0
 987 0141 11       		.uleb128 0x11
 988 0142 01       		.uleb128 0x1
 989 0143 31       		.uleb128 0x31
 990 0144 13       		.uleb128 0x13
 991 0145 00       		.byte	0
 992 0146 00       		.byte	0
 993 0147 1A       		.uleb128 0x1a
 994 0148 2E       		.uleb128 0x2e
 995 0149 00       		.byte	0
 996 014a 3F       		.uleb128 0x3f
 997 014b 19       		.uleb128 0x19
 998 014c 3C       		.uleb128 0x3c
 999 014d 19       		.uleb128 0x19
 1000 014e 6E       		.uleb128 0x6e
 1001 014f 0E       		.uleb128 0xe
 1002 0150 03       		.uleb128 0x3
 1003 0151 0E       		.uleb128 0xe
 1004 0152 00       		.byte	0
 1005 0153 00       		.byte	0
 1006 0154 1B       		.uleb128 0x1b
 1007 0155 2E       		.uleb128 0x2e
 1008 0156 00       		.byte	0
 1009 0157 3F       		.uleb128 0x3f
 1010 0158 19       		.uleb128 0x19
 1011 0159 3C       		.uleb128 0x3c
 1012 015a 19       		.uleb128 0x19
 1013 015b 6E       		.uleb128 0x6e
 1014 015c 0E       		.uleb128 0xe
 1015 015d 03       		.uleb128 0x3
 1016 015e 0E       		.uleb128 0xe
 1017 015f 3A       		.uleb128 0x3a
 1018 0160 0B       		.uleb128 0xb
 1019 0161 3B       		.uleb128 0x3b
 1020 0162 0B       		.uleb128 0xb
 1021 0163 00       		.byte	0
 1022 0164 00       		.byte	0
ARM GAS  C:\Users\Kyle\AppData\Local\Temp\ccClFmf0.s 			page 25


 1023 0165 00       		.byte	0
 1024              		.section	.debug_loc,"",%progbits
 1025              	.Ldebug_loc0:
 1026              	.LLST0:
 1027 0000 00000000 		.4byte	.LVL0
 1028 0004 09000000 		.4byte	.LVL2-1
 1029 0008 0100     		.2byte	0x1
 1030 000a 50       		.byte	0x50
 1031 000b 09000000 		.4byte	.LVL2-1
 1032 000f 0C000000 		.4byte	.LFE1
 1033 0013 0400     		.2byte	0x4
 1034 0015 F3       		.byte	0xf3
 1035 0016 01       		.uleb128 0x1
 1036 0017 50       		.byte	0x50
 1037 0018 9F       		.byte	0x9f
 1038 0019 00000000 		.4byte	0
 1039 001d 00000000 		.4byte	0
 1040              	.LLST1:
 1041 0021 00000000 		.4byte	.LVL0
 1042 0025 06000000 		.4byte	.LVL1
 1043 0029 0100     		.2byte	0x1
 1044 002b 51       		.byte	0x51
 1045 002c 06000000 		.4byte	.LVL1
 1046 0030 09000000 		.4byte	.LVL2-1
 1047 0034 0100     		.2byte	0x1
 1048 0036 52       		.byte	0x52
 1049 0037 09000000 		.4byte	.LVL2-1
 1050 003b 0C000000 		.4byte	.LFE1
 1051 003f 0400     		.2byte	0x4
 1052 0041 F3       		.byte	0xf3
 1053 0042 01       		.uleb128 0x1
 1054 0043 51       		.byte	0x51
 1055 0044 9F       		.byte	0x9f
 1056 0045 00000000 		.4byte	0
 1057 0049 00000000 		.4byte	0
 1058              	.LLST2:
 1059 004d 9C000000 		.4byte	.LVL6
 1060 0051 A0000000 		.4byte	.LVL7
 1061 0055 0200     		.2byte	0x2
 1062 0057 30       		.byte	0x30
 1063 0058 9F       		.byte	0x9f
 1064 0059 A0000000 		.4byte	.LVL7
 1065 005d BE000000 		.4byte	.LVL9
 1066 0061 0100     		.2byte	0x1
 1067 0063 54       		.byte	0x54
 1068 0064 C0000000 		.4byte	.LVL10
 1069 0068 2C010000 		.4byte	.LVL13
 1070 006c 0100     		.2byte	0x1
 1071 006e 54       		.byte	0x54
 1072 006f 00000000 		.4byte	0
 1073 0073 00000000 		.4byte	0
 1074              	.LLST3:
 1075 0077 A0000000 		.4byte	.LVL7
 1076 007b BE000000 		.4byte	.LVL9
 1077 007f 0B00     		.2byte	0xb
 1078 0081 74       		.byte	0x74
 1079 0082 00       		.sleb128 0
ARM GAS  C:\Users\Kyle\AppData\Local\Temp\ccClFmf0.s 			page 26


 1080 0083 36       		.byte	0x36
 1081 0084 1E       		.byte	0x1e
 1082 0085 03       		.byte	0x3
 1083 0086 00000000 		.4byte	cfg_memset_list.4888
 1084 008a 22       		.byte	0x22
 1085 008b 9F       		.byte	0x9f
 1086 008c BE000000 		.4byte	.LVL9
 1087 0090 C0000000 		.4byte	.LVL10
 1088 0094 0B00     		.2byte	0xb
 1089 0096 74       		.byte	0x74
 1090 0097 7F       		.sleb128 -1
 1091 0098 36       		.byte	0x36
 1092 0099 1E       		.byte	0x1e
 1093 009a 03       		.byte	0x3
 1094 009b 00000000 		.4byte	cfg_memset_list.4888
 1095 009f 22       		.byte	0x22
 1096 00a0 9F       		.byte	0x9f
 1097 00a1 00000000 		.4byte	0
 1098 00a5 00000000 		.4byte	0
 1099              		.section	.debug_aranges,"",%progbits
 1100 0000 34000000 		.4byte	0x34
 1101 0004 0200     		.2byte	0x2
 1102 0006 00000000 		.4byte	.Ldebug_info0
 1103 000a 04       		.byte	0x4
 1104 000b 00       		.byte	0
 1105 000c 0000     		.2byte	0
 1106 000e 0000     		.2byte	0
 1107 0010 00000000 		.4byte	.LFB5
 1108 0014 20000000 		.4byte	.LFE5-.LFB5
 1109 0018 00000000 		.4byte	.LFB1
 1110 001c 0C000000 		.4byte	.LFE1-.LFB1
 1111 0020 00000000 		.4byte	.LFB4
 1112 0024 98000000 		.4byte	.LFE4-.LFB4
 1113 0028 98000000 		.4byte	.LFB6
 1114 002c D8000000 		.4byte	.LFE6-.LFB6
 1115 0030 00000000 		.4byte	0
 1116 0034 00000000 		.4byte	0
 1117              		.section	.debug_ranges,"",%progbits
 1118              	.Ldebug_ranges0:
 1119 0000 00000000 		.4byte	.LFB5
 1120 0004 20000000 		.4byte	.LFE5
 1121 0008 00000000 		.4byte	.LFB1
 1122 000c 0C000000 		.4byte	.LFE1
 1123 0010 00000000 		.4byte	.LFB4
 1124 0014 98000000 		.4byte	.LFE4
 1125 0018 98000000 		.4byte	.LFB6
 1126 001c 70010000 		.4byte	.LFE6
 1127 0020 00000000 		.4byte	0
 1128 0024 00000000 		.4byte	0
 1129              		.section	.debug_line,"",%progbits
 1130              	.Ldebug_line0:
 1131 0000 4C010000 		.section	.debug_str,"MS",%progbits,1
 1131      0200D600 
 1131      00000201 
 1131      FB0E0D00 
 1131      01010101 
 1132              	.LASF19:
ARM GAS  C:\Users\Kyle\AppData\Local\Temp\ccClFmf0.s 			page 27


 1133 0000 72656733 		.ascii	"reg32\000"
 1133      3200
 1134              	.LASF12:
 1135 0006 73697A65 		.ascii	"size_t\000"
 1135      5F7400
 1136              	.LASF32:
 1137 000d 416E616C 		.ascii	"AnalogSetDefault\000"
 1137      6F675365 
 1137      74446566 
 1137      61756C74 
 1137      00
 1138              	.LASF27:
 1139 001e 4379496E 		.ascii	"CyIntSetVector\000"
 1139      74536574 
 1139      56656374 
 1139      6F7200
 1140              	.LASF25:
 1141 002d 6366675F 		.ascii	"cfg_memset_list\000"
 1141      6D656D73 
 1141      65745F6C 
 1141      69737400 
 1142              	.LASF21:
 1143 003d 436C6F63 		.ascii	"ClockSetup\000"
 1143      6B536574 
 1143      757000
 1144              	.LASF6:
 1145 0048 73686F72 		.ascii	"short unsigned int\000"
 1145      7420756E 
 1145      7369676E 
 1145      65642069 
 1145      6E7400
 1146              	.LASF16:
 1147 005b 666C6F61 		.ascii	"float\000"
 1147      7400
 1148              	.LASF23:
 1149 0061 73697A65 		.ascii	"size\000"
 1149      00
 1150              	.LASF18:
 1151 0066 72656738 		.ascii	"reg8\000"
 1151      00
 1152              	.LASF8:
 1153 006b 6C6F6E67 		.ascii	"long unsigned int\000"
 1153      20756E73 
 1153      69676E65 
 1153      6420696E 
 1153      7400
 1154              	.LASF13:
 1155 007d 75696E74 		.ascii	"uint8\000"
 1155      3800
 1156              	.LASF20:
 1157 0083 43594D45 		.ascii	"CYMEMZERO\000"
 1157      4D5A4552 
 1157      4F00
 1158              	.LASF4:
 1159 008d 756E7369 		.ascii	"unsigned char\000"
 1159      676E6564 
 1159      20636861 
ARM GAS  C:\Users\Kyle\AppData\Local\Temp\ccClFmf0.s 			page 28


 1159      7200
 1160              	.LASF34:
 1161 009b 6D656D73 		.ascii	"memset\000"
 1161      657400
 1162              	.LASF17:
 1163 00a2 646F7562 		.ascii	"double\000"
 1163      6C6500
 1164              	.LASF28:
 1165 00a9 4379496E 		.ascii	"CyIntEnable\000"
 1165      74456E61 
 1165      626C6500 
 1166              	.LASF14:
 1167 00b5 75696E74 		.ascii	"uint16\000"
 1167      313600
 1168              	.LASF15:
 1169 00bc 75696E74 		.ascii	"uint32\000"
 1169      333200
 1170              	.LASF31:
 1171 00c3 433A5C55 		.ascii	"C:\\Users\\Kyle\\Documents\\PSoC Creator\\Spectrome"
 1171      73657273 
 1171      5C4B796C 
 1171      655C446F 
 1171      63756D65 
 1172 00f1 74657273 		.ascii	"ters\\AS7262\\AS7262_psoc4.cydsn\000"
 1172      5C415337 
 1172      3236325C 
 1172      41533732 
 1172      36325F70 
 1173              	.LASF0:
 1174 0110 756E7369 		.ascii	"unsigned int\000"
 1174      676E6564 
 1174      20696E74 
 1174      00
 1175              	.LASF33:
 1176 011d 63796669 		.ascii	"cyfitter_cfg\000"
 1176      74746572 
 1176      5F636667 
 1176      00
 1177              	.LASF22:
 1178 012a 61646472 		.ascii	"address\000"
 1178      65737300 
 1179              	.LASF9:
 1180 0132 6C6F6E67 		.ascii	"long long unsigned int\000"
 1180      206C6F6E 
 1180      6720756E 
 1180      7369676E 
 1180      65642069 
 1181              	.LASF29:
 1182 0149 474E5520 		.ascii	"GNU C11 5.4.1 20160609 (release) [ARM/embedded-5-br"
 1182      43313120 
 1182      352E342E 
 1182      31203230 
 1182      31363036 
 1183 017c 616E6368 		.ascii	"anch revision 237715] -mcpu=cortex-m0 -mthumb -g -O"
 1183      20726576 
 1183      6973696F 
 1183      6E203233 
ARM GAS  C:\Users\Kyle\AppData\Local\Temp\ccClFmf0.s 			page 29


 1183      37373135 
 1184 01af 67202D66 		.ascii	"g -ffunction-sections -ffat-lto-objects\000"
 1184      66756E63 
 1184      74696F6E 
 1184      2D736563 
 1184      74696F6E 
 1185              	.LASF24:
 1186 01d7 6366675F 		.ascii	"cfg_memset_t\000"
 1186      6D656D73 
 1186      65745F74 
 1186      00
 1187              	.LASF10:
 1188 01e4 73697A65 		.ascii	"sizetype\000"
 1188      74797065 
 1188      00
 1189              	.LASF1:
 1190 01ed 6C6F6E67 		.ascii	"long long int\000"
 1190      206C6F6E 
 1190      6720696E 
 1190      7400
 1191              	.LASF11:
 1192 01fb 63686172 		.ascii	"char\000"
 1192      00
 1193              	.LASF5:
 1194 0200 73686F72 		.ascii	"short int\000"
 1194      7420696E 
 1194      7400
 1195              	.LASF26:
 1196 020a 43795379 		.ascii	"CySysClkWriteImoFreq\000"
 1196      73436C6B 
 1196      57726974 
 1196      65496D6F 
 1196      46726571 
 1197              	.LASF7:
 1198 021f 6C6F6E67 		.ascii	"long int\000"
 1198      20696E74 
 1198      00
 1199              	.LASF2:
 1200 0228 6C6F6E67 		.ascii	"long double\000"
 1200      20646F75 
 1200      626C6500 
 1201              	.LASF3:
 1202 0234 7369676E 		.ascii	"signed char\000"
 1202      65642063 
 1202      68617200 
 1203              	.LASF30:
 1204 0240 47656E65 		.ascii	"Generated_Source\\PSoC4\\cyfitter_cfg.c\000"
 1204      72617465 
 1204      645F536F 
 1204      75726365 
 1204      5C50536F 
 1205              		.ident	"GCC: (GNU Tools for ARM Embedded Processors) 5.4.1 20160609 (release) [ARM/embedded-5-bran
